../Core/stm32_thread_OS/_comparison_task.c:13:5:_write	24	static
../Core/stm32_thread_OS/_comparison_task.c:21:6:HardFault_Handler	8	static
../Core/stm32_thread_OS/_comparison_task.c:28:6:SVC_Handler	8	static
../Core/stm32_thread_OS/_comparison_task.c:32:6:PendSV_Handler	8	static
../Core/stm32_thread_OS/_comparison_task.c:36:6:SysTick_Handler	8	static
../Core/stm32_thread_OS/_comparison_task.c:42:5:isPrime	24	static
../Core/stm32_thread_OS/_comparison_task.c:57:5:getNPrime	24	static
../Core/stm32_thread_OS/_comparison_task.c:70:5:isPallindrome	32	static
../Core/stm32_thread_OS/_comparison_task.c:84:5:getNPallindrome	24	static
../Core/stm32_thread_OS/_comparison_task.c:114:6:taskPrime	32	static
../Core/stm32_thread_OS/_comparison_task.c:123:6:taskPallindrome	32	static
../Core/stm32_thread_OS/_comparison_task.c:133:6:task1	80	static
../Core/stm32_thread_OS/_comparison_task.c:180:6:run	24	static
