../Drivers/CMSIS/Include/core_cm3.h:1639:22:__NVIC_SetPriority	16	static
../Core/stm32_thread_OS/stm32_thread_OS.c:39:13:idleThread	4	static
../Core/stm32_thread_OS/stm32_thread_OS.c:46:13:addThread	32	static
../Core/stm32_thread_OS/stm32_thread_OS.c:92:12:new	40	static
../Core/stm32_thread_OS/stm32_thread_OS.c:108:13:startScheduler	32	static,ignoring_inline_asm
../Core/stm32_thread_OS/stm32_thread_OS.c:145:13:threadSwitching	40	static
../Core/stm32_thread_OS/stm32_thread_OS.c:175:6:threadSysTickHandler	4	static
../Core/stm32_thread_OS/stm32_thread_OS.c:183:29:threadPendSVHandler	0	static,ignoring_inline_asm
../Core/stm32_thread_OS/stm32_thread_OS.c:215:13:reschedule	4	static,ignoring_inline_asm
../Core/stm32_thread_OS/stm32_thread_OS.c:222:6:threadSVCHandler	4	static
../Core/stm32_thread_OS/stm32_thread_OS.c:233:13:threadDelete	16	static
../Core/stm32_thread_OS/stm32_thread_OS.c:251:13:threadRestart	16	static
../Core/stm32_thread_OS/stm32_thread_OS.c:267:13:threadBlock	16	static
../Core/stm32_thread_OS/stm32_thread_OS.c:282:13:threadUnblock	16	static
../Core/stm32_thread_OS/stm32_thread_OS.c:293:13:threadDelay	16	static
../Core/stm32_thread_OS/stm32_thread_OS.c:304:13:threadPrint	16	static
../Core/stm32_thread_OS/stm32_thread_OS.c:316:13:threadMutexLock	4	static
../Core/stm32_thread_OS/stm32_thread_OS.c:323:13:threadMutexUnlock	4	static
../Core/stm32_thread_OS/stm32_thread_OS.c:332:13:threadTakeBinarySemaphore	16	static
../Core/stm32_thread_OS/stm32_thread_OS.c:346:13:threadGiveBinarySemaphore	16	static
