../Drivers/CMSIS/Include/core_cm3.h:1639:22:__NVIC_SetPriority	16	static
../Core/stm32_thread_OS/stm32_thread_OS.c:43:13:idleThread	4	static
../Core/stm32_thread_OS/stm32_thread_OS.c:50:13:addThread	32	static
../Core/stm32_thread_OS/stm32_thread_OS.c:97:12:new	40	static
../Core/stm32_thread_OS/stm32_thread_OS.c:113:13:startScheduler	32	static,ignoring_inline_asm
../Core/stm32_thread_OS/stm32_thread_OS.c:151:13:threadSwitching	40	static
../Core/stm32_thread_OS/stm32_thread_OS.c:193:6:threadSysTickHandler	4	static
../Core/stm32_thread_OS/stm32_thread_OS.c:201:29:threadPendSVHandler	0	static,ignoring_inline_asm
../Core/stm32_thread_OS/stm32_thread_OS.c:233:13:reschedule	4	static,ignoring_inline_asm
../Core/stm32_thread_OS/stm32_thread_OS.c:240:6:threadSVCHandler	4	static
../Core/stm32_thread_OS/stm32_thread_OS.c:251:13:threadDelete	16	static
../Core/stm32_thread_OS/stm32_thread_OS.c:271:13:threadRestart	16	static
../Core/stm32_thread_OS/stm32_thread_OS.c:288:13:threadBlock	16	static
../Core/stm32_thread_OS/stm32_thread_OS.c:304:13:threadUnblock	16	static
../Core/stm32_thread_OS/stm32_thread_OS.c:315:13:threadDelay	24	static
../Core/stm32_thread_OS/stm32_thread_OS.c:329:13:threadPrint	16	static
../Core/stm32_thread_OS/stm32_thread_OS.c:341:13:threadMutexLock	4	static
../Core/stm32_thread_OS/stm32_thread_OS.c:348:13:threadMutexUnlock	4	static
../Core/stm32_thread_OS/stm32_thread_OS.c:357:13:threadTakeBinarySemaphore	16	static
../Core/stm32_thread_OS/stm32_thread_OS.c:371:13:threadGiveBinarySemaphore	16	static
../Core/stm32_thread_OS/stm32_thread_OS.c:381:14:utilization	32	static
../Core/stm32_thread_OS/stm32_thread_OS.c:398:13:spin	8	static
../Core/stm32_thread_OS/stm32_thread_OS.c:409:13:printStack	80	static,ignoring_inline_asm
