../Drivers/CMSIS/Include/core_cm3.h:1639:22:__NVIC_SetPriority	16	static
../stm32_thread_OS/stm32_thread_OS.c:37:13:idleThread	4	static
../stm32_thread_OS/stm32_thread_OS.c:44:13:addThread	32	static
../stm32_thread_OS/stm32_thread_OS.c:85:12:new	32	static
../stm32_thread_OS/stm32_thread_OS.c:101:13:startScheduler	16	static,ignoring_inline_asm
../stm32_thread_OS/stm32_thread_OS.c:132:13:threadSwitching	16	static
../stm32_thread_OS/stm32_thread_OS.c:167:6:threadSysTickHandler	4	static
../stm32_thread_OS/stm32_thread_OS.c:175:29:threadPendSVHandler	0	static,ignoring_inline_asm
../stm32_thread_OS/stm32_thread_OS.c:207:13:reschedule	4	static,ignoring_inline_asm
../stm32_thread_OS/stm32_thread_OS.c:214:6:threadSVCHandler	4	static
../stm32_thread_OS/stm32_thread_OS.c:224:13:threadDelete	16	static
../stm32_thread_OS/stm32_thread_OS.c:238:13:threadRestart	16	static
../stm32_thread_OS/stm32_thread_OS.c:252:13:threadBlock	16	static
../stm32_thread_OS/stm32_thread_OS.c:266:13:threadUnblock	16	static
../stm32_thread_OS/stm32_thread_OS.c:277:13:threadDelay	16	static
../stm32_thread_OS/stm32_thread_OS.c:288:13:threadPrint	16	static
../stm32_thread_OS/stm32_thread_OS.c:300:13:threadMutexLock	4	static
../stm32_thread_OS/stm32_thread_OS.c:307:13:threadMutexUnlock	4	static
../stm32_thread_OS/stm32_thread_OS.c:316:13:threadTakeBinarySemaphore	16	static
../stm32_thread_OS/stm32_thread_OS.c:330:13:threadGiveBinarySemaphore	16	static
