../stm32_thread_OS/stm32_thread_OS_test.c:15:5:_write	24	static
../stm32_thread_OS/stm32_thread_OS_test.c:24:6:HardFault_Handler	8	static
../stm32_thread_OS/stm32_thread_OS_test.c:31:6:SVC_Handler	8	static
../stm32_thread_OS/stm32_thread_OS_test.c:35:6:PendSV_Handler	8	static
../stm32_thread_OS/stm32_thread_OS_test.c:39:6:SysTick_Handler	8	static
../stm32_thread_OS/stm32_thread_OS_test.c:56:13:task1	8	static
../stm32_thread_OS/stm32_thread_OS_test.c:73:13:task2	8	static
../stm32_thread_OS/stm32_thread_OS_test.c:94:6:run	8	static
