../Core/stm32_thread_OS/stm32_thread_OS_test.c:15:5:_write	24	static
../Core/stm32_thread_OS/stm32_thread_OS_test.c:23:6:HardFault_Handler	8	static
../Core/stm32_thread_OS/stm32_thread_OS_test.c:30:6:SVC_Handler	8	static
../Core/stm32_thread_OS/stm32_thread_OS_test.c:34:6:PendSV_Handler	8	static
../Core/stm32_thread_OS/stm32_thread_OS_test.c:39:6:SysTick_Handler	8	static
../Core/stm32_thread_OS/stm32_thread_OS_test.c:58:13:task1	24	static
../Core/stm32_thread_OS/stm32_thread_OS_test.c:68:13:task2	24	static
../Core/stm32_thread_OS/stm32_thread_OS_test.c:81:13:monitoringTask	24	static
../Core/stm32_thread_OS/stm32_thread_OS_test.c:90:6:run	24	static
