../Drivers/CMSIS/Include/core_cm3.h:1639:22:__NVIC_SetPriority	16	static
../Core/stm32_thread_OS/stm32_thread_OS.c:41:13:idleThread	4	static
../Core/stm32_thread_OS/stm32_thread_OS.c:48:13:addThread	32	static
../Core/stm32_thread_OS/stm32_thread_OS.c:95:12:new	40	static
../Core/stm32_thread_OS/stm32_thread_OS.c:111:13:startScheduler	32	static,ignoring_inline_asm
../Core/stm32_thread_OS/stm32_thread_OS.c:149:13:threadSwitching	40	static
../Core/stm32_thread_OS/stm32_thread_OS.c:189:6:threadSysTickHandler	4	static
../Core/stm32_thread_OS/stm32_thread_OS.c:197:29:threadPendSVHandler	0	static,ignoring_inline_asm
../Core/stm32_thread_OS/stm32_thread_OS.c:229:13:reschedule	4	static,ignoring_inline_asm
../Core/stm32_thread_OS/stm32_thread_OS.c:236:6:threadSVCHandler	4	static
../Core/stm32_thread_OS/stm32_thread_OS.c:247:13:threadDelete	16	static
../Core/stm32_thread_OS/stm32_thread_OS.c:266:13:threadRestart	16	static
../Core/stm32_thread_OS/stm32_thread_OS.c:283:13:threadBlock	16	static
../Core/stm32_thread_OS/stm32_thread_OS.c:299:13:threadUnblock	16	static
../Core/stm32_thread_OS/stm32_thread_OS.c:310:13:threadDelay	16	static
../Core/stm32_thread_OS/stm32_thread_OS.c:321:13:threadPrint	16	static
../Core/stm32_thread_OS/stm32_thread_OS.c:333:13:threadMutexLock	4	static
../Core/stm32_thread_OS/stm32_thread_OS.c:340:13:threadMutexUnlock	4	static
../Core/stm32_thread_OS/stm32_thread_OS.c:349:13:threadTakeBinarySemaphore	16	static
../Core/stm32_thread_OS/stm32_thread_OS.c:363:13:threadGiveBinarySemaphore	16	static
../Core/stm32_thread_OS/stm32_thread_OS.c:373:14:utilization	32	static
../Core/stm32_thread_OS/stm32_thread_OS.c:390:13:spin	8	static
