../user/task.c:59:12:_isPSP	16	static,ignoring_inline_asm
../user/task.c:69:13:_console	24	static
../user/task.c:98:10:_task_getCurrentPSP	4	static
../user/task.c:102:6:_task_saveCurrentPSP	16	static
../user/task.c:106:6:_task_restartCurrentTask	16	static
../user/task.c:122:6:_task_deleteCurrentTask	8	static
../user/task.c:131:6:_task_selectNextTask	16	static
../user/task.c:164:29:_task_switchTask	0	static,ignoring_inline_asm
../user/task.c:197:6:_task_privilegeReschedule	4	static
../user/task.c:202:6:_task_unprivilegeReschedule	4	static,ignoring_inline_asm
../user/task.c:207:6:_task_idle_main	4	static,ignoring_inline_asm
../user/task.c:214:6:task_SysTickHandler	8	static
../user/task.c:224:29:task_PendSVHandler	0	static,ignoring_inline_asm
../user/task.c:248:6:task_init	24	static,ignoring_inline_asm
../user/task.c:281:5:task_add	64	static,ignoring_inline_asm
../user/task.c:366:5:task_restart	32	static
../user/task.c:389:5:task_restartSelf	8	static
../user/task.c:399:5:task_pause	32	static
../user/task.c:425:5:task_pauseSelf	8	static
../user/task.c:436:5:task_resume	32	static
../user/task.c:461:5:task_delete	32	static
../user/task.c:485:5:task_deleteSelf	8	static
../user/task.c:494:5:task_enableHighestPriority	16	static
../user/task.c:510:5:task_disableHighestPriority	16	static
../user/task.c:526:6:task_delay	16	static
../user/task.c:534:6:task_startScheduler	24	static,ignoring_inline_asm
../user/task.c:567:6:task_printf	24	static
../user/task.c:587:29:task_return	0	static,ignoring_inline_asm
../user/task.c:602:15:task_createSemaphore	24	static
../user/task.c:615:6:task_takeSemaphore	24	static
../user/task.c:631:6:task_giveSemaphore	24	static
