../user/task.c:59:12:_isPSP	16	static,ignoring_inline_asm
../user/task.c:69:13:_console	24	static
../user/task.c:95:10:_task_getCurrentPSP	4	static
../user/task.c:99:6:_task_saveCurrentPSP	16	static
../user/task.c:103:6:_task_restartCurrentTask	16	static
../user/task.c:119:6:_task_deleteCurrentTask	8	static
../user/task.c:128:6:_task_selectNextTask	16	static
../user/task.c:161:29:_task_switchTask	0	static,ignoring_inline_asm
../user/task.c:194:6:_task_privilegeReschedule	4	static
../user/task.c:199:6:_task_unprivilegeReschedule	4	static,ignoring_inline_asm
../user/task.c:204:6:_task_idle_main	4	static,ignoring_inline_asm
../user/task.c:211:6:task_SysTickHandler	8	static
../user/task.c:221:29:task_PendSVHandler	0	static,ignoring_inline_asm
../user/task.c:245:6:task_init	24	static,ignoring_inline_asm
../user/task.c:278:5:task_add	64	static,ignoring_inline_asm
../user/task.c:363:5:task_restart	32	static
../user/task.c:386:5:task_restartSelf	8	static
../user/task.c:396:5:task_pause	32	static
../user/task.c:422:5:task_pauseSelf	8	static
../user/task.c:433:5:task_resume	32	static
../user/task.c:458:5:task_delete	32	static
../user/task.c:482:5:task_deleteSelf	8	static
../user/task.c:491:5:task_enableHighestPriority	16	static
../user/task.c:507:5:task_disableHighestPriority	16	static
../user/task.c:523:6:task_delay	16	static
../user/task.c:531:6:task_startScheduler	24	static,ignoring_inline_asm
../user/task.c:564:6:task_printf	16	static
../user/task.c:584:29:task_return	0	static,ignoring_inline_asm
../user/task.c:599:15:task_createSemaphore	24	static
../user/task.c:611:6:task_takeSemaphore	24	static
../user/task.c:627:6:task_giveSemaphore	24	static
