../user/task.c:54:13:console	24	static
../user/task.c:74:10:task_getCurrentPSP	4	static
../user/task.c:78:6:task_saveCurrentPSP	16	static
../user/task.c:83:6:task_selectNextTask	16	static
../user/task.c:114:29:task_switchTask	0	static,ignoring_inline_asm
../user/task.c:148:6:task_reschedule	16	static,ignoring_inline_asm
../user/task.c:157:6:task_idle_main	4	static,ignoring_inline_asm
../user/task.c:164:6:task_SVCHandler	0	static,ignoring_inline_asm
../user/task.c:187:6:task_SVCHandlerMain	24	static
../user/task.c:207:6:task_SysTickHandler	8	static
../user/task.c:219:6:task_PendSVHandler	0	static,ignoring_inline_asm
../user/task.c:239:6:task_init	32	static
../user/task.c:262:5:task_add	56	static
../user/task.c:339:5:task_restart	32	static
../user/task.c:394:5:task_pause	32	static
../user/task.c:423:5:task_selfPause	8	static
../user/task.c:433:5:task_resume	32	static
../user/task.c:458:5:task_delete	32	static
../user/task.c:488:5:task_enableHighestPriority	16	static
../user/task.c:505:5:task_disableHighestPriority	16	static
../user/task.c:522:6:task_delay	16	static
../user/task.c:532:6:task_startScheduler	16	static,ignoring_inline_asm
