../Core/Src/stm32f1xx_it.c:55:6:dumpExceptionRegister	16	static
../Core/Src/stm32f1xx_it.c:80:6:NMI_Handler	4	static
../Core/Src/stm32f1xx_it.c:93:29:HardFault_Handler	0	static,ignoring_inline_asm
../Core/Src/stm32f1xx_it.c:116:6:MemManage_Handler	4	static
../Core/Src/stm32f1xx_it.c:129:6:BusFault_Handler	4	static
../Core/Src/stm32f1xx_it.c:142:6:UsageFault_Handler	4	static
../Core/Src/stm32f1xx_it.c:155:6:SVC_Handler	4	static
../Core/Src/stm32f1xx_it.c:167:6:DebugMon_Handler	4	static
../Core/Src/stm32f1xx_it.c:179:29:PendSV_Handler	0	static,ignoring_inline_asm
../Core/Src/stm32f1xx_it.c:199:6:SysTick_Handler	8	static
