../Core/Src/task_switching_with_SVC_PendSV.c:15:13:addTask	24	static
../Core/Src/task_switching_with_SVC_PendSV.c:39:13:startScheduler	24	static,ignoring_inline_asm
../Core/Src/task_switching_with_SVC_PendSV.c:63:36:taskSwitching	0	static,ignoring_inline_asm
../Core/Src/task_switching_with_SVC_PendSV.c:97:13:task0	8	static,ignoring_inline_asm
../Core/Src/task_switching_with_SVC_PendSV.c:106:13:task1	8	static,ignoring_inline_asm
../Core/Src/task_switching_with_SVC_PendSV.c:124:6:task_switching_with_SVC_PendSV_run	8	static
