12:45:47 **** Incremental Build of configuration Debug for project test ****
make -j4 all 
arm-none-eabi-size   test.elf 
   text	   data	    bss	    dec	    hex	filename
   9312	    124	   3716	  13152	   3360	test.elf
Finished building: default.size.stdout
 
12:46:58 **** Incremental Build of configuration Debug for project test ****
make -j4 all 
arm-none-eabi-size   test.elf 
   text	   data	    bss	    dec	    hex	filename
   9312	    124	   3716	  13152	   3360	test.elf
Finished building: default.size.stdout
 
12:47:35 **** Incremental Build of configuration Debug for project test ****
make -j4 all 
arm-none-eabi-gcc "../Core/Src/user.c" -mcpu=cortex-m3 -std=gnu11 -g3 -DDEBUG -DUSE_HAL_DRIVER -DSTM32F103xB -c -I../Core/Inc -I../Drivers/STM32F1xx_HAL_Driver/Inc/Legacy -I../Drivers/STM32F1xx_HAL_Driver/Inc -I../Drivers/CMSIS/Device/ST/STM32F1xx/Include -I../Drivers/CMSIS/Include -O0 -ffunction-sections -fdata-sections -Wall -fstack-usage -fcyclomatic-complexity -MMD -MP -MF"Core/Src/user.d" -MT"Core/Src/user.o" --specs=nano.specs -mfloat-abi=soft -mthumb -o "Core/Src/user.o"
arm-none-eabi-gcc -o "test.elf" @"objects.list"   -mcpu=cortex-m3 -T"C:\Users\peter\OneDrive\Desktop\Github\stm32_pseudo_parallel\test\STM32F103C8TX_FLASH.ld" --specs=nosys.specs -Wl,-Map="test.map" -Wl,--gc-sections -static --specs=nano.specs -mfloat-abi=soft -mthumb -Wl,--start-group -lc -lm -Wl,--end-group
Finished building target: test.elf
 
arm-none-eabi-size   test.elf 
arm-none-eabi-objdump -h -S  test.elf  > "test.list"
   text	   data	    bss	    dec	    hex	filename
   9328	    124	   3716	  13168	   3370	test.elf
Finished building: default.size.stdout
 
Finished building: test.list
 
12:48:16 **** Incremental Build of configuration Debug for project test ****
make -j4 all 
arm-none-eabi-gcc "../Core/Src/user.c" -mcpu=cortex-m3 -std=gnu11 -g3 -DDEBUG -DUSE_HAL_DRIVER -DSTM32F103xB -c -I../Core/Inc -I../Drivers/STM32F1xx_HAL_Driver/Inc/Legacy -I../Drivers/STM32F1xx_HAL_Driver/Inc -I../Drivers/CMSIS/Device/ST/STM32F1xx/Include -I../Drivers/CMSIS/Include -O0 -ffunction-sections -fdata-sections -Wall -fstack-usage -fcyclomatic-complexity -MMD -MP -MF"Core/Src/user.d" -MT"Core/Src/user.o" --specs=nano.specs -mfloat-abi=soft -mthumb -o "Core/Src/user.o"
arm-none-eabi-gcc -o "test.elf" @"objects.list"   -mcpu=cortex-m3 -T"C:\Users\peter\OneDrive\Desktop\Github\stm32_pseudo_parallel\test\STM32F103C8TX_FLASH.ld" --specs=nosys.specs -Wl,-Map="test.map" -Wl,--gc-sections -static --specs=nano.specs -mfloat-abi=soft -mthumb -Wl,--start-group -lc -lm -Wl,--end-group
Finished building target: test.elf
 
arm-none-eabi-size   test.elf 
arm-none-eabi-objdump -h -S  test.elf  > "test.list"
   text	   data	    bss	    dec	    hex	filename
   9336	    124	   3716	  13176	   3378	test.elf
Finished building: default.size.stdout
 
Finished building: test.list
 
12:48:42 **** Incremental Build of configuration Debug for project test ****
make -j4 all 
arm-none-eabi-gcc "../Core/Src/user.c" -mcpu=cortex-m3 -std=gnu11 -g3 -DDEBUG -DUSE_HAL_DRIVER -DSTM32F103xB -c -I../Core/Inc -I../Drivers/STM32F1xx_HAL_Driver/Inc/Legacy -I../Drivers/STM32F1xx_HAL_Driver/Inc -I../Drivers/CMSIS/Device/ST/STM32F1xx/Include -I../Drivers/CMSIS/Include -O0 -ffunction-sections -fdata-sections -Wall -fstack-usage -fcyclomatic-complexity -MMD -MP -MF"Core/Src/user.d" -MT"Core/Src/user.o" --specs=nano.specs -mfloat-abi=soft -mthumb -o "Core/Src/user.o"
arm-none-eabi-gcc -o "test.elf" @"objects.list"   -mcpu=cortex-m3 -T"C:\Users\peter\OneDrive\Desktop\Github\stm32_pseudo_parallel\test\STM32F103C8TX_FLASH.ld" --specs=nosys.specs -Wl,-Map="test.map" -Wl,--gc-sections -static --specs=nano.specs -mfloat-abi=soft -mthumb -Wl,--start-group -lc -lm -Wl,--end-group
Finished building target: test.elf
 
arm-none-eabi-size   test.elf 
arm-none-eabi-objdump -h -S  test.elf  > "test.list"
   text	   data	    bss	    dec	    hex	filename
   9336	    124	   3716	  13176	   3378	test.elf
Finished building: default.size.stdout
 
Finished building: test.list
 
12:49:24 **** Incremental Build of configuration Debug for project test ****
make -j4 all 
arm-none-eabi-gcc "../Core/Src/user.c" -mcpu=cortex-m3 -std=gnu11 -g3 -DDEBUG -DUSE_HAL_DRIVER -DSTM32F103xB -c -I../Core/Inc -I../Drivers/STM32F1xx_HAL_Driver/Inc/Legacy -I../Drivers/STM32F1xx_HAL_Driver/Inc -I../Drivers/CMSIS/Device/ST/STM32F1xx/Include -I../Drivers/CMSIS/Include -O0 -ffunction-sections -fdata-sections -Wall -fstack-usage -fcyclomatic-complexity -MMD -MP -MF"Core/Src/user.d" -MT"Core/Src/user.o" --specs=nano.specs -mfloat-abi=soft -mthumb -o "Core/Src/user.o"
arm-none-eabi-gcc -o "test.elf" @"objects.list"   -mcpu=cortex-m3 -T"C:\Users\peter\OneDrive\Desktop\Github\stm32_pseudo_parallel\test\STM32F103C8TX_FLASH.ld" --specs=nosys.specs -Wl,-Map="test.map" -Wl,--gc-sections -static --specs=nano.specs -mfloat-abi=soft -mthumb -Wl,--start-group -lc -lm -Wl,--end-group
Finished building target: test.elf
 
arm-none-eabi-size   test.elf 
arm-none-eabi-objdump -h -S  test.elf  > "test.list"
   text	   data	    bss	    dec	    hex	filename
   9336	    124	   3716	  13176	   3378	test.elf
Finished building: default.size.stdout
 
Finished building: test.list
 
12:49:47 **** Incremental Build of configuration Debug for project test ****
make -j4 all 
arm-none-eabi-size   test.elf 
   text	   data	    bss	    dec	    hex	filename
   9336	    124	   3716	  13176	   3378	test.elf
Finished building: default.size.stdout
 
12:50:33 **** Incremental Build of configuration Debug for project test ****
make -j4 all 
arm-none-eabi-size   test.elf 
   text	   data	    bss	    dec	    hex	filename
   9336	    124	   3716	  13176	   3378	test.elf
Finished building: default.size.stdout
 
12:52:10 **** Incremental Build of configuration Debug for project test ****
make -j4 all 
arm-none-eabi-gcc "../Core/Src/user.c" -mcpu=cortex-m3 -std=gnu11 -g3 -DDEBUG -DUSE_HAL_DRIVER -DSTM32F103xB -c -I../Core/Inc -I../Drivers/STM32F1xx_HAL_Driver/Inc/Legacy -I../Drivers/STM32F1xx_HAL_Driver/Inc -I../Drivers/CMSIS/Device/ST/STM32F1xx/Include -I../Drivers/CMSIS/Include -O0 -ffunction-sections -fdata-sections -Wall -fstack-usage -fcyclomatic-complexity -MMD -MP -MF"Core/Src/user.d" -MT"Core/Src/user.o" --specs=nano.specs -mfloat-abi=soft -mthumb -o "Core/Src/user.o"
../Core/Src/user.c: In function 'task0':
../Core/Src/user.c:144:7: warning: unused variable 'y' [-Wunused-variable]
  144 |   int y = 10;
      |       ^
../Core/Src/user.c: In function 'task1':
../Core/Src/user.c:150:7: warning: unused variable 'x' [-Wunused-variable]
  150 |   int x = 10;
      |       ^
arm-none-eabi-gcc -o "test.elf" @"objects.list"   -mcpu=cortex-m3 -T"C:\Users\peter\OneDrive\Desktop\Github\stm32_pseudo_parallel\test\STM32F103C8TX_FLASH.ld" --specs=nosys.specs -Wl,-Map="test.map" -Wl,--gc-sections -static --specs=nano.specs -mfloat-abi=soft -mthumb -Wl,--start-group -lc -lm -Wl,--end-group
Finished building target: test.elf
 
arm-none-eabi-size   test.elf 
arm-none-eabi-objdump -h -S  test.elf  > "test.list"
   text	   data	    bss	    dec	    hex	filename
   9296	    124	   3716	  13136	   3350	test.elf
Finished building: default.size.stdout
 
Finished building: test.list
 
12:53:00 **** Incremental Build of configuration Debug for project test ****
make -j4 all 
arm-none-eabi-size   test.elf 
   text	   data	    bss	    dec	    hex	filename
   9296	    124	   3716	  13136	   3350	test.elf
Finished building: default.size.stdout
 
12:53:56 **** Incremental Build of configuration Debug for project test ****
make -j4 all 
arm-none-eabi-gcc "../Core/Src/user.c" -mcpu=cortex-m3 -std=gnu11 -g3 -DDEBUG -DUSE_HAL_DRIVER -DSTM32F103xB -c -I../Core/Inc -I../Drivers/STM32F1xx_HAL_Driver/Inc/Legacy -I../Drivers/STM32F1xx_HAL_Driver/Inc -I../Drivers/CMSIS/Device/ST/STM32F1xx/Include -I../Drivers/CMSIS/Include -O0 -ffunction-sections -fdata-sections -Wall -fstack-usage -fcyclomatic-complexity -MMD -MP -MF"Core/Src/user.d" -MT"Core/Src/user.o" --specs=nano.specs -mfloat-abi=soft -mthumb -o "Core/Src/user.o"
../Core/Src/user.c: In function 'task0':
../Core/Src/user.c:144:7: warning: unused variable 'y' [-Wunused-variable]
  144 |   int y = 10;
      |       ^
../Core/Src/user.c: In function 'task1':
../Core/Src/user.c:150:7: warning: unused variable 'x' [-Wunused-variable]
  150 |   int x = 10;
      |       ^
arm-none-eabi-gcc -o "test.elf" @"objects.list"   -mcpu=cortex-m3 -T"C:\Users\peter\OneDrive\Desktop\Github\stm32_pseudo_parallel\test\STM32F103C8TX_FLASH.ld" --specs=nosys.specs -Wl,-Map="test.map" -Wl,--gc-sections -static --specs=nano.specs -mfloat-abi=soft -mthumb -Wl,--start-group -lc -lm -Wl,--end-group
Finished building target: test.elf
 
arm-none-eabi-size   test.elf 
arm-none-eabi-objdump -h -S  test.elf  > "test.list"
   text	   data	    bss	    dec	    hex	filename
   9296	    124	   3716	  13136	   3350	test.elf
Finished building: default.size.stdout
 
Finished building: test.list
 
13:08:05 **** Incremental Build of configuration Debug for project test ****
make -j4 all 
arm-none-eabi-size   test.elf 
   text	   data	    bss	    dec	    hex	filename
   9296	    124	   3716	  13136	   3350	test.elf
Finished building: default.size.stdout
 
13:09:57 **** Incremental Build of configuration Debug for project test ****
make -j4 all 
arm-none-eabi-gcc "../Core/Src/user.c" -mcpu=cortex-m3 -std=gnu11 -g3 -DDEBUG -DUSE_HAL_DRIVER -DSTM32F103xB -c -I../Core/Inc -I../Drivers/STM32F1xx_HAL_Driver/Inc/Legacy -I../Drivers/STM32F1xx_HAL_Driver/Inc -I../Drivers/CMSIS/Device/ST/STM32F1xx/Include -I../Drivers/CMSIS/Include -O0 -ffunction-sections -fdata-sections -Wall -fstack-usage -fcyclomatic-complexity -MMD -MP -MF"Core/Src/user.d" -MT"Core/Src/user.o" --specs=nano.specs -mfloat-abi=soft -mthumb -o "Core/Src/user.o"
../Core/Src/user.c: In function 'task0':
../Core/Src/user.c:144:7: warning: unused variable 'y' [-Wunused-variable]
  144 |   int y = 10;
      |       ^
../Core/Src/user.c: In function 'task1':
../Core/Src/user.c:151:7: warning: unused variable 'x' [-Wunused-variable]
  151 |   int x = 10;
      |       ^
arm-none-eabi-gcc -o "test.elf" @"objects.list"   -mcpu=cortex-m3 -T"C:\Users\peter\OneDrive\Desktop\Github\stm32_pseudo_parallel\test\STM32F103C8TX_FLASH.ld" --specs=nosys.specs -Wl,-Map="test.map" -Wl,--gc-sections -static --specs=nano.specs -mfloat-abi=soft -mthumb -Wl,--start-group -lc -lm -Wl,--end-group
Finished building target: test.elf
 
arm-none-eabi-size   test.elf 
arm-none-eabi-objdump -h -S  test.elf  > "test.list"
   text	   data	    bss	    dec	    hex	filename
   9308	    124	   3716	  13148	   335c	test.elf
Finished building: default.size.stdout
 
Finished building: test.list
 
09:57:29 **** Incremental Build of configuration Debug for project test ****
make -j4 all 
arm-none-eabi-gcc "../Core/Src/main.c" -mcpu=cortex-m3 -std=gnu11 -g3 -DDEBUG -DUSE_HAL_DRIVER -DSTM32F103xB -c -I../Core/Inc -I../Drivers/STM32F1xx_HAL_Driver/Inc/Legacy -I../Drivers/STM32F1xx_HAL_Driver/Inc -I../Drivers/CMSIS/Device/ST/STM32F1xx/Include -I../Drivers/CMSIS/Include -O0 -ffunction-sections -fdata-sections -Wall -fstack-usage -fcyclomatic-complexity -MMD -MP -MF"Core/Src/main.d" -MT"Core/Src/main.o" --specs=nano.specs -mfloat-abi=soft -mthumb -o "Core/Src/main.o"
arm-none-eabi-gcc "../Core/Src/stm32f1xx_hal_msp.c" -mcpu=cortex-m3 -std=gnu11 -g3 -DDEBUG -DUSE_HAL_DRIVER -DSTM32F103xB -c -I../Core/Inc -I../Drivers/STM32F1xx_HAL_Driver/Inc/Legacy -I../Drivers/STM32F1xx_HAL_Driver/Inc -I../Drivers/CMSIS/Device/ST/STM32F1xx/Include -I../Drivers/CMSIS/Include -O0 -ffunction-sections -fdata-sections -Wall -fstack-usage -fcyclomatic-complexity -MMD -MP -MF"Core/Src/stm32f1xx_hal_msp.d" -MT"Core/Src/stm32f1xx_hal_msp.o" --specs=nano.specs -mfloat-abi=soft -mthumb -o "Core/Src/stm32f1xx_hal_msp.o"
arm-none-eabi-gcc "../Core/Src/stm32f1xx_it.c" -mcpu=cortex-m3 -std=gnu11 -g3 -DDEBUG -DUSE_HAL_DRIVER -DSTM32F103xB -c -I../Core/Inc -I../Drivers/STM32F1xx_HAL_Driver/Inc/Legacy -I../Drivers/STM32F1xx_HAL_Driver/Inc -I../Drivers/CMSIS/Device/ST/STM32F1xx/Include -I../Drivers/CMSIS/Include -O0 -ffunction-sections -fdata-sections -Wall -fstack-usage -fcyclomatic-complexity -MMD -MP -MF"Core/Src/stm32f1xx_it.d" -MT"Core/Src/stm32f1xx_it.o" --specs=nano.specs -mfloat-abi=soft -mthumb -o "Core/Src/stm32f1xx_it.o"
arm-none-eabi-gcc "../Core/Src/syscalls.c" -mcpu=cortex-m3 -std=gnu11 -g3 -DDEBUG -DUSE_HAL_DRIVER -DSTM32F103xB -c -I../Core/Inc -I../Drivers/STM32F1xx_HAL_Driver/Inc/Legacy -I../Drivers/STM32F1xx_HAL_Driver/Inc -I../Drivers/CMSIS/Device/ST/STM32F1xx/Include -I../Drivers/CMSIS/Include -O0 -ffunction-sections -fdata-sections -Wall -fstack-usage -fcyclomatic-complexity -MMD -MP -MF"Core/Src/syscalls.d" -MT"Core/Src/syscalls.o" --specs=nano.specs -mfloat-abi=soft -mthumb -o "Core/Src/syscalls.o"
arm-none-eabi-gcc "../Core/Src/sysmem.c" -mcpu=cortex-m3 -std=gnu11 -g3 -DDEBUG -DUSE_HAL_DRIVER -DSTM32F103xB -c -I../Core/Inc -I../Drivers/STM32F1xx_HAL_Driver/Inc/Legacy -I../Drivers/STM32F1xx_HAL_Driver/Inc -I../Drivers/CMSIS/Device/ST/STM32F1xx/Include -I../Drivers/CMSIS/Include -O0 -ffunction-sections -fdata-sections -Wall -fstack-usage -fcyclomatic-complexity -MMD -MP -MF"Core/Src/sysmem.d" -MT"Core/Src/sysmem.o" --specs=nano.specs -mfloat-abi=soft -mthumb -o "Core/Src/sysmem.o"
arm-none-eabi-gcc "../Core/Src/system_stm32f1xx.c" -mcpu=cortex-m3 -std=gnu11 -g3 -DDEBUG -DUSE_HAL_DRIVER -DSTM32F103xB -c -I../Core/Inc -I../Drivers/STM32F1xx_HAL_Driver/Inc/Legacy -I../Drivers/STM32F1xx_HAL_Driver/Inc -I../Drivers/CMSIS/Device/ST/STM32F1xx/Include -I../Drivers/CMSIS/Include -O0 -ffunction-sections -fdata-sections -Wall -fstack-usage -fcyclomatic-complexity -MMD -MP -MF"Core/Src/system_stm32f1xx.d" -MT"Core/Src/system_stm32f1xx.o" --specs=nano.specs -mfloat-abi=soft -mthumb -o "Core/Src/system_stm32f1xx.o"
arm-none-eabi-gcc "../Core/Src/task_switching_with_SVC.c" -mcpu=cortex-m3 -std=gnu11 -g3 -DDEBUG -DUSE_HAL_DRIVER -DSTM32F103xB -c -I../Core/Inc -I../Drivers/STM32F1xx_HAL_Driver/Inc/Legacy -I../Drivers/STM32F1xx_HAL_Driver/Inc -I../Drivers/CMSIS/Device/ST/STM32F1xx/Include -I../Drivers/CMSIS/Include -O0 -ffunction-sections -fdata-sections -Wall -fstack-usage -fcyclomatic-complexity -MMD -MP -MF"Core/Src/task_switching_with_SVC.d" -MT"Core/Src/task_switching_with_SVC.o" --specs=nano.specs -mfloat-abi=soft -mthumb -o "Core/Src/task_switching_with_SVC.o"
arm-none-eabi-gcc "../Core/Src/user.c" -mcpu=cortex-m3 -std=gnu11 -g3 -DDEBUG -DUSE_HAL_DRIVER -DSTM32F103xB -c -I../Core/Inc -I../Drivers/STM32F1xx_HAL_Driver/Inc/Legacy -I../Drivers/STM32F1xx_HAL_Driver/Inc -I../Drivers/CMSIS/Device/ST/STM32F1xx/Include -I../Drivers/CMSIS/Include -O0 -ffunction-sections -fdata-sections -Wall -fstack-usage -fcyclomatic-complexity -MMD -MP -MF"Core/Src/user.d" -MT"Core/Src/user.o" --specs=nano.specs -mfloat-abi=soft -mthumb -o "Core/Src/user.o"
../Core/Src/user.c: In function 'run':
../Core/Src/user.c:33:2: warning: implicit declaration of function 'addTask' [-Wimplicit-function-declaration]
   33 |  addTask(0, task0);
      |  ^~~~~~~
../Core/Src/user.c:33:13: error: 'task0' undeclared (first use in this function)
   33 |  addTask(0, task0);
      |             ^~~~~
../Core/Src/user.c:33:13: note: each undeclared identifier is reported only once for each function it appears in
../Core/Src/user.c:34:13: error: 'task1' undeclared (first use in this function)
   34 |  addTask(1, task1);
      |             ^~~~~
make: *** [Core/Src/subdir.mk:40: Core/Src/user.o] Error 1
make: *** Waiting for unfinished jobs....
"make -j4 all" terminated with exit code 2. Build might be incomplete.
09:57:36 **** Incremental Build of configuration Debug for project test ****
make -j4 all 
arm-none-eabi-gcc "../Core/Src/user.c" -mcpu=cortex-m3 -std=gnu11 -g3 -DDEBUG -DUSE_HAL_DRIVER -DSTM32F103xB -c -I../Core/Inc -I../Drivers/STM32F1xx_HAL_Driver/Inc/Legacy -I../Drivers/STM32F1xx_HAL_Driver/Inc -I../Drivers/CMSIS/Device/ST/STM32F1xx/Include -I../Drivers/CMSIS/Include -O0 -ffunction-sections -fdata-sections -Wall -fstack-usage -fcyclomatic-complexity -MMD -MP -MF"Core/Src/user.d" -MT"Core/Src/user.o" --specs=nano.specs -mfloat-abi=soft -mthumb -o "Core/Src/user.o"
arm-none-eabi-gcc -o "test.elf" @"objects.list"   -mcpu=cortex-m3 -T"C:\Users\peter\OneDrive\Desktop\Github\stm32_pseudo_parallel\test\STM32F103C8TX_FLASH.ld" --specs=nosys.specs -Wl,-Map="test.map" -Wl,--gc-sections -static --specs=nano.specs -mfloat-abi=soft -mthumb -Wl,--start-group -lc -lm -Wl,--end-group
Finished building target: test.elf
 
arm-none-eabi-size   test.elf 
arm-none-eabi-objdump -h -S  test.elf  > "test.list"
   text	   data	    bss	    dec	    hex	filename
   8636	    120	   1664	  10420	   28b4	test.elf
Finished building: default.size.stdout
 
Finished building: test.list
 
09:58:06 **** Incremental Build of configuration Debug for project test ****
make -j4 all 
arm-none-eabi-gcc "../Core/Src/user.c" -mcpu=cortex-m3 -std=gnu11 -g3 -DDEBUG -DUSE_HAL_DRIVER -DSTM32F103xB -c -I../Core/Inc -I../Drivers/STM32F1xx_HAL_Driver/Inc/Legacy -I../Drivers/STM32F1xx_HAL_Driver/Inc -I../Drivers/CMSIS/Device/ST/STM32F1xx/Include -I../Drivers/CMSIS/Include -O0 -ffunction-sections -fdata-sections -Wall -fstack-usage -fcyclomatic-complexity -MMD -MP -MF"Core/Src/user.d" -MT"Core/Src/user.o" --specs=nano.specs -mfloat-abi=soft -mthumb -o "Core/Src/user.o"
arm-none-eabi-gcc -o "test.elf" @"objects.list"   -mcpu=cortex-m3 -T"C:\Users\peter\OneDrive\Desktop\Github\stm32_pseudo_parallel\test\STM32F103C8TX_FLASH.ld" --specs=nosys.specs -Wl,-Map="test.map" -Wl,--gc-sections -static --specs=nano.specs -mfloat-abi=soft -mthumb -Wl,--start-group -lc -lm -Wl,--end-group
Finished building target: test.elf
 
arm-none-eabi-size   test.elf 
arm-none-eabi-objdump -h -S  test.elf  > "test.list"
   text	   data	    bss	    dec	    hex	filename
   8644	    120	   1664	  10428	   28bc	test.elf
Finished building: default.size.stdout
 
Finished building: test.list
 
09:58:58 **** Incremental Build of configuration Debug for project test ****
make -j4 all 
arm-none-eabi-gcc "../Core/Src/user.c" -mcpu=cortex-m3 -std=gnu11 -g3 -DDEBUG -DUSE_HAL_DRIVER -DSTM32F103xB -c -I../Core/Inc -I../Drivers/STM32F1xx_HAL_Driver/Inc/Legacy -I../Drivers/STM32F1xx_HAL_Driver/Inc -I../Drivers/CMSIS/Device/ST/STM32F1xx/Include -I../Drivers/CMSIS/Include -O0 -ffunction-sections -fdata-sections -Wall -fstack-usage -fcyclomatic-complexity -MMD -MP -MF"Core/Src/user.d" -MT"Core/Src/user.o" --specs=nano.specs -mfloat-abi=soft -mthumb -o "Core/Src/user.o"
arm-none-eabi-gcc -o "test.elf" @"objects.list"   -mcpu=cortex-m3 -T"C:\Users\peter\OneDrive\Desktop\Github\stm32_pseudo_parallel\test\STM32F103C8TX_FLASH.ld" --specs=nosys.specs -Wl,-Map="test.map" -Wl,--gc-sections -static --specs=nano.specs -mfloat-abi=soft -mthumb -Wl,--start-group -lc -lm -Wl,--end-group
Finished building target: test.elf
 
arm-none-eabi-size   test.elf 
arm-none-eabi-objdump -h -S  test.elf  > "test.list"
   text	   data	    bss	    dec	    hex	filename
   8644	    120	   1664	  10428	   28bc	test.elf
Finished building: default.size.stdout
 
Finished building: test.list
 
09:59:05 **** Incremental Build of configuration Debug for project test ****
make -j4 all 
arm-none-eabi-size   test.elf 
   text	   data	    bss	    dec	    hex	filename
   8644	    120	   1664	  10428	   28bc	test.elf
Finished building: default.size.stdout
 
10:03:02 **** Incremental Build of configuration Debug for project test ****
make -j4 all 
arm-none-eabi-gcc "../Core/Src/function_call_in_process_stack.c" -mcpu=cortex-m3 -std=gnu11 -g3 -DDEBUG -DUSE_HAL_DRIVER -DSTM32F103xB -c -I../Core/Inc -I../Drivers/STM32F1xx_HAL_Driver/Inc/Legacy -I../Drivers/STM32F1xx_HAL_Driver/Inc -I../Drivers/CMSIS/Device/ST/STM32F1xx/Include -I../Drivers/CMSIS/Include -O0 -ffunction-sections -fdata-sections -Wall -fstack-usage -fcyclomatic-complexity -MMD -MP -MF"Core/Src/function_call_in_process_stack.d" -MT"Core/Src/function_call_in_process_stack.o" --specs=nano.specs -mfloat-abi=soft -mthumb -o "Core/Src/function_call_in_process_stack.o"
arm-none-eabi-gcc "../Core/Src/main.c" -mcpu=cortex-m3 -std=gnu11 -g3 -DDEBUG -DUSE_HAL_DRIVER -DSTM32F103xB -c -I../Core/Inc -I../Drivers/STM32F1xx_HAL_Driver/Inc/Legacy -I../Drivers/STM32F1xx_HAL_Driver/Inc -I../Drivers/CMSIS/Device/ST/STM32F1xx/Include -I../Drivers/CMSIS/Include -O0 -ffunction-sections -fdata-sections -Wall -fstack-usage -fcyclomatic-complexity -MMD -MP -MF"Core/Src/main.d" -MT"Core/Src/main.o" --specs=nano.specs -mfloat-abi=soft -mthumb -o "Core/Src/main.o"
arm-none-eabi-gcc "../Core/Src/stm32f1xx_hal_msp.c" -mcpu=cortex-m3 -std=gnu11 -g3 -DDEBUG -DUSE_HAL_DRIVER -DSTM32F103xB -c -I../Core/Inc -I../Drivers/STM32F1xx_HAL_Driver/Inc/Legacy -I../Drivers/STM32F1xx_HAL_Driver/Inc -I../Drivers/CMSIS/Device/ST/STM32F1xx/Include -I../Drivers/CMSIS/Include -O0 -ffunction-sections -fdata-sections -Wall -fstack-usage -fcyclomatic-complexity -MMD -MP -MF"Core/Src/stm32f1xx_hal_msp.d" -MT"Core/Src/stm32f1xx_hal_msp.o" --specs=nano.specs -mfloat-abi=soft -mthumb -o "Core/Src/stm32f1xx_hal_msp.o"
arm-none-eabi-gcc "../Core/Src/stm32f1xx_it.c" -mcpu=cortex-m3 -std=gnu11 -g3 -DDEBUG -DUSE_HAL_DRIVER -DSTM32F103xB -c -I../Core/Inc -I../Drivers/STM32F1xx_HAL_Driver/Inc/Legacy -I../Drivers/STM32F1xx_HAL_Driver/Inc -I../Drivers/CMSIS/Device/ST/STM32F1xx/Include -I../Drivers/CMSIS/Include -O0 -ffunction-sections -fdata-sections -Wall -fstack-usage -fcyclomatic-complexity -MMD -MP -MF"Core/Src/stm32f1xx_it.d" -MT"Core/Src/stm32f1xx_it.o" --specs=nano.specs -mfloat-abi=soft -mthumb -o "Core/Src/stm32f1xx_it.o"
arm-none-eabi-gcc "../Core/Src/syscalls.c" -mcpu=cortex-m3 -std=gnu11 -g3 -DDEBUG -DUSE_HAL_DRIVER -DSTM32F103xB -c -I../Core/Inc -I../Drivers/STM32F1xx_HAL_Driver/Inc/Legacy -I../Drivers/STM32F1xx_HAL_Driver/Inc -I../Drivers/CMSIS/Device/ST/STM32F1xx/Include -I../Drivers/CMSIS/Include -O0 -ffunction-sections -fdata-sections -Wall -fstack-usage -fcyclomatic-complexity -MMD -MP -MF"Core/Src/syscalls.d" -MT"Core/Src/syscalls.o" --specs=nano.specs -mfloat-abi=soft -mthumb -o "Core/Src/syscalls.o"
arm-none-eabi-gcc "../Core/Src/sysmem.c" -mcpu=cortex-m3 -std=gnu11 -g3 -DDEBUG -DUSE_HAL_DRIVER -DSTM32F103xB -c -I../Core/Inc -I../Drivers/STM32F1xx_HAL_Driver/Inc/Legacy -I../Drivers/STM32F1xx_HAL_Driver/Inc -I../Drivers/CMSIS/Device/ST/STM32F1xx/Include -I../Drivers/CMSIS/Include -O0 -ffunction-sections -fdata-sections -Wall -fstack-usage -fcyclomatic-complexity -MMD -MP -MF"Core/Src/sysmem.d" -MT"Core/Src/sysmem.o" --specs=nano.specs -mfloat-abi=soft -mthumb -o "Core/Src/sysmem.o"
arm-none-eabi-gcc "../Core/Src/system_stm32f1xx.c" -mcpu=cortex-m3 -std=gnu11 -g3 -DDEBUG -DUSE_HAL_DRIVER -DSTM32F103xB -c -I../Core/Inc -I../Drivers/STM32F1xx_HAL_Driver/Inc/Legacy -I../Drivers/STM32F1xx_HAL_Driver/Inc -I../Drivers/CMSIS/Device/ST/STM32F1xx/Include -I../Drivers/CMSIS/Include -O0 -ffunction-sections -fdata-sections -Wall -fstack-usage -fcyclomatic-complexity -MMD -MP -MF"Core/Src/system_stm32f1xx.d" -MT"Core/Src/system_stm32f1xx.o" --specs=nano.specs -mfloat-abi=soft -mthumb -o "Core/Src/system_stm32f1xx.o"
arm-none-eabi-gcc "../Core/Src/task_switching_with_SVC.c" -mcpu=cortex-m3 -std=gnu11 -g3 -DDEBUG -DUSE_HAL_DRIVER -DSTM32F103xB -c -I../Core/Inc -I../Drivers/STM32F1xx_HAL_Driver/Inc/Legacy -I../Drivers/STM32F1xx_HAL_Driver/Inc -I../Drivers/CMSIS/Device/ST/STM32F1xx/Include -I../Drivers/CMSIS/Include -O0 -ffunction-sections -fdata-sections -Wall -fstack-usage -fcyclomatic-complexity -MMD -MP -MF"Core/Src/task_switching_with_SVC.d" -MT"Core/Src/task_switching_with_SVC.o" --specs=nano.specs -mfloat-abi=soft -mthumb -o "Core/Src/task_switching_with_SVC.o"
arm-none-eabi-gcc "../Core/Src/user.c" -mcpu=cortex-m3 -std=gnu11 -g3 -DDEBUG -DUSE_HAL_DRIVER -DSTM32F103xB -c -I../Core/Inc -I../Drivers/STM32F1xx_HAL_Driver/Inc/Legacy -I../Drivers/STM32F1xx_HAL_Driver/Inc -I../Drivers/CMSIS/Device/ST/STM32F1xx/Include -I../Drivers/CMSIS/Include -O0 -ffunction-sections -fdata-sections -Wall -fstack-usage -fcyclomatic-complexity -MMD -MP -MF"Core/Src/user.d" -MT"Core/Src/user.o" --specs=nano.specs -mfloat-abi=soft -mthumb -o "Core/Src/user.o"
arm-none-eabi-gcc -o "test.elf" @"objects.list"   -mcpu=cortex-m3 -T"C:\Users\peter\OneDrive\Desktop\Github\stm32_pseudo_parallel\test\STM32F103C8TX_FLASH.ld" --specs=nosys.specs -Wl,-Map="test.map" -Wl,--gc-sections -static --specs=nano.specs -mfloat-abi=soft -mthumb -Wl,--start-group -lc -lm -Wl,--end-group
Finished building target: test.elf
 
arm-none-eabi-size   test.elf 
arm-none-eabi-objdump -h -S  test.elf  > "test.list"
   text	   data	    bss	    dec	    hex	filename
   8644	    120	   1664	  10428	   28bc	test.elf
Finished building: default.size.stdout
 
Finished building: test.list
 
10:04:44 **** Incremental Build of configuration Debug for project test ****
make -j4 all 
arm-none-eabi-gcc "../Core/Src/function_call_in_process_stack.c" -mcpu=cortex-m3 -std=gnu11 -g3 -DDEBUG -DUSE_HAL_DRIVER -DSTM32F103xB -c -I../Core/Inc -I../Drivers/STM32F1xx_HAL_Driver/Inc/Legacy -I../Drivers/STM32F1xx_HAL_Driver/Inc -I../Drivers/CMSIS/Device/ST/STM32F1xx/Include -I../Drivers/CMSIS/Include -O0 -ffunction-sections -fdata-sections -Wall -fstack-usage -fcyclomatic-complexity -MMD -MP -MF"Core/Src/function_call_in_process_stack.d" -MT"Core/Src/function_call_in_process_stack.o" --specs=nano.specs -mfloat-abi=soft -mthumb -o "Core/Src/function_call_in_process_stack.o"
arm-none-eabi-gcc "../Core/Src/user.c" -mcpu=cortex-m3 -std=gnu11 -g3 -DDEBUG -DUSE_HAL_DRIVER -DSTM32F103xB -c -I../Core/Inc -I../Drivers/STM32F1xx_HAL_Driver/Inc/Legacy -I../Drivers/STM32F1xx_HAL_Driver/Inc -I../Drivers/CMSIS/Device/ST/STM32F1xx/Include -I../Drivers/CMSIS/Include -O0 -ffunction-sections -fdata-sections -Wall -fstack-usage -fcyclomatic-complexity -MMD -MP -MF"Core/Src/user.d" -MT"Core/Src/user.o" --specs=nano.specs -mfloat-abi=soft -mthumb -o "Core/Src/user.o"
../Core/Src/user.c: In function 'run':
../Core/Src/user.c:32:9: warning: type defaults to 'int' in declaration of 'funtion_call_in_process_stack_run' [-Wimplicit-int]
   32 |  extern funtion_call_in_process_stack_run();
      |         ^~~~~~~~~~~~~~~~~~~~~~~~~~~~~~~~~
arm-none-eabi-gcc -o "test.elf" @"objects.list"   -mcpu=cortex-m3 -T"C:\Users\peter\OneDrive\Desktop\Github\stm32_pseudo_parallel\test\STM32F103C8TX_FLASH.ld" --specs=nosys.specs -Wl,-Map="test.map" -Wl,--gc-sections -static --specs=nano.specs -mfloat-abi=soft -mthumb -Wl,--start-group -lc -lm -Wl,--end-group
Finished building target: test.elf
 
arm-none-eabi-size   test.elf 
arm-none-eabi-objdump -h -S  test.elf  > "test.list"
   text	   data	    bss	    dec	    hex	filename
   8620	    120	   1664	  10404	   28a4	test.elf
Finished building: default.size.stdout
 
Finished building: test.list
 
10:04:54 **** Incremental Build of configuration Debug for project test ****
make -j4 all 
arm-none-eabi-gcc "../Core/Src/user.c" -mcpu=cortex-m3 -std=gnu11 -g3 -DDEBUG -DUSE_HAL_DRIVER -DSTM32F103xB -c -I../Core/Inc -I../Drivers/STM32F1xx_HAL_Driver/Inc/Legacy -I../Drivers/STM32F1xx_HAL_Driver/Inc -I../Drivers/CMSIS/Device/ST/STM32F1xx/Include -I../Drivers/CMSIS/Include -O0 -ffunction-sections -fdata-sections -Wall -fstack-usage -fcyclomatic-complexity -MMD -MP -MF"Core/Src/user.d" -MT"Core/Src/user.o" --specs=nano.specs -mfloat-abi=soft -mthumb -o "Core/Src/user.o"
../Core/Src/user.c: In function 'run':
../Core/Src/user.c:32:9: warning: type defaults to 'int' in declaration of 'funtion_call_in_process_stack_run' [-Wimplicit-int]
   32 |  extern funtion_call_in_process_stack_run();
      |         ^~~~~~~~~~~~~~~~~~~~~~~~~~~~~~~~~
arm-none-eabi-gcc -o "test.elf" @"objects.list"   -mcpu=cortex-m3 -T"C:\Users\peter\OneDrive\Desktop\Github\stm32_pseudo_parallel\test\STM32F103C8TX_FLASH.ld" --specs=nosys.specs -Wl,-Map="test.map" -Wl,--gc-sections -static --specs=nano.specs -mfloat-abi=soft -mthumb -Wl,--start-group -lc -lm -Wl,--end-group
Finished building target: test.elf
 
arm-none-eabi-size   test.elf 
arm-none-eabi-objdump -h -S  test.elf  > "test.list"
   text	   data	    bss	    dec	    hex	filename
  10328	    120	   1664	  12112	   2f50	test.elf
Finished building: default.size.stdout
 
Finished building: test.list
 
10:05:04 **** Incremental Build of configuration Debug for project test ****
make -j4 all 
arm-none-eabi-gcc "../Core/Src/user.c" -mcpu=cortex-m3 -std=gnu11 -g3 -DDEBUG -DUSE_HAL_DRIVER -DSTM32F103xB -c -I../Core/Inc -I../Drivers/STM32F1xx_HAL_Driver/Inc/Legacy -I../Drivers/STM32F1xx_HAL_Driver/Inc -I../Drivers/CMSIS/Device/ST/STM32F1xx/Include -I../Drivers/CMSIS/Include -O0 -ffunction-sections -fdata-sections -Wall -fstack-usage -fcyclomatic-complexity -MMD -MP -MF"Core/Src/user.d" -MT"Core/Src/user.o" --specs=nano.specs -mfloat-abi=soft -mthumb -o "Core/Src/user.o"
../Core/Src/user.c:30:8: warning: type defaults to 'int' in declaration of 'funtion_call_in_process_stack_run' [-Wimplicit-int]
   30 | extern funtion_call_in_process_stack_run();
      |        ^~~~~~~~~~~~~~~~~~~~~~~~~~~~~~~~~
arm-none-eabi-gcc -o "test.elf" @"objects.list"   -mcpu=cortex-m3 -T"C:\Users\peter\OneDrive\Desktop\Github\stm32_pseudo_parallel\test\STM32F103C8TX_FLASH.ld" --specs=nosys.specs -Wl,-Map="test.map" -Wl,--gc-sections -static --specs=nano.specs -mfloat-abi=soft -mthumb -Wl,--start-group -lc -lm -Wl,--end-group
Finished building target: test.elf
 
arm-none-eabi-size   test.elf 
arm-none-eabi-objdump -h -S  test.elf  > "test.list"
   text	   data	    bss	    dec	    hex	filename
  10328	    120	   1664	  12112	   2f50	test.elf
Finished building: default.size.stdout
 
Finished building: test.list
 
10:05:13 **** Incremental Build of configuration Debug for project test ****
make -j4 all 
arm-none-eabi-size   test.elf 
   text	   data	    bss	    dec	    hex	filename
  10328	    120	   1664	  12112	   2f50	test.elf
Finished building: default.size.stdout
 
10:06:01 **** Incremental Build of configuration Debug for project test ****
make -j4 all 
arm-none-eabi-size   test.elf 
   text	   data	    bss	    dec	    hex	filename
  10328	    120	   1664	  12112	   2f50	test.elf
Finished building: default.size.stdout
 
10:06:10 **** Incremental Build of configuration Debug for project test ****
make -j4 all 
arm-none-eabi-size   test.elf 
   text	   data	    bss	    dec	    hex	filename
  10328	    120	   1664	  12112	   2f50	test.elf
Finished building: default.size.stdout
 
10:09:39 **** Incremental Build of configuration Debug for project test ****
make -j4 all 
arm-none-eabi-gcc "../Core/Src/user.c" -mcpu=cortex-m3 -std=gnu11 -g3 -DDEBUG -DUSE_HAL_DRIVER -DSTM32F103xB -c -I../Core/Inc -I../Drivers/STM32F1xx_HAL_Driver/Inc/Legacy -I../Drivers/STM32F1xx_HAL_Driver/Inc -I../Drivers/CMSIS/Device/ST/STM32F1xx/Include -I../Drivers/CMSIS/Include -O0 -ffunction-sections -fdata-sections -Wall -fstack-usage -fcyclomatic-complexity -MMD -MP -MF"Core/Src/user.d" -MT"Core/Src/user.o" --specs=nano.specs -mfloat-abi=soft -mthumb -o "Core/Src/user.o"
arm-none-eabi-gcc -o "test.elf" @"objects.list"   -mcpu=cortex-m3 -T"C:\Users\peter\OneDrive\Desktop\Github\stm32_pseudo_parallel\test\STM32F103C8TX_FLASH.ld" --specs=nosys.specs -Wl,-Map="test.map" -Wl,--gc-sections -static --specs=nano.specs -mfloat-abi=soft -mthumb -Wl,--start-group -lc -lm -Wl,--end-group
Finished building target: test.elf
 
arm-none-eabi-size   test.elf 
arm-none-eabi-objdump -h -S  test.elf  > "test.list"
   text	   data	    bss	    dec	    hex	filename
  10328	    120	   1664	  12112	   2f50	test.elf
Finished building: default.size.stdout
 
Finished building: test.list
 
10:09:44 **** Incremental Build of configuration Debug for project test ****
make -j4 all 
arm-none-eabi-size   test.elf 
   text	   data	    bss	    dec	    hex	filename
  10328	    120	   1664	  12112	   2f50	test.elf
Finished building: default.size.stdout
 
10:10:32 **** Incremental Build of configuration Debug for project test ****
make -j4 all 
arm-none-eabi-gcc "../Core/Src/user.c" -mcpu=cortex-m3 -std=gnu11 -g3 -DDEBUG -DUSE_HAL_DRIVER -DSTM32F103xB -c -I../Core/Inc -I../Drivers/STM32F1xx_HAL_Driver/Inc/Legacy -I../Drivers/STM32F1xx_HAL_Driver/Inc -I../Drivers/CMSIS/Device/ST/STM32F1xx/Include -I../Drivers/CMSIS/Include -O0 -ffunction-sections -fdata-sections -Wall -fstack-usage -fcyclomatic-complexity -MMD -MP -MF"Core/Src/user.d" -MT"Core/Src/user.o" --specs=nano.specs -mfloat-abi=soft -mthumb -o "Core/Src/user.o"
arm-none-eabi-gcc -o "test.elf" @"objects.list"   -mcpu=cortex-m3 -T"C:\Users\peter\OneDrive\Desktop\Github\stm32_pseudo_parallel\test\STM32F103C8TX_FLASH.ld" --specs=nosys.specs -Wl,-Map="test.map" -Wl,--gc-sections -static --specs=nano.specs -mfloat-abi=soft -mthumb -Wl,--start-group -lc -lm -Wl,--end-group
Finished building target: test.elf
 
arm-none-eabi-size   test.elf 
arm-none-eabi-objdump -h -S  test.elf  > "test.list"
   text	   data	    bss	    dec	    hex	filename
  10352	    120	   1664	  12136	   2f68	test.elf
Finished building: default.size.stdout
 
Finished building: test.list
 
10:10:36 **** Incremental Build of configuration Debug for project test ****
make -j4 all 
arm-none-eabi-size   test.elf 
   text	   data	    bss	    dec	    hex	filename
  10352	    120	   1664	  12136	   2f68	test.elf
Finished building: default.size.stdout
 
10:56:25 **** Incremental Build of configuration Debug for project test ****
make -j4 all 
arm-none-eabi-gcc "../Core/Src/user.c" -mcpu=cortex-m3 -std=gnu11 -g3 -DDEBUG -DUSE_HAL_DRIVER -DSTM32F103xB -c -I../Core/Inc -I../Drivers/STM32F1xx_HAL_Driver/Inc/Legacy -I../Drivers/STM32F1xx_HAL_Driver/Inc -I../Drivers/CMSIS/Device/ST/STM32F1xx/Include -I../Drivers/CMSIS/Include -O0 -ffunction-sections -fdata-sections -Wall -fstack-usage -fcyclomatic-complexity -MMD -MP -MF"Core/Src/user.d" -MT"Core/Src/user.o" --specs=nano.specs -mfloat-abi=soft -mthumb -o "Core/Src/user.o"
arm-none-eabi-gcc -o "test.elf" @"objects.list"   -mcpu=cortex-m3 -T"C:\Users\peter\OneDrive\Desktop\Github\stm32_pseudo_parallel\test\STM32F103C8TX_FLASH.ld" --specs=nosys.specs -Wl,-Map="test.map" -Wl,--gc-sections -static --specs=nano.specs -mfloat-abi=soft -mthumb -Wl,--start-group -lc -lm -Wl,--end-group
Finished building target: test.elf
 
arm-none-eabi-size   test.elf 
arm-none-eabi-objdump -h -S  test.elf  > "test.list"
   text	   data	    bss	    dec	    hex	filename
  10352	    120	   1664	  12136	   2f68	test.elf
Finished building: default.size.stdout
 
Finished building: test.list
 
10:57:25 **** Incremental Build of configuration Debug for project test ****
make -j4 all 
arm-none-eabi-gcc "../Core/Src/function_call_in_process_stack.c" -mcpu=cortex-m3 -std=gnu11 -g3 -DDEBUG -DUSE_HAL_DRIVER -DSTM32F103xB -c -I../Core/Inc -I../Drivers/STM32F1xx_HAL_Driver/Inc/Legacy -I../Drivers/STM32F1xx_HAL_Driver/Inc -I../Drivers/CMSIS/Device/ST/STM32F1xx/Include -I../Drivers/CMSIS/Include -O0 -ffunction-sections -fdata-sections -Wall -fstack-usage -fcyclomatic-complexity -MMD -MP -MF"Core/Src/function_call_in_process_stack.d" -MT"Core/Src/function_call_in_process_stack.o" --specs=nano.specs -mfloat-abi=soft -mthumb -o "Core/Src/function_call_in_process_stack.o"
arm-none-eabi-gcc "../Core/Src/user.c" -mcpu=cortex-m3 -std=gnu11 -g3 -DDEBUG -DUSE_HAL_DRIVER -DSTM32F103xB -c -I../Core/Inc -I../Drivers/STM32F1xx_HAL_Driver/Inc/Legacy -I../Drivers/STM32F1xx_HAL_Driver/Inc -I../Drivers/CMSIS/Device/ST/STM32F1xx/Include -I../Drivers/CMSIS/Include -O0 -ffunction-sections -fdata-sections -Wall -fstack-usage -fcyclomatic-complexity -MMD -MP -MF"Core/Src/user.d" -MT"Core/Src/user.o" --specs=nano.specs -mfloat-abi=soft -mthumb -o "Core/Src/user.o"
arm-none-eabi-gcc -o "test.elf" @"objects.list"   -mcpu=cortex-m3 -T"C:\Users\peter\OneDrive\Desktop\Github\stm32_pseudo_parallel\test\STM32F103C8TX_FLASH.ld" --specs=nosys.specs -Wl,-Map="test.map" -Wl,--gc-sections -static --specs=nano.specs -mfloat-abi=soft -mthumb -Wl,--start-group -lc -lm -Wl,--end-group
Finished building target: test.elf
 
arm-none-eabi-size   test.elf 
arm-none-eabi-objdump -h -S  test.elf  > "test.list"
   text	   data	    bss	    dec	    hex	filename
  10336	    120	   1664	  12120	   2f58	test.elf
Finished building: default.size.stdout
 
Finished building: test.list
 
10:57:35 **** Incremental Build of configuration Debug for project test ****
make -j4 all 
arm-none-eabi-size   test.elf 
   text	   data	    bss	    dec	    hex	filename
  10336	    120	   1664	  12120	   2f58	test.elf
Finished building: default.size.stdout
 
10:58:47 **** Incremental Build of configuration Debug for project test ****
make -j4 all 
arm-none-eabi-gcc "../Core/Src/function_call_in_process_stack.c" -mcpu=cortex-m3 -std=gnu11 -g3 -DDEBUG -DUSE_HAL_DRIVER -DSTM32F103xB -c -I../Core/Inc -I../Drivers/STM32F1xx_HAL_Driver/Inc/Legacy -I../Drivers/STM32F1xx_HAL_Driver/Inc -I../Drivers/CMSIS/Device/ST/STM32F1xx/Include -I../Drivers/CMSIS/Include -O0 -ffunction-sections -fdata-sections -Wall -fstack-usage -fcyclomatic-complexity -MMD -MP -MF"Core/Src/function_call_in_process_stack.d" -MT"Core/Src/function_call_in_process_stack.o" --specs=nano.specs -mfloat-abi=soft -mthumb -o "Core/Src/function_call_in_process_stack.o"
arm-none-eabi-gcc "../Core/Src/user.c" -mcpu=cortex-m3 -std=gnu11 -g3 -DDEBUG -DUSE_HAL_DRIVER -DSTM32F103xB -c -I../Core/Inc -I../Drivers/STM32F1xx_HAL_Driver/Inc/Legacy -I../Drivers/STM32F1xx_HAL_Driver/Inc -I../Drivers/CMSIS/Device/ST/STM32F1xx/Include -I../Drivers/CMSIS/Include -O0 -ffunction-sections -fdata-sections -Wall -fstack-usage -fcyclomatic-complexity -MMD -MP -MF"Core/Src/user.d" -MT"Core/Src/user.o" --specs=nano.specs -mfloat-abi=soft -mthumb -o "Core/Src/user.o"
arm-none-eabi-gcc -o "test.elf" @"objects.list"   -mcpu=cortex-m3 -T"C:\Users\peter\OneDrive\Desktop\Github\stm32_pseudo_parallel\test\STM32F103C8TX_FLASH.ld" --specs=nosys.specs -Wl,-Map="test.map" -Wl,--gc-sections -static --specs=nano.specs -mfloat-abi=soft -mthumb -Wl,--start-group -lc -lm -Wl,--end-group
Finished building target: test.elf
 
arm-none-eabi-size   test.elf 
arm-none-eabi-objdump -h -S  test.elf  > "test.list"
   text	   data	    bss	    dec	    hex	filename
  10328	    120	   1664	  12112	   2f50	test.elf
Finished building: default.size.stdout
 
Finished building: test.list
 
11:00:06 **** Incremental Build of configuration Debug for project test ****
make -j4 all 
arm-none-eabi-gcc "../Core/Src/function_call_in_process_stack.c" -mcpu=cortex-m3 -std=gnu11 -g3 -DDEBUG -DUSE_HAL_DRIVER -DSTM32F103xB -c -I../Core/Inc -I../Drivers/STM32F1xx_HAL_Driver/Inc/Legacy -I../Drivers/STM32F1xx_HAL_Driver/Inc -I../Drivers/CMSIS/Device/ST/STM32F1xx/Include -I../Drivers/CMSIS/Include -O0 -ffunction-sections -fdata-sections -Wall -fstack-usage -fcyclomatic-complexity -MMD -MP -MF"Core/Src/function_call_in_process_stack.d" -MT"Core/Src/function_call_in_process_stack.o" --specs=nano.specs -mfloat-abi=soft -mthumb -o "Core/Src/function_call_in_process_stack.o"
../Core/Src/function_call_in_process_stack.c:10:13: warning: 'voidFunc' defined but not used [-Wunused-function]
   10 | static void voidFunc(){
      |             ^~~~~~~~
arm-none-eabi-gcc -o "test.elf" @"objects.list"   -mcpu=cortex-m3 -T"C:\Users\peter\OneDrive\Desktop\Github\stm32_pseudo_parallel\test\STM32F103C8TX_FLASH.ld" --specs=nosys.specs -Wl,-Map="test.map" -Wl,--gc-sections -static --specs=nano.specs -mfloat-abi=soft -mthumb -Wl,--start-group -lc -lm -Wl,--end-group
Finished building target: test.elf
 
arm-none-eabi-size   test.elf 
arm-none-eabi-objdump -h -S  test.elf  > "test.list"
   text	   data	    bss	    dec	    hex	filename
  10328	    120	   1664	  12112	   2f50	test.elf
Finished building: default.size.stdout
 
Finished building: test.list
 
11:01:18 **** Incremental Build of configuration Debug for project test ****
make -j4 all 
arm-none-eabi-gcc "../Core/Src/function_call_in_process_stack.c" -mcpu=cortex-m3 -std=gnu11 -g3 -DDEBUG -DUSE_HAL_DRIVER -DSTM32F103xB -c -I../Core/Inc -I../Drivers/STM32F1xx_HAL_Driver/Inc/Legacy -I../Drivers/STM32F1xx_HAL_Driver/Inc -I../Drivers/CMSIS/Device/ST/STM32F1xx/Include -I../Drivers/CMSIS/Include -O0 -ffunction-sections -fdata-sections -Wall -fstack-usage -fcyclomatic-complexity -MMD -MP -MF"Core/Src/function_call_in_process_stack.d" -MT"Core/Src/function_call_in_process_stack.o" --specs=nano.specs -mfloat-abi=soft -mthumb -o "Core/Src/function_call_in_process_stack.o"
arm-none-eabi-gcc "../Core/Src/user.c" -mcpu=cortex-m3 -std=gnu11 -g3 -DDEBUG -DUSE_HAL_DRIVER -DSTM32F103xB -c -I../Core/Inc -I../Drivers/STM32F1xx_HAL_Driver/Inc/Legacy -I../Drivers/STM32F1xx_HAL_Driver/Inc -I../Drivers/CMSIS/Device/ST/STM32F1xx/Include -I../Drivers/CMSIS/Include -O0 -ffunction-sections -fdata-sections -Wall -fstack-usage -fcyclomatic-complexity -MMD -MP -MF"Core/Src/user.d" -MT"Core/Src/user.o" --specs=nano.specs -mfloat-abi=soft -mthumb -o "Core/Src/user.o"
arm-none-eabi-gcc -o "test.elf" @"objects.list"   -mcpu=cortex-m3 -T"C:\Users\peter\OneDrive\Desktop\Github\stm32_pseudo_parallel\test\STM32F103C8TX_FLASH.ld" --specs=nosys.specs -Wl,-Map="test.map" -Wl,--gc-sections -static --specs=nano.specs -mfloat-abi=soft -mthumb -Wl,--start-group -lc -lm -Wl,--end-group
Finished building target: test.elf
 
arm-none-eabi-size   test.elf 
arm-none-eabi-objdump -h -S  test.elf  > "test.list"
   text	   data	    bss	    dec	    hex	filename
  10344	    120	   1664	  12128	   2f60	test.elf
Finished building: default.size.stdout
 
Finished building: test.list
 
11:02:14 **** Incremental Build of configuration Debug for project test ****
make -j4 all 
arm-none-eabi-size   test.elf 
   text	   data	    bss	    dec	    hex	filename
  10344	    120	   1664	  12128	   2f60	test.elf
Finished building: default.size.stdout
 
11:03:07 **** Incremental Build of configuration Debug for project test ****
make -j4 all 
arm-none-eabi-gcc "../Core/Src/function_call_in_process_stack.c" -mcpu=cortex-m3 -std=gnu11 -g3 -DDEBUG -DUSE_HAL_DRIVER -DSTM32F103xB -c -I../Core/Inc -I../Drivers/STM32F1xx_HAL_Driver/Inc/Legacy -I../Drivers/STM32F1xx_HAL_Driver/Inc -I../Drivers/CMSIS/Device/ST/STM32F1xx/Include -I../Drivers/CMSIS/Include -O0 -ffunction-sections -fdata-sections -Wall -fstack-usage -fcyclomatic-complexity -MMD -MP -MF"Core/Src/function_call_in_process_stack.d" -MT"Core/Src/function_call_in_process_stack.o" --specs=nano.specs -mfloat-abi=soft -mthumb -o "Core/Src/function_call_in_process_stack.o"
arm-none-eabi-gcc -o "test.elf" @"objects.list"   -mcpu=cortex-m3 -T"C:\Users\peter\OneDrive\Desktop\Github\stm32_pseudo_parallel\test\STM32F103C8TX_FLASH.ld" --specs=nosys.specs -Wl,-Map="test.map" -Wl,--gc-sections -static --specs=nano.specs -mfloat-abi=soft -mthumb -Wl,--start-group -lc -lm -Wl,--end-group
Finished building target: test.elf
 
arm-none-eabi-size   test.elf 
arm-none-eabi-objdump -h -S  test.elf  > "test.list"
   text	   data	    bss	    dec	    hex	filename
  10344	    120	   1664	  12128	   2f60	test.elf
Finished building: default.size.stdout
 
Finished building: test.list
 
12:06:12 **** Incremental Build of configuration Debug for project test ****
make -j4 all 
arm-none-eabi-gcc "../Core/Src/function_call_in_process_stack.c" -mcpu=cortex-m3 -std=gnu11 -g3 -DDEBUG -DUSE_HAL_DRIVER -DSTM32F103xB -c -I../Core/Inc -I../Drivers/STM32F1xx_HAL_Driver/Inc/Legacy -I../Drivers/STM32F1xx_HAL_Driver/Inc -I../Drivers/CMSIS/Device/ST/STM32F1xx/Include -I../Drivers/CMSIS/Include -O0 -ffunction-sections -fdata-sections -Wall -fstack-usage -fcyclomatic-complexity -MMD -MP -MF"Core/Src/function_call_in_process_stack.d" -MT"Core/Src/function_call_in_process_stack.o" --specs=nano.specs -mfloat-abi=soft -mthumb -o "Core/Src/function_call_in_process_stack.o"
../Core/Src/function_call_in_process_stack.c: In function 'funtion_call_in_process_stack_run':
../Core/Src/function_call_in_process_stack.c:18:2: warning: implicit declaration of function 'voidFunc'; did you mean 'voidEmptyFunc'? [-Wimplicit-function-declaration]
   18 |  voidFunc();
      |  ^~~~~~~~
      |  voidEmptyFunc
At top level:
../Core/Src/function_call_in_process_stack.c:10:13: warning: 'voidEmptyFunc' defined but not used [-Wunused-function]
   10 | static void voidEmptyFunc(){
      |             ^~~~~~~~~~~~~
arm-none-eabi-gcc -o "test.elf" @"objects.list"   -mcpu=cortex-m3 -T"C:\Users\peter\OneDrive\Desktop\Github\stm32_pseudo_parallel\test\STM32F103C8TX_FLASH.ld" --specs=nosys.specs -Wl,-Map="test.map" -Wl,--gc-sections -static --specs=nano.specs -mfloat-abi=soft -mthumb -Wl,--start-group -lc -lm -Wl,--end-group
c:\st\stm32cubeide_1.10.1\stm32cubeide\plugins\com.st.stm32cube.ide.mcu.externaltools.gnu-tools-for-stm32.10.3-2021.10.win32_1.0.200.202301161003\tools\arm-none-eabi\bin\ld.exe: ./Core/Src/function_call_in_process_stack.o: in function `funtion_call_in_process_stack_run':
C:/Users/peter/OneDrive/Desktop/Github/stm32_pseudo_parallel/test/Debug/../Core/Src/function_call_in_process_stack.c:18: undefined reference to `voidFunc'
collect2.exe: error: ld returned 1 exit status
make: *** [makefile:64: test.elf] Error 1
"make -j4 all" terminated with exit code 2. Build might be incomplete.
12:06:22 **** Incremental Build of configuration Debug for project test ****
make -j4 all 
arm-none-eabi-gcc "../Core/Src/function_call_in_process_stack.c" -mcpu=cortex-m3 -std=gnu11 -g3 -DDEBUG -DUSE_HAL_DRIVER -DSTM32F103xB -c -I../Core/Inc -I../Drivers/STM32F1xx_HAL_Driver/Inc/Legacy -I../Drivers/STM32F1xx_HAL_Driver/Inc -I../Drivers/CMSIS/Device/ST/STM32F1xx/Include -I../Drivers/CMSIS/Include -O0 -ffunction-sections -fdata-sections -Wall -fstack-usage -fcyclomatic-complexity -MMD -MP -MF"Core/Src/function_call_in_process_stack.d" -MT"Core/Src/function_call_in_process_stack.o" --specs=nano.specs -mfloat-abi=soft -mthumb -o "Core/Src/function_call_in_process_stack.o"
arm-none-eabi-gcc -o "test.elf" @"objects.list"   -mcpu=cortex-m3 -T"C:\Users\peter\OneDrive\Desktop\Github\stm32_pseudo_parallel\test\STM32F103C8TX_FLASH.ld" --specs=nosys.specs -Wl,-Map="test.map" -Wl,--gc-sections -static --specs=nano.specs -mfloat-abi=soft -mthumb -Wl,--start-group -lc -lm -Wl,--end-group
Finished building target: test.elf
 
arm-none-eabi-size   test.elf 
arm-none-eabi-objdump -h -S  test.elf  > "test.list"
   text	   data	    bss	    dec	    hex	filename
  10344	    120	   1664	  12128	   2f60	test.elf
Finished building: default.size.stdout
 
Finished building: test.list
 
12:09:59 **** Incremental Build of configuration Debug for project test ****
make -j4 all 
arm-none-eabi-gcc "../Core/Src/function_call_in_process_stack.c" -mcpu=cortex-m3 -std=gnu11 -g3 -DDEBUG -DUSE_HAL_DRIVER -DSTM32F103xB -c -I../Core/Inc -I../Drivers/STM32F1xx_HAL_Driver/Inc/Legacy -I../Drivers/STM32F1xx_HAL_Driver/Inc -I../Drivers/CMSIS/Device/ST/STM32F1xx/Include -I../Drivers/CMSIS/Include -O0 -ffunction-sections -fdata-sections -Wall -fstack-usage -fcyclomatic-complexity -MMD -MP -MF"Core/Src/function_call_in_process_stack.d" -MT"Core/Src/function_call_in_process_stack.o" --specs=nano.specs -mfloat-abi=soft -mthumb -o "Core/Src/function_call_in_process_stack.o"
../Core/Src/function_call_in_process_stack.c: In function 'voidFunc':
../Core/Src/function_call_in_process_stack.c:20:15: error: invalid suffix "GH" on integer constant
   20 |  uint64_t z = 0xABCDEFGH;
      |               ^~~~~~~~~~
../Core/Src/function_call_in_process_stack.c:20:11: warning: unused variable 'z' [-Wunused-variable]
   20 |  uint64_t z = 0xABCDEFGH;
      |           ^
../Core/Src/function_call_in_process_stack.c:19:11: warning: unused variable 'y' [-Wunused-variable]
   19 |  uint16_t y = 0x02;
      |           ^
../Core/Src/function_call_in_process_stack.c:18:10: warning: unused variable 'x' [-Wunused-variable]
   18 |  uint8_t x = 0x01;
      |          ^
At top level:
../Core/Src/function_call_in_process_stack.c:17:13: warning: 'voidFunc' defined but not used [-Wunused-function]
   17 | static void voidFunc(){
      |             ^~~~~~~~
make: *** [Core/Src/subdir.mk:43: Core/Src/function_call_in_process_stack.o] Error 1
"make -j4 all" terminated with exit code 2. Build might be incomplete.
12:10:29 **** Incremental Build of configuration Debug for project test ****
make -j4 all 
arm-none-eabi-gcc "../Core/Src/function_call_in_process_stack.c" -mcpu=cortex-m3 -std=gnu11 -g3 -DDEBUG -DUSE_HAL_DRIVER -DSTM32F103xB -c -I../Core/Inc -I../Drivers/STM32F1xx_HAL_Driver/Inc/Legacy -I../Drivers/STM32F1xx_HAL_Driver/Inc -I../Drivers/CMSIS/Device/ST/STM32F1xx/Include -I../Drivers/CMSIS/Include -O0 -ffunction-sections -fdata-sections -Wall -fstack-usage -fcyclomatic-complexity -MMD -MP -MF"Core/Src/function_call_in_process_stack.d" -MT"Core/Src/function_call_in_process_stack.o" --specs=nano.specs -mfloat-abi=soft -mthumb -o "Core/Src/function_call_in_process_stack.o"
../Core/Src/function_call_in_process_stack.c: In function 'voidFunc':
../Core/Src/function_call_in_process_stack.c:20:11: warning: unused variable 'z' [-Wunused-variable]
   20 |  uint64_t z = 0xCCDDEEFF;
      |           ^
../Core/Src/function_call_in_process_stack.c:19:11: warning: unused variable 'y' [-Wunused-variable]
   19 |  uint16_t y = 0xBB;
      |           ^
../Core/Src/function_call_in_process_stack.c:18:10: warning: unused variable 'x' [-Wunused-variable]
   18 |  uint8_t x = 0xAA;
      |          ^
At top level:
../Core/Src/function_call_in_process_stack.c:17:13: warning: 'voidFunc' defined but not used [-Wunused-function]
   17 | static void voidFunc(){
      |             ^~~~~~~~
arm-none-eabi-gcc -o "test.elf" @"objects.list"   -mcpu=cortex-m3 -T"C:\Users\peter\OneDrive\Desktop\Github\stm32_pseudo_parallel\test\STM32F103C8TX_FLASH.ld" --specs=nosys.specs -Wl,-Map="test.map" -Wl,--gc-sections -static --specs=nano.specs -mfloat-abi=soft -mthumb -Wl,--start-group -lc -lm -Wl,--end-group
Finished building target: test.elf
 
arm-none-eabi-size   test.elf 
arm-none-eabi-objdump -h -S  test.elf  > "test.list"
   text	   data	    bss	    dec	    hex	filename
  10344	    120	   1664	  12128	   2f60	test.elf
Finished building: default.size.stdout
 
Finished building: test.list
 
12:10:43 **** Incremental Build of configuration Debug for project test ****
make -j4 all 
arm-none-eabi-gcc "../Core/Src/function_call_in_process_stack.c" -mcpu=cortex-m3 -std=gnu11 -g3 -DDEBUG -DUSE_HAL_DRIVER -DSTM32F103xB -c -I../Core/Inc -I../Drivers/STM32F1xx_HAL_Driver/Inc/Legacy -I../Drivers/STM32F1xx_HAL_Driver/Inc -I../Drivers/CMSIS/Device/ST/STM32F1xx/Include -I../Drivers/CMSIS/Include -O0 -ffunction-sections -fdata-sections -Wall -fstack-usage -fcyclomatic-complexity -MMD -MP -MF"Core/Src/function_call_in_process_stack.d" -MT"Core/Src/function_call_in_process_stack.o" --specs=nano.specs -mfloat-abi=soft -mthumb -o "Core/Src/function_call_in_process_stack.o"
../Core/Src/function_call_in_process_stack.c: In function 'voidFunc':
../Core/Src/function_call_in_process_stack.c:20:11: warning: unused variable 'z' [-Wunused-variable]
   20 |  uint64_t z = 0xCCDDEEFF;
      |           ^
../Core/Src/function_call_in_process_stack.c:19:11: warning: unused variable 'y' [-Wunused-variable]
   19 |  uint16_t y = 0xBB;
      |           ^
../Core/Src/function_call_in_process_stack.c:18:10: warning: unused variable 'x' [-Wunused-variable]
   18 |  uint8_t x = 0xAA;
      |          ^
At top level:
../Core/Src/function_call_in_process_stack.c:17:13: warning: 'voidFunc' defined but not used [-Wunused-function]
   17 | static void voidFunc(){
      |             ^~~~~~~~
arm-none-eabi-gcc -o "test.elf" @"objects.list"   -mcpu=cortex-m3 -T"C:\Users\peter\OneDrive\Desktop\Github\stm32_pseudo_parallel\test\STM32F103C8TX_FLASH.ld" --specs=nosys.specs -Wl,-Map="test.map" -Wl,--gc-sections -static --specs=nano.specs -mfloat-abi=soft -mthumb -Wl,--start-group -lc -lm -Wl,--end-group
Finished building target: test.elf
 
arm-none-eabi-size   test.elf 
arm-none-eabi-objdump -h -S  test.elf  > "test.list"
   text	   data	    bss	    dec	    hex	filename
  10344	    120	   1664	  12128	   2f60	test.elf
Finished building: default.size.stdout
 
Finished building: test.list
 
12:11:55 **** Incremental Build of configuration Debug for project test ****
make -j4 all 
arm-none-eabi-gcc "../Core/Src/function_call_in_process_stack.c" -mcpu=cortex-m3 -std=gnu11 -g3 -DDEBUG -DUSE_HAL_DRIVER -DSTM32F103xB -c -I../Core/Inc -I../Drivers/STM32F1xx_HAL_Driver/Inc/Legacy -I../Drivers/STM32F1xx_HAL_Driver/Inc -I../Drivers/CMSIS/Device/ST/STM32F1xx/Include -I../Drivers/CMSIS/Include -O0 -ffunction-sections -fdata-sections -Wall -fstack-usage -fcyclomatic-complexity -MMD -MP -MF"Core/Src/function_call_in_process_stack.d" -MT"Core/Src/function_call_in_process_stack.o" --specs=nano.specs -mfloat-abi=soft -mthumb -o "Core/Src/function_call_in_process_stack.o"
../Core/Src/function_call_in_process_stack.c: In function 'voidFunc':
../Core/Src/function_call_in_process_stack.c:20:11: warning: unused variable 'z' [-Wunused-variable]
   20 |  uint64_t z = 0xCCDDEEFF;
      |           ^
../Core/Src/function_call_in_process_stack.c:19:11: warning: unused variable 'y' [-Wunused-variable]
   19 |  uint16_t y = 0xBB;
      |           ^
../Core/Src/function_call_in_process_stack.c:18:10: warning: unused variable 'x' [-Wunused-variable]
   18 |  uint8_t x = 0xAA;
      |          ^
arm-none-eabi-gcc -o "test.elf" @"objects.list"   -mcpu=cortex-m3 -T"C:\Users\peter\OneDrive\Desktop\Github\stm32_pseudo_parallel\test\STM32F103C8TX_FLASH.ld" --specs=nosys.specs -Wl,-Map="test.map" -Wl,--gc-sections -static --specs=nano.specs -mfloat-abi=soft -mthumb -Wl,--start-group -lc -lm -Wl,--end-group
Finished building target: test.elf
 
arm-none-eabi-size   test.elf 
arm-none-eabi-objdump -h -S  test.elf  > "test.list"
   text	   data	    bss	    dec	    hex	filename
  10400	    120	   1664	  12184	   2f98	test.elf
Finished building: default.size.stdout
 
Finished building: test.list
 
12:12:26 **** Incremental Build of configuration Debug for project test ****
make -j4 all 
arm-none-eabi-gcc "../Core/Src/function_call_in_process_stack.c" -mcpu=cortex-m3 -std=gnu11 -g3 -DDEBUG -DUSE_HAL_DRIVER -DSTM32F103xB -c -I../Core/Inc -I../Drivers/STM32F1xx_HAL_Driver/Inc/Legacy -I../Drivers/STM32F1xx_HAL_Driver/Inc -I../Drivers/CMSIS/Device/ST/STM32F1xx/Include -I../Drivers/CMSIS/Include -O0 -ffunction-sections -fdata-sections -Wall -fstack-usage -fcyclomatic-complexity -MMD -MP -MF"Core/Src/function_call_in_process_stack.d" -MT"Core/Src/function_call_in_process_stack.o" --specs=nano.specs -mfloat-abi=soft -mthumb -o "Core/Src/function_call_in_process_stack.o"
../Core/Src/function_call_in_process_stack.c: In function 'voidFunc':
../Core/Src/function_call_in_process_stack.c:21:11: warning: unused variable 'z' [-Wunused-variable]
   21 |  uint64_t z = 0xCCDDEEFF;
      |           ^
../Core/Src/function_call_in_process_stack.c:20:11: warning: unused variable 'y' [-Wunused-variable]
   20 |  uint16_t y = 0xBB;
      |           ^
../Core/Src/function_call_in_process_stack.c:19:10: warning: unused variable 'x' [-Wunused-variable]
   19 |  uint8_t x = 0xAA;
      |          ^
arm-none-eabi-gcc -o "test.elf" @"objects.list"   -mcpu=cortex-m3 -T"C:\Users\peter\OneDrive\Desktop\Github\stm32_pseudo_parallel\test\STM32F103C8TX_FLASH.ld" --specs=nosys.specs -Wl,-Map="test.map" -Wl,--gc-sections -static --specs=nano.specs -mfloat-abi=soft -mthumb -Wl,--start-group -lc -lm -Wl,--end-group
Finished building target: test.elf
 
arm-none-eabi-size   test.elf 
arm-none-eabi-objdump -h -S  test.elf  > "test.list"
   text	   data	    bss	    dec	    hex	filename
  10400	    120	   1664	  12184	   2f98	test.elf
Finished building: default.size.stdout
 
Finished building: test.list
 
12:13:14 **** Incremental Build of configuration Debug for project test ****
make -j4 all 
arm-none-eabi-gcc "../Core/Src/function_call_in_process_stack.c" -mcpu=cortex-m3 -std=gnu11 -g3 -DDEBUG -DUSE_HAL_DRIVER -DSTM32F103xB -c -I../Core/Inc -I../Drivers/STM32F1xx_HAL_Driver/Inc/Legacy -I../Drivers/STM32F1xx_HAL_Driver/Inc -I../Drivers/CMSIS/Device/ST/STM32F1xx/Include -I../Drivers/CMSIS/Include -O0 -ffunction-sections -fdata-sections -Wall -fstack-usage -fcyclomatic-complexity -MMD -MP -MF"Core/Src/function_call_in_process_stack.d" -MT"Core/Src/function_call_in_process_stack.o" --specs=nano.specs -mfloat-abi=soft -mthumb -o "Core/Src/function_call_in_process_stack.o"
../Core/Src/function_call_in_process_stack.c: In function 'voidFunc':
../Core/Src/function_call_in_process_stack.c:21:11: warning: variable 'z' set but not used [-Wunused-but-set-variable]
   21 |  uint64_t z = 0xCCDDEEFF;
      |           ^
arm-none-eabi-gcc -o "test.elf" @"objects.list"   -mcpu=cortex-m3 -T"C:\Users\peter\OneDrive\Desktop\Github\stm32_pseudo_parallel\test\STM32F103C8TX_FLASH.ld" --specs=nosys.specs -Wl,-Map="test.map" -Wl,--gc-sections -static --specs=nano.specs -mfloat-abi=soft -mthumb -Wl,--start-group -lc -lm -Wl,--end-group
Finished building target: test.elf
 
arm-none-eabi-size   test.elf 
arm-none-eabi-objdump -h -S  test.elf  > "test.list"
   text	   data	    bss	    dec	    hex	filename
  10416	    120	   1664	  12200	   2fa8	test.elf
Finished building: default.size.stdout
 
Finished building: test.list
 
12:16:32 **** Incremental Build of configuration Debug for project test ****
make -j4 all 
arm-none-eabi-gcc "../Core/Src/function_call_in_process_stack.c" -mcpu=cortex-m3 -std=gnu11 -g3 -DDEBUG -DUSE_HAL_DRIVER -DSTM32F103xB -c -I../Core/Inc -I../Drivers/STM32F1xx_HAL_Driver/Inc/Legacy -I../Drivers/STM32F1xx_HAL_Driver/Inc -I../Drivers/CMSIS/Device/ST/STM32F1xx/Include -I../Drivers/CMSIS/Include -O0 -ffunction-sections -fdata-sections -Wall -fstack-usage -fcyclomatic-complexity -MMD -MP -MF"Core/Src/function_call_in_process_stack.d" -MT"Core/Src/function_call_in_process_stack.o" --specs=nano.specs -mfloat-abi=soft -mthumb -o "Core/Src/function_call_in_process_stack.o"
../Core/Src/function_call_in_process_stack.c: In function 'voidFunc':
../Core/Src/function_call_in_process_stack.c:25:11: warning: variable 'z' set but not used [-Wunused-but-set-variable]
   25 |  uint64_t z = 0xCCDDEEFF;
      |           ^
arm-none-eabi-gcc -o "test.elf" @"objects.list"   -mcpu=cortex-m3 -T"C:\Users\peter\OneDrive\Desktop\Github\stm32_pseudo_parallel\test\STM32F103C8TX_FLASH.ld" --specs=nosys.specs -Wl,-Map="test.map" -Wl,--gc-sections -static --specs=nano.specs -mfloat-abi=soft -mthumb -Wl,--start-group -lc -lm -Wl,--end-group
Finished building target: test.elf
 
arm-none-eabi-size   test.elf 
arm-none-eabi-objdump -h -S  test.elf  > "test.list"
   text	   data	    bss	    dec	    hex	filename
  10416	    120	   1664	  12200	   2fa8	test.elf
Finished building: default.size.stdout
 
Finished building: test.list
 
12:17:08 **** Incremental Build of configuration Debug for project test ****
make -j4 all 
arm-none-eabi-gcc "../Core/Src/function_call_in_process_stack.c" -mcpu=cortex-m3 -std=gnu11 -g3 -DDEBUG -DUSE_HAL_DRIVER -DSTM32F103xB -c -I../Core/Inc -I../Drivers/STM32F1xx_HAL_Driver/Inc/Legacy -I../Drivers/STM32F1xx_HAL_Driver/Inc -I../Drivers/CMSIS/Device/ST/STM32F1xx/Include -I../Drivers/CMSIS/Include -O0 -ffunction-sections -fdata-sections -Wall -fstack-usage -fcyclomatic-complexity -MMD -MP -MF"Core/Src/function_call_in_process_stack.d" -MT"Core/Src/function_call_in_process_stack.o" --specs=nano.specs -mfloat-abi=soft -mthumb -o "Core/Src/function_call_in_process_stack.o"
../Core/Src/function_call_in_process_stack.c: In function 'voidFunc':
../Core/Src/function_call_in_process_stack.c:23:11: warning: variable 'z' set but not used [-Wunused-but-set-variable]
   23 |  uint64_t z = 0xCCDDEEFF;
      |           ^
arm-none-eabi-gcc -o "test.elf" @"objects.list"   -mcpu=cortex-m3 -T"C:\Users\peter\OneDrive\Desktop\Github\stm32_pseudo_parallel\test\STM32F103C8TX_FLASH.ld" --specs=nosys.specs -Wl,-Map="test.map" -Wl,--gc-sections -static --specs=nano.specs -mfloat-abi=soft -mthumb -Wl,--start-group -lc -lm -Wl,--end-group
Finished building target: test.elf
 
arm-none-eabi-size   test.elf 
arm-none-eabi-objdump -h -S  test.elf  > "test.list"
   text	   data	    bss	    dec	    hex	filename
  10416	    120	   1664	  12200	   2fa8	test.elf
Finished building: default.size.stdout
 
Finished building: test.list
 
12:21:17 **** Incremental Build of configuration Debug for project test ****
make -j4 all 
arm-none-eabi-gcc "../Core/Src/function_call_in_process_stack.c" -mcpu=cortex-m3 -std=gnu11 -g3 -DDEBUG -DUSE_HAL_DRIVER -DSTM32F103xB -c -I../Core/Inc -I../Drivers/STM32F1xx_HAL_Driver/Inc/Legacy -I../Drivers/STM32F1xx_HAL_Driver/Inc -I../Drivers/CMSIS/Device/ST/STM32F1xx/Include -I../Drivers/CMSIS/Include -O0 -ffunction-sections -fdata-sections -Wall -fstack-usage -fcyclomatic-complexity -MMD -MP -MF"Core/Src/function_call_in_process_stack.d" -MT"Core/Src/function_call_in_process_stack.o" --specs=nano.specs -mfloat-abi=soft -mthumb -o "Core/Src/function_call_in_process_stack.o"
../Core/Src/function_call_in_process_stack.c: In function 'voidFunc':
../Core/Src/function_call_in_process_stack.c:31:11: warning: variable 'z' set but not used [-Wunused-but-set-variable]
   31 |  uint64_t z = 0xCCDDEEFF;
      |           ^
arm-none-eabi-gcc -o "test.elf" @"objects.list"   -mcpu=cortex-m3 -T"C:\Users\peter\OneDrive\Desktop\Github\stm32_pseudo_parallel\test\STM32F103C8TX_FLASH.ld" --specs=nosys.specs -Wl,-Map="test.map" -Wl,--gc-sections -static --specs=nano.specs -mfloat-abi=soft -mthumb -Wl,--start-group -lc -lm -Wl,--end-group
Finished building target: test.elf
 
arm-none-eabi-size   test.elf 
arm-none-eabi-objdump -h -S  test.elf  > "test.list"
   text	   data	    bss	    dec	    hex	filename
  10416	    120	   1664	  12200	   2fa8	test.elf
Finished building: default.size.stdout
 
Finished building: test.list
 
12:55:05 **** Incremental Build of configuration Debug for project test ****
make -j4 all 
arm-none-eabi-gcc "../Core/Src/function_call_in_process_stack.c" -mcpu=cortex-m3 -std=gnu11 -g3 -DDEBUG -DUSE_HAL_DRIVER -DSTM32F103xB -c -I../Core/Inc -I../Drivers/STM32F1xx_HAL_Driver/Inc/Legacy -I../Drivers/STM32F1xx_HAL_Driver/Inc -I../Drivers/CMSIS/Device/ST/STM32F1xx/Include -I../Drivers/CMSIS/Include -O0 -ffunction-sections -fdata-sections -Wall -fstack-usage -fcyclomatic-complexity -MMD -MP -MF"Core/Src/function_call_in_process_stack.d" -MT"Core/Src/function_call_in_process_stack.o" --specs=nano.specs -mfloat-abi=soft -mthumb -o "Core/Src/function_call_in_process_stack.o"
../Core/Src/function_call_in_process_stack.c: In function 'voidFunc':
../Core/Src/function_call_in_process_stack.c:32:11: warning: variable 'z' set but not used [-Wunused-but-set-variable]
   32 |  uint64_t z = 0xCCDDEEFF;
      |           ^
At top level:
../Core/Src/function_call_in_process_stack.c:22:13: warning: 'voidFunc' defined but not used [-Wunused-function]
   22 | static void voidFunc() {
      |             ^~~~~~~~
arm-none-eabi-gcc -o "test.elf" @"objects.list"   -mcpu=cortex-m3 -T"C:\Users\peter\OneDrive\Desktop\Github\stm32_pseudo_parallel\test\STM32F103C8TX_FLASH.ld" --specs=nosys.specs -Wl,-Map="test.map" -Wl,--gc-sections -static --specs=nano.specs -mfloat-abi=soft -mthumb -Wl,--start-group -lc -lm -Wl,--end-group
Finished building target: test.elf
 
arm-none-eabi-size   test.elf 
arm-none-eabi-objdump -h -S  test.elf  > "test.list"
   text	   data	    bss	    dec	    hex	filename
  10344	    120	   1664	  12128	   2f60	test.elf
Finished building: default.size.stdout
 
Finished building: test.list
 
13:14:12 **** Incremental Build of configuration Debug for project test ****
make -j4 all 
arm-none-eabi-gcc "../Core/Src/function_call_in_process_stack.c" -mcpu=cortex-m3 -std=gnu11 -g3 -DDEBUG -DUSE_HAL_DRIVER -DSTM32F103xB -c -I../Core/Inc -I../Drivers/STM32F1xx_HAL_Driver/Inc/Legacy -I../Drivers/STM32F1xx_HAL_Driver/Inc -I../Drivers/CMSIS/Device/ST/STM32F1xx/Include -I../Drivers/CMSIS/Include -O0 -ffunction-sections -fdata-sections -Wall -fstack-usage -fcyclomatic-complexity -MMD -MP -MF"Core/Src/function_call_in_process_stack.d" -MT"Core/Src/function_call_in_process_stack.o" --specs=nano.specs -mfloat-abi=soft -mthumb -o "Core/Src/function_call_in_process_stack.o"
../Core/Src/function_call_in_process_stack.c: In function 'voidFunc':
../Core/Src/function_call_in_process_stack.c:27:10: warning: unused variable 'x' [-Wunused-variable]
   27 |  uint8_t x = 0xAA;
      |          ^
arm-none-eabi-gcc -o "test.elf" @"objects.list"   -mcpu=cortex-m3 -T"C:\Users\peter\OneDrive\Desktop\Github\stm32_pseudo_parallel\test\STM32F103C8TX_FLASH.ld" --specs=nosys.specs -Wl,-Map="test.map" -Wl,--gc-sections -static --specs=nano.specs -mfloat-abi=soft -mthumb -Wl,--start-group -lc -lm -Wl,--end-group
Finished building target: test.elf
 
arm-none-eabi-size   test.elf 
arm-none-eabi-objdump -h -S  test.elf  > "test.list"
   text	   data	    bss	    dec	    hex	filename
  10368	    120	   1664	  12152	   2f78	test.elf
Finished building: default.size.stdout
 
Finished building: test.list
 
13:23:03 **** Incremental Build of configuration Debug for project test ****
make -j4 all 
arm-none-eabi-gcc "../Core/Src/function_call_in_process_stack.c" -mcpu=cortex-m3 -std=gnu11 -g3 -DDEBUG -DUSE_HAL_DRIVER -DSTM32F103xB -c -I../Core/Inc -I../Drivers/STM32F1xx_HAL_Driver/Inc/Legacy -I../Drivers/STM32F1xx_HAL_Driver/Inc -I../Drivers/CMSIS/Device/ST/STM32F1xx/Include -I../Drivers/CMSIS/Include -O0 -ffunction-sections -fdata-sections -Wall -fstack-usage -fcyclomatic-complexity -MMD -MP -MF"Core/Src/function_call_in_process_stack.d" -MT"Core/Src/function_call_in_process_stack.o" --specs=nano.specs -mfloat-abi=soft -mthumb -o "Core/Src/function_call_in_process_stack.o"
../Core/Src/function_call_in_process_stack.c: In function 'voidFunc':
../Core/Src/function_call_in_process_stack.c:37:10: warning: unused variable 'x' [-Wunused-variable]
   37 |  uint8_t x = 0xAA;
      |          ^
At top level:
../Core/Src/function_call_in_process_stack.c:32:13: warning: 'voidFunc' defined but not used [-Wunused-function]
   32 | static void voidFunc() {
      |             ^~~~~~~~
arm-none-eabi-gcc -o "test.elf" @"objects.list"   -mcpu=cortex-m3 -T"C:\Users\peter\OneDrive\Desktop\Github\stm32_pseudo_parallel\test\STM32F103C8TX_FLASH.ld" --specs=nosys.specs -Wl,-Map="test.map" -Wl,--gc-sections -static --specs=nano.specs -mfloat-abi=soft -mthumb -Wl,--start-group -lc -lm -Wl,--end-group
Finished building target: test.elf
 
arm-none-eabi-size   test.elf 
arm-none-eabi-objdump -h -S  test.elf  > "test.list"
   text	   data	    bss	    dec	    hex	filename
  10344	    120	   1664	  12128	   2f60	test.elf
Finished building: default.size.stdout
 
Finished building: test.list
 
13:23:31 **** Incremental Build of configuration Debug for project test ****
make -j4 all 
arm-none-eabi-size   test.elf 
   text	   data	    bss	    dec	    hex	filename
  10344	    120	   1664	  12128	   2f60	test.elf
Finished building: default.size.stdout
 
13:24:01 **** Incremental Build of configuration Debug for project test ****
make -j4 all 
arm-none-eabi-size   test.elf 
   text	   data	    bss	    dec	    hex	filename
  10344	    120	   1664	  12128	   2f60	test.elf
Finished building: default.size.stdout
 
13:54:49 **** Incremental Build of configuration Debug for project test ****
make -j4 all 
arm-none-eabi-gcc "../Core/Src/function_call_in_process_stack.c" -mcpu=cortex-m3 -std=gnu11 -g3 -DDEBUG -DUSE_HAL_DRIVER -DSTM32F103xB -c -I../Core/Inc -I../Drivers/STM32F1xx_HAL_Driver/Inc/Legacy -I../Drivers/STM32F1xx_HAL_Driver/Inc -I../Drivers/CMSIS/Device/ST/STM32F1xx/Include -I../Drivers/CMSIS/Include -O0 -ffunction-sections -fdata-sections -Wall -fstack-usage -fcyclomatic-complexity -MMD -MP -MF"Core/Src/function_call_in_process_stack.d" -MT"Core/Src/function_call_in_process_stack.o" --specs=nano.specs -mfloat-abi=soft -mthumb -o "Core/Src/function_call_in_process_stack.o"
../Core/Src/function_call_in_process_stack.c: In function 'voidFunc':
../Core/Src/function_call_in_process_stack.c:37:10: warning: unused variable 'x' [-Wunused-variable]
   37 |  uint8_t x = 0xAA;
      |          ^
../Core/Src/function_call_in_process_stack.c: In function 'funtion_call_in_process_stack_run':
../Core/Src/function_call_in_process_stack.c:51:6: warning: unused variable 'y' [-Wunused-variable]
   51 |  int y = 20;
      |      ^
../Core/Src/function_call_in_process_stack.c:49:6: warning: unused variable 'x' [-Wunused-variable]
   49 |  int x = 10;
      |      ^
At top level:
../Core/Src/function_call_in_process_stack.c:32:13: warning: 'voidFunc' defined but not used [-Wunused-function]
   32 | static void voidFunc() {
      |             ^~~~~~~~
arm-none-eabi-gcc -o "test.elf" @"objects.list"   -mcpu=cortex-m3 -T"C:\Users\peter\OneDrive\Desktop\Github\stm32_pseudo_parallel\test\STM32F103C8TX_FLASH.ld" --specs=nosys.specs -Wl,-Map="test.map" -Wl,--gc-sections -static --specs=nano.specs -mfloat-abi=soft -mthumb -Wl,--start-group -lc -lm -Wl,--end-group
Finished building target: test.elf
 
arm-none-eabi-size   test.elf 
arm-none-eabi-objdump -h -S  test.elf  > "test.list"
   text	   data	    bss	    dec	    hex	filename
  10352	    120	   1664	  12136	   2f68	test.elf
Finished building: default.size.stdout
 
Finished building: test.list
 
14:00:39 **** Incremental Build of configuration Debug for project test ****
make -j4 all 
arm-none-eabi-gcc "../Core/Src/function_call_in_process_stack.c" -mcpu=cortex-m3 -std=gnu11 -g3 -DDEBUG -DUSE_HAL_DRIVER -DSTM32F103xB -c -I../Core/Inc -I../Drivers/STM32F1xx_HAL_Driver/Inc/Legacy -I../Drivers/STM32F1xx_HAL_Driver/Inc -I../Drivers/CMSIS/Device/ST/STM32F1xx/Include -I../Drivers/CMSIS/Include -O0 -ffunction-sections -fdata-sections -Wall -fstack-usage -fcyclomatic-complexity -MMD -MP -MF"Core/Src/function_call_in_process_stack.d" -MT"Core/Src/function_call_in_process_stack.o" --specs=nano.specs -mfloat-abi=soft -mthumb -o "Core/Src/function_call_in_process_stack.o"
../Core/Src/function_call_in_process_stack.c: In function 'voidFunc':
../Core/Src/function_call_in_process_stack.c:37:10: warning: unused variable 'x' [-Wunused-variable]
   37 |  uint8_t x = 0xAA;
      |          ^
../Core/Src/function_call_in_process_stack.c: In function 'funtion_call_in_process_stack_run':
../Core/Src/function_call_in_process_stack.c:57:6: warning: unused variable 'y' [-Wunused-variable]
   57 |  int y = 20;
      |      ^
../Core/Src/function_call_in_process_stack.c:54:6: warning: unused variable 'x' [-Wunused-variable]
   54 |  int x = 10;
      |      ^
At top level:
../Core/Src/function_call_in_process_stack.c:15:13: warning: 'voidEmptyFunc' defined but not used [-Wunused-function]
   15 | static void voidEmptyFunc() {
      |             ^~~~~~~~~~~~~
arm-none-eabi-gcc -o "test.elf" @"objects.list"   -mcpu=cortex-m3 -T"C:\Users\peter\OneDrive\Desktop\Github\stm32_pseudo_parallel\test\STM32F103C8TX_FLASH.ld" --specs=nosys.specs -Wl,-Map="test.map" -Wl,--gc-sections -static --specs=nano.specs -mfloat-abi=soft -mthumb -Wl,--start-group -lc -lm -Wl,--end-group
Finished building target: test.elf
 
arm-none-eabi-size   test.elf 
arm-none-eabi-objdump -h -S  test.elf  > "test.list"
   text	   data	    bss	    dec	    hex	filename
  10360	    120	   1664	  12144	   2f70	test.elf
Finished building: default.size.stdout
 
Finished building: test.list
 
14:06:23 **** Incremental Build of configuration Debug for project test ****
make -j4 all 
arm-none-eabi-gcc "../Core/Src/function_call_in_process_stack.c" -mcpu=cortex-m3 -std=gnu11 -g3 -DDEBUG -DUSE_HAL_DRIVER -DSTM32F103xB -c -I../Core/Inc -I../Drivers/STM32F1xx_HAL_Driver/Inc/Legacy -I../Drivers/STM32F1xx_HAL_Driver/Inc -I../Drivers/CMSIS/Device/ST/STM32F1xx/Include -I../Drivers/CMSIS/Include -O0 -ffunction-sections -fdata-sections -Wall -fstack-usage -fcyclomatic-complexity -MMD -MP -MF"Core/Src/function_call_in_process_stack.d" -MT"Core/Src/function_call_in_process_stack.o" --specs=nano.specs -mfloat-abi=soft -mthumb -o "Core/Src/function_call_in_process_stack.o"
../Core/Src/function_call_in_process_stack.c: In function 'voidFunc':
../Core/Src/function_call_in_process_stack.c:38:10: warning: unused variable 'x' [-Wunused-variable]
   38 |  uint8_t x = 0xAA;
      |          ^
../Core/Src/function_call_in_process_stack.c: In function 'funtion_call_in_process_stack_run':
../Core/Src/function_call_in_process_stack.c:63:6: warning: unused variable 'y' [-Wunused-variable]
   63 |  int y = 20;
      |      ^
../Core/Src/function_call_in_process_stack.c:60:6: warning: unused variable 'x' [-Wunused-variable]
   60 |  int x = 10;
      |      ^
At top level:
../Core/Src/function_call_in_process_stack.c:15:13: warning: 'voidEmptyFunc' defined but not used [-Wunused-function]
   15 | static void voidEmptyFunc() {
      |             ^~~~~~~~~~~~~
arm-none-eabi-gcc -o "test.elf" @"objects.list"   -mcpu=cortex-m3 -T"C:\Users\peter\OneDrive\Desktop\Github\stm32_pseudo_parallel\test\STM32F103C8TX_FLASH.ld" --specs=nosys.specs -Wl,-Map="test.map" -Wl,--gc-sections -static --specs=nano.specs -mfloat-abi=soft -mthumb -Wl,--start-group -lc -lm -Wl,--end-group
Finished building target: test.elf
 
arm-none-eabi-size   test.elf 
arm-none-eabi-objdump -h -S  test.elf  > "test.list"
   text	   data	    bss	    dec	    hex	filename
  10360	    120	   1664	  12144	   2f70	test.elf
Finished building: default.size.stdout
 
Finished building: test.list
 
14:12:20 **** Incremental Build of configuration Debug for project test ****
make -j4 all 
arm-none-eabi-size   test.elf 
   text	   data	    bss	    dec	    hex	filename
  10360	    120	   1664	  12144	   2f70	test.elf
Finished building: default.size.stdout
 
14:14:29 **** Incremental Build of configuration Debug for project test ****
make -j4 all 
arm-none-eabi-size   test.elf 
   text	   data	    bss	    dec	    hex	filename
  10360	    120	   1664	  12144	   2f70	test.elf
Finished building: default.size.stdout
 
14:16:23 **** Incremental Build of configuration Debug for project test ****
make -j4 all 
arm-none-eabi-gcc "../Core/Src/function_call_in_process_stack.c" -mcpu=cortex-m3 -std=gnu11 -g3 -DDEBUG -DUSE_HAL_DRIVER -DSTM32F103xB -c -I../Core/Inc -I../Drivers/STM32F1xx_HAL_Driver/Inc/Legacy -I../Drivers/STM32F1xx_HAL_Driver/Inc -I../Drivers/CMSIS/Device/ST/STM32F1xx/Include -I../Drivers/CMSIS/Include -O0 -ffunction-sections -fdata-sections -Wall -fstack-usage -fcyclomatic-complexity -MMD -MP -MF"Core/Src/function_call_in_process_stack.d" -MT"Core/Src/function_call_in_process_stack.o" --specs=nano.specs -mfloat-abi=soft -mthumb -o "Core/Src/function_call_in_process_stack.o"
../Core/Src/function_call_in_process_stack.c: In function 'voidFunc':
../Core/Src/function_call_in_process_stack.c:38:10: warning: unused variable 'x' [-Wunused-variable]
   38 |  uint8_t x = 0xAA;
      |          ^
../Core/Src/function_call_in_process_stack.c: In function 'funtion_call_in_process_stack_run':
../Core/Src/function_call_in_process_stack.c:63:6: warning: unused variable 'y' [-Wunused-variable]
   63 |  int y = 20;
      |      ^
../Core/Src/function_call_in_process_stack.c:60:6: warning: unused variable 'x' [-Wunused-variable]
   60 |  int x = 10;
      |      ^
At top level:
../Core/Src/function_call_in_process_stack.c:30:13: warning: 'voidFunc' defined but not used [-Wunused-function]
   30 | static void voidFunc() {
      |             ^~~~~~~~
arm-none-eabi-gcc -o "test.elf" @"objects.list"   -mcpu=cortex-m3 -T"C:\Users\peter\OneDrive\Desktop\Github\stm32_pseudo_parallel\test\STM32F103C8TX_FLASH.ld" --specs=nosys.specs -Wl,-Map="test.map" -Wl,--gc-sections -static --specs=nano.specs -mfloat-abi=soft -mthumb -Wl,--start-group -lc -lm -Wl,--end-group
Finished building target: test.elf
 
arm-none-eabi-size   test.elf 
arm-none-eabi-objdump -h -S  test.elf  > "test.list"
   text	   data	    bss	    dec	    hex	filename
  10352	    120	   1664	  12136	   2f68	test.elf
Finished building: default.size.stdout
 
Finished building: test.list
 
14:17:09 **** Incremental Build of configuration Debug for project test ****
make -j4 all 
arm-none-eabi-gcc "../Core/Src/function_call_in_process_stack.c" -mcpu=cortex-m3 -std=gnu11 -g3 -DDEBUG -DUSE_HAL_DRIVER -DSTM32F103xB -c -I../Core/Inc -I../Drivers/STM32F1xx_HAL_Driver/Inc/Legacy -I../Drivers/STM32F1xx_HAL_Driver/Inc -I../Drivers/CMSIS/Device/ST/STM32F1xx/Include -I../Drivers/CMSIS/Include -O0 -ffunction-sections -fdata-sections -Wall -fstack-usage -fcyclomatic-complexity -MMD -MP -MF"Core/Src/function_call_in_process_stack.d" -MT"Core/Src/function_call_in_process_stack.o" --specs=nano.specs -mfloat-abi=soft -mthumb -o "Core/Src/function_call_in_process_stack.o"
../Core/Src/function_call_in_process_stack.c: In function 'voidFunc':
../Core/Src/function_call_in_process_stack.c:38:10: warning: unused variable 'x' [-Wunused-variable]
   38 |  uint8_t x = 0xAA;
      |          ^
../Core/Src/function_call_in_process_stack.c: In function 'funtion_call_in_process_stack_run':
../Core/Src/function_call_in_process_stack.c:63:6: warning: unused variable 'y' [-Wunused-variable]
   63 |  int y = 20;
      |      ^
../Core/Src/function_call_in_process_stack.c:60:6: warning: unused variable 'x' [-Wunused-variable]
   60 |  int x = 10;
      |      ^
At top level:
../Core/Src/function_call_in_process_stack.c:30:13: warning: 'voidFunc' defined but not used [-Wunused-function]
   30 | static void voidFunc() {
      |             ^~~~~~~~
arm-none-eabi-gcc -o "test.elf" @"objects.list"   -mcpu=cortex-m3 -T"C:\Users\peter\OneDrive\Desktop\Github\stm32_pseudo_parallel\test\STM32F103C8TX_FLASH.ld" --specs=nosys.specs -Wl,-Map="test.map" -Wl,--gc-sections -static --specs=nano.specs -mfloat-abi=soft -mthumb -Wl,--start-group -lc -lm -Wl,--end-group
Finished building target: test.elf
 
arm-none-eabi-size   test.elf 
arm-none-eabi-objdump -h -S  test.elf  > "test.list"
   text	   data	    bss	    dec	    hex	filename
   8656	    120	   1664	  10440	   28c8	test.elf
Finished building: default.size.stdout
 
Finished building: test.list
 
14:17:53 **** Incremental Build of configuration Debug for project test ****
make -j4 all 
arm-none-eabi-size   test.elf 
   text	   data	    bss	    dec	    hex	filename
   8656	    120	   1664	  10440	   28c8	test.elf
Finished building: default.size.stdout
 
14:31:42 **** Incremental Build of configuration Debug for project test ****
make -j4 all 
arm-none-eabi-size   test.elf 
   text	   data	    bss	    dec	    hex	filename
   8656	    120	   1664	  10440	   28c8	test.elf
Finished building: default.size.stdout
 
14:35:07 **** Incremental Build of configuration Debug for project test ****
make -j4 all 
arm-none-eabi-size   test.elf 
   text	   data	    bss	    dec	    hex	filename
   8656	    120	   1664	  10440	   28c8	test.elf
Finished building: default.size.stdout
 
14:35:28 **** Incremental Build of configuration Debug for project test ****
make -j4 all 
arm-none-eabi-size   test.elf 
   text	   data	    bss	    dec	    hex	filename
   8656	    120	   1664	  10440	   28c8	test.elf
Finished building: default.size.stdout
 
14:38:09 **** Incremental Build of configuration Debug for project test ****
make -j4 all 
arm-none-eabi-size   test.elf 
   text	   data	    bss	    dec	    hex	filename
   8656	    120	   1664	  10440	   28c8	test.elf
Finished building: default.size.stdout
 
15:10:06 **** Incremental Build of configuration Debug for project test ****
make -j4 all 
[...]
../Core/Src/task_switching_with_Systick_PendSV.c: In function 'taskSwitching':
../Core/Src/task_switching_with_Systick_PendSV.c:94:9: warning: assignment to 'void (*)()' from 'uint32_t' {aka 'long unsigned int'} makes pointer from integer without a cast [-Wint-conversion]
   94 |    task = stack[count][SIZE-2];
      |         ^
../Core/Src/task_switching_with_Systick_PendSV.c:95:20: error: expected expression before ')' token
   95 |    addTask(count, ()stack[count][SIZE - 2]);
      |                    ^
make: *** [Core/Src/subdir.mk:52: Core/Src/task_switching_with_Systick_PendSV.o] Error 1
"make -j4 all" terminated with exit code 2. Build might be incomplete.
23:28:11 **** Incremental Build of configuration Debug for project test ****
make -j4 all 
arm-none-eabi-gcc "../Core/Src/task_switching_with_Systick_PendSV.c" -mcpu=cortex-m3 -std=gnu11 -g3 -DDEBUG -DUSE_HAL_DRIVER -DSTM32F103xB -c -I../Core/Inc -I../Drivers/STM32F1xx_HAL_Driver/Inc/Legacy -I../Drivers/STM32F1xx_HAL_Driver/Inc -I../Drivers/CMSIS/Device/ST/STM32F1xx/Include -I../Drivers/CMSIS/Include -O0 -ffunction-sections -fdata-sections -Wall -fstack-usage -fcyclomatic-complexity -MMD -MP -MF"Core/Src/task_switching_with_Systick_PendSV.d" -MT"Core/Src/task_switching_with_Systick_PendSV.o" --specs=nano.specs -mfloat-abi=soft -mthumb -o "Core/Src/task_switching_with_Systick_PendSV.o"
../Core/Src/task_switching_with_Systick_PendSV.c: In function 'taskSwitching':
../Core/Src/task_switching_with_Systick_PendSV.c:94:9: warning: assignment to 'void (*)()' from 'uint32_t' {aka 'long unsigned int'} makes pointer from integer without a cast [-Wint-conversion]
   94 |    task = stack[count][SIZE-2];
      |         ^
arm-none-eabi-gcc -o "test.elf" @"objects.list"   -mcpu=cortex-m3 -T"C:\Users\peter\OneDrive\Desktop\Github\stm32_pseudo_parallel\test\STM32F103C8TX_FLASH.ld" --specs=nosys.specs -Wl,-Map="test.map" -Wl,--gc-sections -static --specs=nano.specs -mfloat-abi=soft -mthumb -Wl,--start-group -lc -lm -Wl,--end-group
Finished building target: test.elf
 
arm-none-eabi-size   test.elf 
arm-none-eabi-objdump -h -S  test.elf  > "test.list"
   text	   data	    bss	    dec	    hex	filename
   9568	    120	   2216	  11904	   2e80	test.elf
Finished building: default.size.stdout
 
Finished building: test.list
 
23:28:20 **** Incremental Build of configuration Debug for project test ****
make -j4 all 
arm-none-eabi-gcc "../Core/Src/task_switching_with_Systick_PendSV.c" -mcpu=cortex-m3 -std=gnu11 -g3 -DDEBUG -DUSE_HAL_DRIVER -DSTM32F103xB -c -I../Core/Inc -I../Drivers/STM32F1xx_HAL_Driver/Inc/Legacy -I../Drivers/STM32F1xx_HAL_Driver/Inc -I../Drivers/CMSIS/Device/ST/STM32F1xx/Include -I../Drivers/CMSIS/Include -O0 -ffunction-sections -fdata-sections -Wall -fstack-usage -fcyclomatic-complexity -MMD -MP -MF"Core/Src/task_switching_with_Systick_PendSV.d" -MT"Core/Src/task_switching_with_Systick_PendSV.o" --specs=nano.specs -mfloat-abi=soft -mthumb -o "Core/Src/task_switching_with_Systick_PendSV.o"
arm-none-eabi-gcc -o "test.elf" @"objects.list"   -mcpu=cortex-m3 -T"C:\Users\peter\OneDrive\Desktop\Github\stm32_pseudo_parallel\test\STM32F103C8TX_FLASH.ld" --specs=nosys.specs -Wl,-Map="test.map" -Wl,--gc-sections -static --specs=nano.specs -mfloat-abi=soft -mthumb -Wl,--start-group -lc -lm -Wl,--end-group
Finished building target: test.elf
 
arm-none-eabi-size   test.elf 
arm-none-eabi-objdump -h -S  test.elf  > "test.list"
   text	   data	    bss	    dec	    hex	filename
   9544	    120	   2216	  11880	   2e68	test.elf
Finished building: default.size.stdout
 
Finished building: test.list
 
23:28:30 **** Incremental Build of configuration Debug for project test ****
make -j4 all 
arm-none-eabi-gcc "../Core/Src/task_switching_with_Systick_PendSV.c" -mcpu=cortex-m3 -std=gnu11 -g3 -DDEBUG -DUSE_HAL_DRIVER -DSTM32F103xB -c -I../Core/Inc -I../Drivers/STM32F1xx_HAL_Driver/Inc/Legacy -I../Drivers/STM32F1xx_HAL_Driver/Inc -I../Drivers/CMSIS/Device/ST/STM32F1xx/Include -I../Drivers/CMSIS/Include -O0 -ffunction-sections -fdata-sections -Wall -fstack-usage -fcyclomatic-complexity -MMD -MP -MF"Core/Src/task_switching_with_Systick_PendSV.d" -MT"Core/Src/task_switching_with_Systick_PendSV.o" --specs=nano.specs -mfloat-abi=soft -mthumb -o "Core/Src/task_switching_with_Systick_PendSV.o"
arm-none-eabi-gcc -o "test.elf" @"objects.list"   -mcpu=cortex-m3 -T"C:\Users\peter\OneDrive\Desktop\Github\stm32_pseudo_parallel\test\STM32F103C8TX_FLASH.ld" --specs=nosys.specs -Wl,-Map="test.map" -Wl,--gc-sections -static --specs=nano.specs -mfloat-abi=soft -mthumb -Wl,--start-group -lc -lm -Wl,--end-group
Finished building target: test.elf
 
arm-none-eabi-size   test.elf 
arm-none-eabi-objdump -h -S  test.elf  > "test.list"
   text	   data	    bss	    dec	    hex	filename
   9544	    120	   2216	  11880	   2e68	test.elf
Finished building: default.size.stdout
 
Finished building: test.list
 
23:28:41 **** Incremental Build of configuration Debug for project test ****
make -j4 all 
arm-none-eabi-size   test.elf 
   text	   data	    bss	    dec	    hex	filename
   9544	    120	   2216	  11880	   2e68	test.elf
Finished building: default.size.stdout
 
23:31:35 **** Incremental Build of configuration Debug for project test ****
make -j4 all 
arm-none-eabi-size   test.elf 
   text	   data	    bss	    dec	    hex	filename
   9544	    120	   2216	  11880	   2e68	test.elf
Finished building: default.size.stdout
 
23:31:48 **** Incremental Build of configuration Debug for project test ****
make -j4 all 
arm-none-eabi-gcc "../Core/Src/task_switching_with_Systick_PendSV.c" -mcpu=cortex-m3 -std=gnu11 -g3 -DDEBUG -DUSE_HAL_DRIVER -DSTM32F103xB -c -I../Core/Inc -I../Drivers/STM32F1xx_HAL_Driver/Inc/Legacy -I../Drivers/STM32F1xx_HAL_Driver/Inc -I../Drivers/CMSIS/Device/ST/STM32F1xx/Include -I../Drivers/CMSIS/Include -O0 -ffunction-sections -fdata-sections -Wall -fstack-usage -fcyclomatic-complexity -MMD -MP -MF"Core/Src/task_switching_with_Systick_PendSV.d" -MT"Core/Src/task_switching_with_Systick_PendSV.o" --specs=nano.specs -mfloat-abi=soft -mthumb -o "Core/Src/task_switching_with_Systick_PendSV.o"
arm-none-eabi-gcc -o "test.elf" @"objects.list"   -mcpu=cortex-m3 -T"C:\Users\peter\OneDrive\Desktop\Github\stm32_pseudo_parallel\test\STM32F103C8TX_FLASH.ld" --specs=nosys.specs -Wl,-Map="test.map" -Wl,--gc-sections -static --specs=nano.specs -mfloat-abi=soft -mthumb -Wl,--start-group -lc -lm -Wl,--end-group
Finished building target: test.elf
 
arm-none-eabi-size   test.elf 
arm-none-eabi-objdump -h -S  test.elf  > "test.list"
   text	   data	    bss	    dec	    hex	filename
   9544	    120	   2216	  11880	   2e68	test.elf
Finished building: default.size.stdout
 
Finished building: test.list
 
23:32:40 **** Incremental Build of configuration Debug for project test ****
make -j4 all 
arm-none-eabi-gcc "../Core/Src/task_switching_with_Systick_PendSV.c" -mcpu=cortex-m3 -std=gnu11 -g3 -DDEBUG -DUSE_HAL_DRIVER -DSTM32F103xB -c -I../Core/Inc -I../Drivers/STM32F1xx_HAL_Driver/Inc/Legacy -I../Drivers/STM32F1xx_HAL_Driver/Inc -I../Drivers/CMSIS/Device/ST/STM32F1xx/Include -I../Drivers/CMSIS/Include -O0 -ffunction-sections -fdata-sections -Wall -fstack-usage -fcyclomatic-complexity -MMD -MP -MF"Core/Src/task_switching_with_Systick_PendSV.d" -MT"Core/Src/task_switching_with_Systick_PendSV.o" --specs=nano.specs -mfloat-abi=soft -mthumb -o "Core/Src/task_switching_with_Systick_PendSV.o"
arm-none-eabi-gcc -o "test.elf" @"objects.list"   -mcpu=cortex-m3 -T"C:\Users\peter\OneDrive\Desktop\Github\stm32_pseudo_parallel\test\STM32F103C8TX_FLASH.ld" --specs=nosys.specs -Wl,-Map="test.map" -Wl,--gc-sections -static --specs=nano.specs -mfloat-abi=soft -mthumb -Wl,--start-group -lc -lm -Wl,--end-group
Finished building target: test.elf
 
arm-none-eabi-size   test.elf 
arm-none-eabi-objdump -h -S  test.elf  > "test.list"
   text	   data	    bss	    dec	    hex	filename
   9548	    120	   2216	  11884	   2e6c	test.elf
Finished building: default.size.stdout
 
Finished building: test.list
 
23:33:57 **** Incremental Build of configuration Debug for project test ****
make -j4 all 
arm-none-eabi-size   test.elf 
   text	   data	    bss	    dec	    hex	filename
   9548	    120	   2216	  11884	   2e6c	test.elf
Finished building: default.size.stdout
 
23:35:20 **** Incremental Build of configuration Debug for project test ****
make -j4 all 
arm-none-eabi-gcc "../Core/Src/task_switching_with_Systick_PendSV.c" -mcpu=cortex-m3 -std=gnu11 -g3 -DDEBUG -DUSE_HAL_DRIVER -DSTM32F103xB -c -I../Core/Inc -I../Drivers/STM32F1xx_HAL_Driver/Inc/Legacy -I../Drivers/STM32F1xx_HAL_Driver/Inc -I../Drivers/CMSIS/Device/ST/STM32F1xx/Include -I../Drivers/CMSIS/Include -O0 -ffunction-sections -fdata-sections -Wall -fstack-usage -fcyclomatic-complexity -MMD -MP -MF"Core/Src/task_switching_with_Systick_PendSV.d" -MT"Core/Src/task_switching_with_Systick_PendSV.o" --specs=nano.specs -mfloat-abi=soft -mthumb -o "Core/Src/task_switching_with_Systick_PendSV.o"
arm-none-eabi-gcc -o "test.elf" @"objects.list"   -mcpu=cortex-m3 -T"C:\Users\peter\OneDrive\Desktop\Github\stm32_pseudo_parallel\test\STM32F103C8TX_FLASH.ld" --specs=nosys.specs -Wl,-Map="test.map" -Wl,--gc-sections -static --specs=nano.specs -mfloat-abi=soft -mthumb -Wl,--start-group -lc -lm -Wl,--end-group
Finished building target: test.elf
 
arm-none-eabi-size   test.elf 
arm-none-eabi-objdump -h -S  test.elf  > "test.list"
   text	   data	    bss	    dec	    hex	filename
   9552	    120	   2728	  12400	   3070	test.elf
Finished building: default.size.stdout
 
Finished building: test.list
 
23:38:09 **** Incremental Build of configuration Debug for project test ****
make -j4 all 
arm-none-eabi-gcc "../Core/Src/task_switching_with_Systick_PendSV.c" -mcpu=cortex-m3 -std=gnu11 -g3 -DDEBUG -DUSE_HAL_DRIVER -DSTM32F103xB -c -I../Core/Inc -I../Drivers/STM32F1xx_HAL_Driver/Inc/Legacy -I../Drivers/STM32F1xx_HAL_Driver/Inc -I../Drivers/CMSIS/Device/ST/STM32F1xx/Include -I../Drivers/CMSIS/Include -O0 -ffunction-sections -fdata-sections -Wall -fstack-usage -fcyclomatic-complexity -MMD -MP -MF"Core/Src/task_switching_with_Systick_PendSV.d" -MT"Core/Src/task_switching_with_Systick_PendSV.o" --specs=nano.specs -mfloat-abi=soft -mthumb -o "Core/Src/task_switching_with_Systick_PendSV.o"
../Core/Src/task_switching_with_Systick_PendSV.c:72:36: warning: 'taskSwitching' defined but not used [-Wunused-function]
   72 | __attribute__((naked)) static void taskSwitching() {
      |                                    ^~~~~~~~~~~~~
arm-none-eabi-gcc -o "test.elf" @"objects.list"   -mcpu=cortex-m3 -T"C:\Users\peter\OneDrive\Desktop\Github\stm32_pseudo_parallel\test\STM32F103C8TX_FLASH.ld" --specs=nosys.specs -Wl,-Map="test.map" -Wl,--gc-sections -static --specs=nano.specs -mfloat-abi=soft -mthumb -Wl,--start-group -lc -lm -Wl,--end-group
Finished building target: test.elf
 
arm-none-eabi-size   test.elf 
arm-none-eabi-objdump -h -S  test.elf  > "test.list"
   text	   data	    bss	    dec	    hex	filename
   9532	    120	   2216	  11868	   2e5c	test.elf
Finished building: default.size.stdout
 
Finished building: test.list
 
23:38:25 **** Incremental Build of configuration Debug for project test ****
make -j4 all 
arm-none-eabi-size   test.elf 
   text	   data	    bss	    dec	    hex	filename
   9532	    120	   2216	  11868	   2e5c	test.elf
Finished building: default.size.stdout
 
23:39:26 **** Incremental Build of configuration Debug for project test ****
make -j4 all 
arm-none-eabi-gcc "../Core/Src/task_switching_with_Systick_PendSV.c" -mcpu=cortex-m3 -std=gnu11 -g3 -DDEBUG -DUSE_HAL_DRIVER -DSTM32F103xB -c -I../Core/Inc -I../Drivers/STM32F1xx_HAL_Driver/Inc/Legacy -I../Drivers/STM32F1xx_HAL_Driver/Inc -I../Drivers/CMSIS/Device/ST/STM32F1xx/Include -I../Drivers/CMSIS/Include -O0 -ffunction-sections -fdata-sections -Wall -fstack-usage -fcyclomatic-complexity -MMD -MP -MF"Core/Src/task_switching_with_Systick_PendSV.d" -MT"Core/Src/task_switching_with_Systick_PendSV.o" --specs=nano.specs -mfloat-abi=soft -mthumb -o "Core/Src/task_switching_with_Systick_PendSV.o"
../Core/Src/task_switching_with_Systick_PendSV.c:72:36: warning: 'taskSwitching' defined but not used [-Wunused-function]
   72 | __attribute__((naked)) static void taskSwitching() {
      |                                    ^~~~~~~~~~~~~
arm-none-eabi-gcc -o "test.elf" @"objects.list"   -mcpu=cortex-m3 -T"C:\Users\peter\OneDrive\Desktop\Github\stm32_pseudo_parallel\test\STM32F103C8TX_FLASH.ld" --specs=nosys.specs -Wl,-Map="test.map" -Wl,--gc-sections -static --specs=nano.specs -mfloat-abi=soft -mthumb -Wl,--start-group -lc -lm -Wl,--end-group
Finished building target: test.elf
 
arm-none-eabi-size   test.elf 
arm-none-eabi-objdump -h -S  test.elf  > "test.list"
   text	   data	    bss	    dec	    hex	filename
   9524	    120	   2216	  11860	   2e54	test.elf
Finished building: default.size.stdout
 
Finished building: test.list
 
23:39:44 **** Incremental Build of configuration Debug for project test ****
make -j4 all 
arm-none-eabi-size   test.elf 
   text	   data	    bss	    dec	    hex	filename
   9524	    120	   2216	  11860	   2e54	test.elf
Finished building: default.size.stdout
 
23:43:15 **** Incremental Build of configuration Debug for project test ****
make -j4 all 
arm-none-eabi-gcc "../Core/Src/task_switching_with_Systick_PendSV.c" -mcpu=cortex-m3 -std=gnu11 -g3 -DDEBUG -DUSE_HAL_DRIVER -DSTM32F103xB -c -I../Core/Inc -I../Drivers/STM32F1xx_HAL_Driver/Inc/Legacy -I../Drivers/STM32F1xx_HAL_Driver/Inc -I../Drivers/CMSIS/Device/ST/STM32F1xx/Include -I../Drivers/CMSIS/Include -O0 -ffunction-sections -fdata-sections -Wall -fstack-usage -fcyclomatic-complexity -MMD -MP -MF"Core/Src/task_switching_with_Systick_PendSV.d" -MT"Core/Src/task_switching_with_Systick_PendSV.o" --specs=nano.specs -mfloat-abi=soft -mthumb -o "Core/Src/task_switching_with_Systick_PendSV.o"
arm-none-eabi-gcc -o "test.elf" @"objects.list"   -mcpu=cortex-m3 -T"C:\Users\peter\OneDrive\Desktop\Github\stm32_pseudo_parallel\test\STM32F103C8TX_FLASH.ld" --specs=nosys.specs -Wl,-Map="test.map" -Wl,--gc-sections -static --specs=nano.specs -mfloat-abi=soft -mthumb -Wl,--start-group -lc -lm -Wl,--end-group
Finished building target: test.elf
 
arm-none-eabi-size   test.elf 
arm-none-eabi-objdump -h -S  test.elf  > "test.list"
   text	   data	    bss	    dec	    hex	filename
   9564	    120	   2224	  11908	   2e84	test.elf
Finished building: default.size.stdout
 
Finished building: test.list
 
23:43:34 **** Incremental Build of configuration Debug for project test ****
make -j4 all 
arm-none-eabi-gcc "../Core/Src/task_switching_with_Systick_PendSV.c" -mcpu=cortex-m3 -std=gnu11 -g3 -DDEBUG -DUSE_HAL_DRIVER -DSTM32F103xB -c -I../Core/Inc -I../Drivers/STM32F1xx_HAL_Driver/Inc/Legacy -I../Drivers/STM32F1xx_HAL_Driver/Inc -I../Drivers/CMSIS/Device/ST/STM32F1xx/Include -I../Drivers/CMSIS/Include -O0 -ffunction-sections -fdata-sections -Wall -fstack-usage -fcyclomatic-complexity -MMD -MP -MF"Core/Src/task_switching_with_Systick_PendSV.d" -MT"Core/Src/task_switching_with_Systick_PendSV.o" --specs=nano.specs -mfloat-abi=soft -mthumb -o "Core/Src/task_switching_with_Systick_PendSV.o"
arm-none-eabi-gcc -o "test.elf" @"objects.list"   -mcpu=cortex-m3 -T"C:\Users\peter\OneDrive\Desktop\Github\stm32_pseudo_parallel\test\STM32F103C8TX_FLASH.ld" --specs=nosys.specs -Wl,-Map="test.map" -Wl,--gc-sections -static --specs=nano.specs -mfloat-abi=soft -mthumb -Wl,--start-group -lc -lm -Wl,--end-group
Finished building target: test.elf
 
arm-none-eabi-size   test.elf 
arm-none-eabi-objdump -h -S  test.elf  > "test.list"
   text	   data	    bss	    dec	    hex	filename
   9560	    120	   2224	  11904	   2e80	test.elf
Finished building: default.size.stdout
 
Finished building: test.list
 
23:44:55 **** Incremental Build of configuration Debug for project test ****
make -j4 all 
arm-none-eabi-gcc "../Core/Src/task_switching_with_Systick_PendSV.c" -mcpu=cortex-m3 -std=gnu11 -g3 -DDEBUG -DUSE_HAL_DRIVER -DSTM32F103xB -c -I../Core/Inc -I../Drivers/STM32F1xx_HAL_Driver/Inc/Legacy -I../Drivers/STM32F1xx_HAL_Driver/Inc -I../Drivers/CMSIS/Device/ST/STM32F1xx/Include -I../Drivers/CMSIS/Include -O0 -ffunction-sections -fdata-sections -Wall -fstack-usage -fcyclomatic-complexity -MMD -MP -MF"Core/Src/task_switching_with_Systick_PendSV.d" -MT"Core/Src/task_switching_with_Systick_PendSV.o" --specs=nano.specs -mfloat-abi=soft -mthumb -o "Core/Src/task_switching_with_Systick_PendSV.o"
arm-none-eabi-gcc -o "test.elf" @"objects.list"   -mcpu=cortex-m3 -T"C:\Users\peter\OneDrive\Desktop\Github\stm32_pseudo_parallel\test\STM32F103C8TX_FLASH.ld" --specs=nosys.specs -Wl,-Map="test.map" -Wl,--gc-sections -static --specs=nano.specs -mfloat-abi=soft -mthumb -Wl,--start-group -lc -lm -Wl,--end-group
Finished building target: test.elf
 
arm-none-eabi-size   test.elf 
arm-none-eabi-objdump -h -S  test.elf  > "test.list"
   text	   data	    bss	    dec	    hex	filename
   9568	    120	   2224	  11912	   2e88	test.elf
Finished building: default.size.stdout
 
Finished building: test.list
 
23:47:30 **** Incremental Build of configuration Debug for project test ****
make -j4 all 
arm-none-eabi-gcc "../Core/Src/task_switching_with_Systick_PendSV.c" -mcpu=cortex-m3 -std=gnu11 -g3 -DDEBUG -DUSE_HAL_DRIVER -DSTM32F103xB -c -I../Core/Inc -I../Drivers/STM32F1xx_HAL_Driver/Inc/Legacy -I../Drivers/STM32F1xx_HAL_Driver/Inc -I../Drivers/CMSIS/Device/ST/STM32F1xx/Include -I../Drivers/CMSIS/Include -O0 -ffunction-sections -fdata-sections -Wall -fstack-usage -fcyclomatic-complexity -MMD -MP -MF"Core/Src/task_switching_with_Systick_PendSV.d" -MT"Core/Src/task_switching_with_Systick_PendSV.o" --specs=nano.specs -mfloat-abi=soft -mthumb -o "Core/Src/task_switching_with_Systick_PendSV.o"
arm-none-eabi-gcc -o "test.elf" @"objects.list"   -mcpu=cortex-m3 -T"C:\Users\peter\OneDrive\Desktop\Github\stm32_pseudo_parallel\test\STM32F103C8TX_FLASH.ld" --specs=nosys.specs -Wl,-Map="test.map" -Wl,--gc-sections -static --specs=nano.specs -mfloat-abi=soft -mthumb -Wl,--start-group -lc -lm -Wl,--end-group
Finished building target: test.elf
 
arm-none-eabi-size   test.elf 
arm-none-eabi-objdump -h -S  test.elf  > "test.list"
   text	   data	    bss	    dec	    hex	filename
   9568	    120	   2224	  11912	   2e88	test.elf
Finished building: default.size.stdout
 
Finished building: test.list
 
23:47:35 **** Incremental Build of configuration Debug for project test ****
make -j4 all 
arm-none-eabi-gcc "../Core/Src/task_switching_with_Systick_PendSV.c" -mcpu=cortex-m3 -std=gnu11 -g3 -DDEBUG -DUSE_HAL_DRIVER -DSTM32F103xB -c -I../Core/Inc -I../Drivers/STM32F1xx_HAL_Driver/Inc/Legacy -I../Drivers/STM32F1xx_HAL_Driver/Inc -I../Drivers/CMSIS/Device/ST/STM32F1xx/Include -I../Drivers/CMSIS/Include -O0 -ffunction-sections -fdata-sections -Wall -fstack-usage -fcyclomatic-complexity -MMD -MP -MF"Core/Src/task_switching_with_Systick_PendSV.d" -MT"Core/Src/task_switching_with_Systick_PendSV.o" --specs=nano.specs -mfloat-abi=soft -mthumb -o "Core/Src/task_switching_with_Systick_PendSV.o"
arm-none-eabi-gcc -o "test.elf" @"objects.list"   -mcpu=cortex-m3 -T"C:\Users\peter\OneDrive\Desktop\Github\stm32_pseudo_parallel\test\STM32F103C8TX_FLASH.ld" --specs=nosys.specs -Wl,-Map="test.map" -Wl,--gc-sections -static --specs=nano.specs -mfloat-abi=soft -mthumb -Wl,--start-group -lc -lm -Wl,--end-group
Finished building target: test.elf
 
arm-none-eabi-size   test.elf 
arm-none-eabi-objdump -h -S  test.elf  > "test.list"
   text	   data	    bss	    dec	    hex	filename
   9568	    120	   2224	  11912	   2e88	test.elf
Finished building: default.size.stdout
 
Finished building: test.list
 
23:48:03 **** Incremental Build of configuration Debug for project test ****
make -j4 all 
arm-none-eabi-size   test.elf 
   text	   data	    bss	    dec	    hex	filename
   9568	    120	   2224	  11912	   2e88	test.elf
Finished building: default.size.stdout
 
