09:07:13 **** Clean-only build of configuration Debug for project pseudo_parallel ****
make -j4 clean 
rm -rf ./user/task.cyclo ./user/task.d ./user/task.o ./user/task.su ./user/user.cyclo ./user/user.d ./user/user.o ./user/user.su
rm -rf ./Drivers/STM32F1xx_HAL_Driver/Src/stm32f1xx_hal.cyclo ./Drivers/STM32F1xx_HAL_Driver/Src/stm32f1xx_hal.d ./Drivers/STM32F1xx_HAL_Driver/Src/stm32f1xx_hal.o ./Drivers/STM32F1xx_HAL_Driver/Src/stm32f1xx_hal.su ./Drivers/STM32F1xx_HAL_Driver/Src/stm32f1xx_hal_cortex.cyclo ./Drivers/STM32F1xx_HAL_Driver/Src/stm32f1xx_hal_cortex.d ./Drivers/STM32F1xx_HAL_Driver/Src/stm32f1xx_hal_cortex.o ./Drivers/STM32F1xx_HAL_Driver/Src/stm32f1xx_hal_cortex.su ./Drivers/STM32F1xx_HAL_Driver/Src/stm32f1xx_hal_dma.cyclo ./Drivers/STM32F1xx_HAL_Driver/Src/stm32f1xx_hal_dma.d ./Drivers/STM32F1xx_HAL_Driver/Src/stm32f1xx_hal_dma.o ./Drivers/STM32F1xx_HAL_Driver/Src/stm32f1xx_hal_dma.su ./Drivers/STM32F1xx_HAL_Driver/Src/stm32f1xx_hal_exti.cyclo ./Drivers/STM32F1xx_HAL_Driver/Src/stm32f1xx_hal_exti.d ./Drivers/STM32F1xx_HAL_Driver/Src/stm32f1xx_hal_exti.o ./Drivers/STM32F1xx_HAL_Driver/Src/stm32f1xx_hal_exti.su ./Drivers/STM32F1xx_HAL_Driver/Src/stm32f1xx_hal_flash.cyclo ./Drivers/STM32F1xx_HAL_Driver/Src/stm32f1xx_hal_flash.d ./Drivers/STM32F1xx_HAL_Driver/Src/stm32f1xx_hal_flash.o ./Drivers/STM32F1xx_HAL_Driver/Src/stm32f1xx_hal_flash.su ./Drivers/STM32F1xx_HAL_Driver/Src/stm32f1xx_hal_flash_ex.cyclo ./Drivers/STM32F1xx_HAL_Driver/Src/stm32f1xx_hal_flash_ex.d ./Drivers/STM32F1xx_HAL_Driver/Src/stm32f1xx_hal_flash_ex.o ./Drivers/STM32F1xx_HAL_Driver/Src/stm32f1xx_hal_flash_ex.su ./Drivers/STM32F1xx_HAL_Driver/Src/stm32f1xx_hal_gpio.cyclo ./Drivers/STM32F1xx_HAL_Driver/Src/stm32f1xx_hal_gpio.d ./Drivers/STM32F1xx_HAL_Driver/Src/stm32f1xx_hal_gpio.o ./Drivers/STM32F1xx_HAL_Driver/Src/stm32f1xx_hal_gpio.su ./Drivers/STM32F1xx_HAL_Driver/Src/stm32f1xx_hal_gpio_ex.cyclo ./Drivers/STM32F1xx_HAL_Driver/Src/stm32f1xx_hal_gpio_ex.d ./Drivers/STM32F1xx_HAL_Driver/Src/stm32f1xx_hal_gpio_ex.o ./Drivers/STM32F1xx_HAL_Driver/Src/stm32f1xx_hal_gpio_ex.su ./Drivers/STM32F1xx_HAL_Driver/Src/stm32f1xx_hal_pwr.cyclo ./Drivers/STM32F1xx_HAL_Driver/Src/stm32f1xx_hal_pwr.d ./Drivers/STM32F1xx_HAL_Driver/Src/stm32f1xx_hal_pwr.o ./Drivers/STM32F1xx_HAL_Driver/Src/stm32f1xx_hal_pwr.su ./Drivers/STM32F1xx_HAL_Driver/Src/stm32f1xx_hal_rcc.cyclo ./Drivers/STM32F1xx_HAL_Driver/Src/stm32f1xx_hal_rcc.d ./Drivers/STM32F1xx_HAL_Driver/Src/stm32f1xx_hal_rcc.o ./Drivers/STM32F1xx_HAL_Driver/Src/stm32f1xx_hal_rcc.su ./Drivers/STM32F1xx_HAL_Driver/Src/stm32f1xx_hal_rcc_ex.cyclo ./Drivers/STM32F1xx_HAL_Driver/Src/stm32f1xx_hal_rcc_ex.d ./Drivers/STM32F1xx_HAL_Driver/Src/stm32f1xx_hal_rcc_ex.o ./Drivers/STM32F1xx_HAL_Driver/Src/stm32f1xx_hal_rcc_ex.su ./Drivers/STM32F1xx_HAL_Driver/Src/stm32f1xx_hal_uart.cyclo ./Drivers/STM32F1xx_HAL_Driver/Src/stm32f1xx_hal_uart.d ./Drivers/STM32F1xx_HAL_Driver/Src/stm32f1xx_hal_uart.o ./Drivers/STM32F1xx_HAL_Driver/Src/stm32f1xx_hal_uart.su
rm -rf ./Core/Startup/startup_stm32f103c8tx.d ./Core/Startup/startup_stm32f103c8tx.o
rm -rf ./Core/Src/main.cyclo ./Core/Src/main.d ./Core/Src/main.o ./Core/Src/main.su ./Core/Src/stm32f1xx_hal_msp.cyclo ./Core/Src/stm32f1xx_hal_msp.d ./Core/Src/stm32f1xx_hal_msp.o ./Core/Src/stm32f1xx_hal_msp.su ./Core/Src/stm32f1xx_it.cyclo ./Core/Src/stm32f1xx_it.d ./Core/Src/stm32f1xx_it.o ./Core/Src/stm32f1xx_it.su ./Core/Src/syscalls.cyclo ./Core/Src/syscalls.d ./Core/Src/syscalls.o ./Core/Src/syscalls.su ./Core/Src/sysmem.cyclo ./Core/Src/sysmem.d ./Core/Src/sysmem.o ./Core/Src/sysmem.su ./Core/Src/system_stm32f1xx.cyclo ./Core/Src/system_stm32f1xx.d ./Core/Src/system_stm32f1xx.o ./Core/Src/system_stm32f1xx.su
rm -rf default.size.stdout pseudo_parallel.elf pseudo_parallel.list pseudo_parallel.map
 
09:07:15 **** Build of configuration Debug for project pseudo_parallel ****
make -j4 all 
arm-none-eabi-gcc "../user/task.c" -mcpu=cortex-m3 -std=gnu11 -g3 -DDEBUG -DUSE_HAL_DRIVER -DSTM32F103xB -c -I"C:/Users/peter/OneDrive/Desktop/Github/stm32_pseudo_parallel/pseudo_parallel/user" -I../Core/Inc -I../Drivers/STM32F1xx_HAL_Driver/Inc/Legacy -I../Drivers/STM32F1xx_HAL_Driver/Inc -I../Drivers/CMSIS/Device/ST/STM32F1xx/Include -I../Drivers/CMSIS/Include -O0 -ffunction-sections -fdata-sections -Wall -fstack-usage -fcyclomatic-complexity -MMD -MP -MF"user/task.d" -MT"user/task.o" --specs=nano.specs -mfloat-abi=soft -mthumb -o "user/task.o"
arm-none-eabi-gcc "../user/user.c" -mcpu=cortex-m3 -std=gnu11 -g3 -DDEBUG -DUSE_HAL_DRIVER -DSTM32F103xB -c -I"C:/Users/peter/OneDrive/Desktop/Github/stm32_pseudo_parallel/pseudo_parallel/user" -I../Core/Inc -I../Drivers/STM32F1xx_HAL_Driver/Inc/Legacy -I../Drivers/STM32F1xx_HAL_Driver/Inc -I../Drivers/CMSIS/Device/ST/STM32F1xx/Include -I../Drivers/CMSIS/Include -O0 -ffunction-sections -fdata-sections -Wall -fstack-usage -fcyclomatic-complexity -MMD -MP -MF"user/user.d" -MT"user/user.o" --specs=nano.specs -mfloat-abi=soft -mthumb -o "user/user.o"
arm-none-eabi-gcc "../Drivers/STM32F1xx_HAL_Driver/Src/stm32f1xx_hal.c" -mcpu=cortex-m3 -std=gnu11 -g3 -DDEBUG -DUSE_HAL_DRIVER -DSTM32F103xB -c -I"C:/Users/peter/OneDrive/Desktop/Github/stm32_pseudo_parallel/pseudo_parallel/user" -I../Core/Inc -I../Drivers/STM32F1xx_HAL_Driver/Inc/Legacy -I../Drivers/STM32F1xx_HAL_Driver/Inc -I../Drivers/CMSIS/Device/ST/STM32F1xx/Include -I../Drivers/CMSIS/Include -O0 -ffunction-sections -fdata-sections -Wall -fstack-usage -fcyclomatic-complexity -MMD -MP -MF"Drivers/STM32F1xx_HAL_Driver/Src/stm32f1xx_hal.d" -MT"Drivers/STM32F1xx_HAL_Driver/Src/stm32f1xx_hal.o" --specs=nano.specs -mfloat-abi=soft -mthumb -o "Drivers/STM32F1xx_HAL_Driver/Src/stm32f1xx_hal.o"
arm-none-eabi-gcc "../Drivers/STM32F1xx_HAL_Driver/Src/stm32f1xx_hal_cortex.c" -mcpu=cortex-m3 -std=gnu11 -g3 -DDEBUG -DUSE_HAL_DRIVER -DSTM32F103xB -c -I"C:/Users/peter/OneDrive/Desktop/Github/stm32_pseudo_parallel/pseudo_parallel/user" -I../Core/Inc -I../Drivers/STM32F1xx_HAL_Driver/Inc/Legacy -I../Drivers/STM32F1xx_HAL_Driver/Inc -I../Drivers/CMSIS/Device/ST/STM32F1xx/Include -I../Drivers/CMSIS/Include -O0 -ffunction-sections -fdata-sections -Wall -fstack-usage -fcyclomatic-complexity -MMD -MP -MF"Drivers/STM32F1xx_HAL_Driver/Src/stm32f1xx_hal_cortex.d" -MT"Drivers/STM32F1xx_HAL_Driver/Src/stm32f1xx_hal_cortex.o" --specs=nano.specs -mfloat-abi=soft -mthumb -o "Drivers/STM32F1xx_HAL_Driver/Src/stm32f1xx_hal_cortex.o"
arm-none-eabi-gcc "../Drivers/STM32F1xx_HAL_Driver/Src/stm32f1xx_hal_dma.c" -mcpu=cortex-m3 -std=gnu11 -g3 -DDEBUG -DUSE_HAL_DRIVER -DSTM32F103xB -c -I"C:/Users/peter/OneDrive/Desktop/Github/stm32_pseudo_parallel/pseudo_parallel/user" -I../Core/Inc -I../Drivers/STM32F1xx_HAL_Driver/Inc/Legacy -I../Drivers/STM32F1xx_HAL_Driver/Inc -I../Drivers/CMSIS/Device/ST/STM32F1xx/Include -I../Drivers/CMSIS/Include -O0 -ffunction-sections -fdata-sections -Wall -fstack-usage -fcyclomatic-complexity -MMD -MP -MF"Drivers/STM32F1xx_HAL_Driver/Src/stm32f1xx_hal_dma.d" -MT"Drivers/STM32F1xx_HAL_Driver/Src/stm32f1xx_hal_dma.o" --specs=nano.specs -mfloat-abi=soft -mthumb -o "Drivers/STM32F1xx_HAL_Driver/Src/stm32f1xx_hal_dma.o"
arm-none-eabi-gcc "../Drivers/STM32F1xx_HAL_Driver/Src/stm32f1xx_hal_exti.c" -mcpu=cortex-m3 -std=gnu11 -g3 -DDEBUG -DUSE_HAL_DRIVER -DSTM32F103xB -c -I"C:/Users/peter/OneDrive/Desktop/Github/stm32_pseudo_parallel/pseudo_parallel/user" -I../Core/Inc -I../Drivers/STM32F1xx_HAL_Driver/Inc/Legacy -I../Drivers/STM32F1xx_HAL_Driver/Inc -I../Drivers/CMSIS/Device/ST/STM32F1xx/Include -I../Drivers/CMSIS/Include -O0 -ffunction-sections -fdata-sections -Wall -fstack-usage -fcyclomatic-complexity -MMD -MP -MF"Drivers/STM32F1xx_HAL_Driver/Src/stm32f1xx_hal_exti.d" -MT"Drivers/STM32F1xx_HAL_Driver/Src/stm32f1xx_hal_exti.o" --specs=nano.specs -mfloat-abi=soft -mthumb -o "Drivers/STM32F1xx_HAL_Driver/Src/stm32f1xx_hal_exti.o"
arm-none-eabi-gcc "../Drivers/STM32F1xx_HAL_Driver/Src/stm32f1xx_hal_flash.c" -mcpu=cortex-m3 -std=gnu11 -g3 -DDEBUG -DUSE_HAL_DRIVER -DSTM32F103xB -c -I"C:/Users/peter/OneDrive/Desktop/Github/stm32_pseudo_parallel/pseudo_parallel/user" -I../Core/Inc -I../Drivers/STM32F1xx_HAL_Driver/Inc/Legacy -I../Drivers/STM32F1xx_HAL_Driver/Inc -I../Drivers/CMSIS/Device/ST/STM32F1xx/Include -I../Drivers/CMSIS/Include -O0 -ffunction-sections -fdata-sections -Wall -fstack-usage -fcyclomatic-complexity -MMD -MP -MF"Drivers/STM32F1xx_HAL_Driver/Src/stm32f1xx_hal_flash.d" -MT"Drivers/STM32F1xx_HAL_Driver/Src/stm32f1xx_hal_flash.o" --specs=nano.specs -mfloat-abi=soft -mthumb -o "Drivers/STM32F1xx_HAL_Driver/Src/stm32f1xx_hal_flash.o"
arm-none-eabi-gcc "../Drivers/STM32F1xx_HAL_Driver/Src/stm32f1xx_hal_flash_ex.c" -mcpu=cortex-m3 -std=gnu11 -g3 -DDEBUG -DUSE_HAL_DRIVER -DSTM32F103xB -c -I"C:/Users/peter/OneDrive/Desktop/Github/stm32_pseudo_parallel/pseudo_parallel/user" -I../Core/Inc -I../Drivers/STM32F1xx_HAL_Driver/Inc/Legacy -I../Drivers/STM32F1xx_HAL_Driver/Inc -I../Drivers/CMSIS/Device/ST/STM32F1xx/Include -I../Drivers/CMSIS/Include -O0 -ffunction-sections -fdata-sections -Wall -fstack-usage -fcyclomatic-complexity -MMD -MP -MF"Drivers/STM32F1xx_HAL_Driver/Src/stm32f1xx_hal_flash_ex.d" -MT"Drivers/STM32F1xx_HAL_Driver/Src/stm32f1xx_hal_flash_ex.o" --specs=nano.specs -mfloat-abi=soft -mthumb -o "Drivers/STM32F1xx_HAL_Driver/Src/stm32f1xx_hal_flash_ex.o"
arm-none-eabi-gcc "../Drivers/STM32F1xx_HAL_Driver/Src/stm32f1xx_hal_gpio.c" -mcpu=cortex-m3 -std=gnu11 -g3 -DDEBUG -DUSE_HAL_DRIVER -DSTM32F103xB -c -I"C:/Users/peter/OneDrive/Desktop/Github/stm32_pseudo_parallel/pseudo_parallel/user" -I../Core/Inc -I../Drivers/STM32F1xx_HAL_Driver/Inc/Legacy -I../Drivers/STM32F1xx_HAL_Driver/Inc -I../Drivers/CMSIS/Device/ST/STM32F1xx/Include -I../Drivers/CMSIS/Include -O0 -ffunction-sections -fdata-sections -Wall -fstack-usage -fcyclomatic-complexity -MMD -MP -MF"Drivers/STM32F1xx_HAL_Driver/Src/stm32f1xx_hal_gpio.d" -MT"Drivers/STM32F1xx_HAL_Driver/Src/stm32f1xx_hal_gpio.o" --specs=nano.specs -mfloat-abi=soft -mthumb -o "Drivers/STM32F1xx_HAL_Driver/Src/stm32f1xx_hal_gpio.o"
arm-none-eabi-gcc "../Drivers/STM32F1xx_HAL_Driver/Src/stm32f1xx_hal_gpio_ex.c" -mcpu=cortex-m3 -std=gnu11 -g3 -DDEBUG -DUSE_HAL_DRIVER -DSTM32F103xB -c -I"C:/Users/peter/OneDrive/Desktop/Github/stm32_pseudo_parallel/pseudo_parallel/user" -I../Core/Inc -I../Drivers/STM32F1xx_HAL_Driver/Inc/Legacy -I../Drivers/STM32F1xx_HAL_Driver/Inc -I../Drivers/CMSIS/Device/ST/STM32F1xx/Include -I../Drivers/CMSIS/Include -O0 -ffunction-sections -fdata-sections -Wall -fstack-usage -fcyclomatic-complexity -MMD -MP -MF"Drivers/STM32F1xx_HAL_Driver/Src/stm32f1xx_hal_gpio_ex.d" -MT"Drivers/STM32F1xx_HAL_Driver/Src/stm32f1xx_hal_gpio_ex.o" --specs=nano.specs -mfloat-abi=soft -mthumb -o "Drivers/STM32F1xx_HAL_Driver/Src/stm32f1xx_hal_gpio_ex.o"
arm-none-eabi-gcc "../Drivers/STM32F1xx_HAL_Driver/Src/stm32f1xx_hal_pwr.c" -mcpu=cortex-m3 -std=gnu11 -g3 -DDEBUG -DUSE_HAL_DRIVER -DSTM32F103xB -c -I"C:/Users/peter/OneDrive/Desktop/Github/stm32_pseudo_parallel/pseudo_parallel/user" -I../Core/Inc -I../Drivers/STM32F1xx_HAL_Driver/Inc/Legacy -I../Drivers/STM32F1xx_HAL_Driver/Inc -I../Drivers/CMSIS/Device/ST/STM32F1xx/Include -I../Drivers/CMSIS/Include -O0 -ffunction-sections -fdata-sections -Wall -fstack-usage -fcyclomatic-complexity -MMD -MP -MF"Drivers/STM32F1xx_HAL_Driver/Src/stm32f1xx_hal_pwr.d" -MT"Drivers/STM32F1xx_HAL_Driver/Src/stm32f1xx_hal_pwr.o" --specs=nano.specs -mfloat-abi=soft -mthumb -o "Drivers/STM32F1xx_HAL_Driver/Src/stm32f1xx_hal_pwr.o"
arm-none-eabi-gcc "../Drivers/STM32F1xx_HAL_Driver/Src/stm32f1xx_hal_rcc.c" -mcpu=cortex-m3 -std=gnu11 -g3 -DDEBUG -DUSE_HAL_DRIVER -DSTM32F103xB -c -I"C:/Users/peter/OneDrive/Desktop/Github/stm32_pseudo_parallel/pseudo_parallel/user" -I../Core/Inc -I../Drivers/STM32F1xx_HAL_Driver/Inc/Legacy -I../Drivers/STM32F1xx_HAL_Driver/Inc -I../Drivers/CMSIS/Device/ST/STM32F1xx/Include -I../Drivers/CMSIS/Include -O0 -ffunction-sections -fdata-sections -Wall -fstack-usage -fcyclomatic-complexity -MMD -MP -MF"Drivers/STM32F1xx_HAL_Driver/Src/stm32f1xx_hal_rcc.d" -MT"Drivers/STM32F1xx_HAL_Driver/Src/stm32f1xx_hal_rcc.o" --specs=nano.specs -mfloat-abi=soft -mthumb -o "Drivers/STM32F1xx_HAL_Driver/Src/stm32f1xx_hal_rcc.o"
arm-none-eabi-gcc "../Drivers/STM32F1xx_HAL_Driver/Src/stm32f1xx_hal_rcc_ex.c" -mcpu=cortex-m3 -std=gnu11 -g3 -DDEBUG -DUSE_HAL_DRIVER -DSTM32F103xB -c -I"C:/Users/peter/OneDrive/Desktop/Github/stm32_pseudo_parallel/pseudo_parallel/user" -I../Core/Inc -I../Drivers/STM32F1xx_HAL_Driver/Inc/Legacy -I../Drivers/STM32F1xx_HAL_Driver/Inc -I../Drivers/CMSIS/Device/ST/STM32F1xx/Include -I../Drivers/CMSIS/Include -O0 -ffunction-sections -fdata-sections -Wall -fstack-usage -fcyclomatic-complexity -MMD -MP -MF"Drivers/STM32F1xx_HAL_Driver/Src/stm32f1xx_hal_rcc_ex.d" -MT"Drivers/STM32F1xx_HAL_Driver/Src/stm32f1xx_hal_rcc_ex.o" --specs=nano.specs -mfloat-abi=soft -mthumb -o "Drivers/STM32F1xx_HAL_Driver/Src/stm32f1xx_hal_rcc_ex.o"
arm-none-eabi-gcc "../Drivers/STM32F1xx_HAL_Driver/Src/stm32f1xx_hal_uart.c" -mcpu=cortex-m3 -std=gnu11 -g3 -DDEBUG -DUSE_HAL_DRIVER -DSTM32F103xB -c -I"C:/Users/peter/OneDrive/Desktop/Github/stm32_pseudo_parallel/pseudo_parallel/user" -I../Core/Inc -I../Drivers/STM32F1xx_HAL_Driver/Inc/Legacy -I../Drivers/STM32F1xx_HAL_Driver/Inc -I../Drivers/CMSIS/Device/ST/STM32F1xx/Include -I../Drivers/CMSIS/Include -O0 -ffunction-sections -fdata-sections -Wall -fstack-usage -fcyclomatic-complexity -MMD -MP -MF"Drivers/STM32F1xx_HAL_Driver/Src/stm32f1xx_hal_uart.d" -MT"Drivers/STM32F1xx_HAL_Driver/Src/stm32f1xx_hal_uart.o" --specs=nano.specs -mfloat-abi=soft -mthumb -o "Drivers/STM32F1xx_HAL_Driver/Src/stm32f1xx_hal_uart.o"
arm-none-eabi-gcc -mcpu=cortex-m3 -g3 -DDEBUG -c -x assembler-with-cpp -MMD -MP -MF"Core/Startup/startup_stm32f103c8tx.d" -MT"Core/Startup/startup_stm32f103c8tx.o" --specs=nano.specs -mfloat-abi=soft -mthumb -o "Core/Startup/startup_stm32f103c8tx.o" "../Core/Startup/startup_stm32f103c8tx.s"
arm-none-eabi-gcc "../Core/Src/main.c" -mcpu=cortex-m3 -std=gnu11 -g3 -DDEBUG -DUSE_HAL_DRIVER -DSTM32F103xB -c -I"C:/Users/peter/OneDrive/Desktop/Github/stm32_pseudo_parallel/pseudo_parallel/user" -I../Core/Inc -I../Drivers/STM32F1xx_HAL_Driver/Inc/Legacy -I../Drivers/STM32F1xx_HAL_Driver/Inc -I../Drivers/CMSIS/Device/ST/STM32F1xx/Include -I../Drivers/CMSIS/Include -O0 -ffunction-sections -fdata-sections -Wall -fstack-usage -fcyclomatic-complexity -MMD -MP -MF"Core/Src/main.d" -MT"Core/Src/main.o" --specs=nano.specs -mfloat-abi=soft -mthumb -o "Core/Src/main.o"
arm-none-eabi-gcc "../Core/Src/stm32f1xx_hal_msp.c" -mcpu=cortex-m3 -std=gnu11 -g3 -DDEBUG -DUSE_HAL_DRIVER -DSTM32F103xB -c -I"C:/Users/peter/OneDrive/Desktop/Github/stm32_pseudo_parallel/pseudo_parallel/user" -I../Core/Inc -I../Drivers/STM32F1xx_HAL_Driver/Inc/Legacy -I../Drivers/STM32F1xx_HAL_Driver/Inc -I../Drivers/CMSIS/Device/ST/STM32F1xx/Include -I../Drivers/CMSIS/Include -O0 -ffunction-sections -fdata-sections -Wall -fstack-usage -fcyclomatic-complexity -MMD -MP -MF"Core/Src/stm32f1xx_hal_msp.d" -MT"Core/Src/stm32f1xx_hal_msp.o" --specs=nano.specs -mfloat-abi=soft -mthumb -o "Core/Src/stm32f1xx_hal_msp.o"
arm-none-eabi-gcc "../Core/Src/stm32f1xx_it.c" -mcpu=cortex-m3 -std=gnu11 -g3 -DDEBUG -DUSE_HAL_DRIVER -DSTM32F103xB -c -I"C:/Users/peter/OneDrive/Desktop/Github/stm32_pseudo_parallel/pseudo_parallel/user" -I../Core/Inc -I../Drivers/STM32F1xx_HAL_Driver/Inc/Legacy -I../Drivers/STM32F1xx_HAL_Driver/Inc -I../Drivers/CMSIS/Device/ST/STM32F1xx/Include -I../Drivers/CMSIS/Include -O0 -ffunction-sections -fdata-sections -Wall -fstack-usage -fcyclomatic-complexity -MMD -MP -MF"Core/Src/stm32f1xx_it.d" -MT"Core/Src/stm32f1xx_it.o" --specs=nano.specs -mfloat-abi=soft -mthumb -o "Core/Src/stm32f1xx_it.o"
arm-none-eabi-gcc "../Core/Src/syscalls.c" -mcpu=cortex-m3 -std=gnu11 -g3 -DDEBUG -DUSE_HAL_DRIVER -DSTM32F103xB -c -I"C:/Users/peter/OneDrive/Desktop/Github/stm32_pseudo_parallel/pseudo_parallel/user" -I../Core/Inc -I../Drivers/STM32F1xx_HAL_Driver/Inc/Legacy -I../Drivers/STM32F1xx_HAL_Driver/Inc -I../Drivers/CMSIS/Device/ST/STM32F1xx/Include -I../Drivers/CMSIS/Include -O0 -ffunction-sections -fdata-sections -Wall -fstack-usage -fcyclomatic-complexity -MMD -MP -MF"Core/Src/syscalls.d" -MT"Core/Src/syscalls.o" --specs=nano.specs -mfloat-abi=soft -mthumb -o "Core/Src/syscalls.o"
arm-none-eabi-gcc "../Core/Src/sysmem.c" -mcpu=cortex-m3 -std=gnu11 -g3 -DDEBUG -DUSE_HAL_DRIVER -DSTM32F103xB -c -I"C:/Users/peter/OneDrive/Desktop/Github/stm32_pseudo_parallel/pseudo_parallel/user" -I../Core/Inc -I../Drivers/STM32F1xx_HAL_Driver/Inc/Legacy -I../Drivers/STM32F1xx_HAL_Driver/Inc -I../Drivers/CMSIS/Device/ST/STM32F1xx/Include -I../Drivers/CMSIS/Include -O0 -ffunction-sections -fdata-sections -Wall -fstack-usage -fcyclomatic-complexity -MMD -MP -MF"Core/Src/sysmem.d" -MT"Core/Src/sysmem.o" --specs=nano.specs -mfloat-abi=soft -mthumb -o "Core/Src/sysmem.o"
arm-none-eabi-gcc "../Core/Src/system_stm32f1xx.c" -mcpu=cortex-m3 -std=gnu11 -g3 -DDEBUG -DUSE_HAL_DRIVER -DSTM32F103xB -c -I"C:/Users/peter/OneDrive/Desktop/Github/stm32_pseudo_parallel/pseudo_parallel/user" -I../Core/Inc -I../Drivers/STM32F1xx_HAL_Driver/Inc/Legacy -I../Drivers/STM32F1xx_HAL_Driver/Inc -I../Drivers/CMSIS/Device/ST/STM32F1xx/Include -I../Drivers/CMSIS/Include -O0 -ffunction-sections -fdata-sections -Wall -fstack-usage -fcyclomatic-complexity -MMD -MP -MF"Core/Src/system_stm32f1xx.d" -MT"Core/Src/system_stm32f1xx.o" --specs=nano.specs -mfloat-abi=soft -mthumb -o "Core/Src/system_stm32f1xx.o"
arm-none-eabi-gcc -o "pseudo_parallel.elf" @"objects.list"   -mcpu=cortex-m3 -T"C:\Users\peter\OneDrive\Desktop\Github\stm32_pseudo_parallel\pseudo_parallel\STM32F103C8TX_FLASH.ld" --specs=nosys.specs -Wl,-Map="pseudo_parallel.map" -Wl,--gc-sections -static --specs=nano.specs -mfloat-abi=soft -mthumb -Wl,--start-group -lc -lm -Wl,--end-group
Finished building target: pseudo_parallel.elf
 
arm-none-eabi-size   pseudo_parallel.elf 
arm-none-eabi-objdump -h -S  pseudo_parallel.elf  > "pseudo_parallel.list"
   text	   data	    bss	    dec	    hex	filename
  14248	    124	   1972	  16344	   3fd8	pseudo_parallel.elf
Finished building: default.size.stdout
 
Finished building: pseudo_parallel.list
 
11:11:59 **** Build of configuration Debug for project pseudo_parallel_v2 ****
make -j4 all 
arm-none-eabi-gcc "../user/task.c" -mcpu=cortex-m3 -std=gnu11 -g3 -DDEBUG -DUSE_HAL_DRIVER -DSTM32F103xB -c -I../Core/Inc -I"C:/Users/peter/OneDrive/Desktop/Github/stm32_pseudo_parallel/pseudo_parallel_v2/user" -I../Drivers/STM32F1xx_HAL_Driver/Inc/Legacy -I../Drivers/STM32F1xx_HAL_Driver/Inc -I../Drivers/CMSIS/Device/ST/STM32F1xx/Include -I../Drivers/CMSIS/Include -O0 -ffunction-sections -fdata-sections -Wall -fstack-usage -fcyclomatic-complexity -MMD -MP -MF"user/task.d" -MT"user/task.o" --specs=nano.specs -mfloat-abi=soft -mthumb -o "user/task.o"
arm-none-eabi-gcc "../user/user.c" -mcpu=cortex-m3 -std=gnu11 -g3 -DDEBUG -DUSE_HAL_DRIVER -DSTM32F103xB -c -I../Core/Inc -I"C:/Users/peter/OneDrive/Desktop/Github/stm32_pseudo_parallel/pseudo_parallel_v2/user" -I../Drivers/STM32F1xx_HAL_Driver/Inc/Legacy -I../Drivers/STM32F1xx_HAL_Driver/Inc -I../Drivers/CMSIS/Device/ST/STM32F1xx/Include -I../Drivers/CMSIS/Include -O0 -ffunction-sections -fdata-sections -Wall -fstack-usage -fcyclomatic-complexity -MMD -MP -MF"user/user.d" -MT"user/user.o" --specs=nano.specs -mfloat-abi=soft -mthumb -o "user/user.o"
arm-none-eabi-gcc "../Drivers/STM32F1xx_HAL_Driver/Src/stm32f1xx_hal.c" -mcpu=cortex-m3 -std=gnu11 -g3 -DDEBUG -DUSE_HAL_DRIVER -DSTM32F103xB -c -I../Core/Inc -I"C:/Users/peter/OneDrive/Desktop/Github/stm32_pseudo_parallel/pseudo_parallel_v2/user" -I../Drivers/STM32F1xx_HAL_Driver/Inc/Legacy -I../Drivers/STM32F1xx_HAL_Driver/Inc -I../Drivers/CMSIS/Device/ST/STM32F1xx/Include -I../Drivers/CMSIS/Include -O0 -ffunction-sections -fdata-sections -Wall -fstack-usage -fcyclomatic-complexity -MMD -MP -MF"Drivers/STM32F1xx_HAL_Driver/Src/stm32f1xx_hal.d" -MT"Drivers/STM32F1xx_HAL_Driver/Src/stm32f1xx_hal.o" --specs=nano.specs -mfloat-abi=soft -mthumb -o "Drivers/STM32F1xx_HAL_Driver/Src/stm32f1xx_hal.o"
arm-none-eabi-gcc "../Drivers/STM32F1xx_HAL_Driver/Src/stm32f1xx_hal_cortex.c" -mcpu=cortex-m3 -std=gnu11 -g3 -DDEBUG -DUSE_HAL_DRIVER -DSTM32F103xB -c -I../Core/Inc -I"C:/Users/peter/OneDrive/Desktop/Github/stm32_pseudo_parallel/pseudo_parallel_v2/user" -I../Drivers/STM32F1xx_HAL_Driver/Inc/Legacy -I../Drivers/STM32F1xx_HAL_Driver/Inc -I../Drivers/CMSIS/Device/ST/STM32F1xx/Include -I../Drivers/CMSIS/Include -O0 -ffunction-sections -fdata-sections -Wall -fstack-usage -fcyclomatic-complexity -MMD -MP -MF"Drivers/STM32F1xx_HAL_Driver/Src/stm32f1xx_hal_cortex.d" -MT"Drivers/STM32F1xx_HAL_Driver/Src/stm32f1xx_hal_cortex.o" --specs=nano.specs -mfloat-abi=soft -mthumb -o "Drivers/STM32F1xx_HAL_Driver/Src/stm32f1xx_hal_cortex.o"
../user/task.c: In function 'console':
../user/task.c:59:3: warning: implicit declaration of function 'printf' [-Wimplicit-function-declaration]
   59 |   printf("TASK|%s> ERROR :",func_name);
      |   ^~~~~~
../user/task.c:59:3: warning: incompatible implicit declaration of built-in function 'printf'
../user/user.c: In function 'task1':
../user/user.c:19:2: warning: implicit declaration of function 'printf' [-Wimplicit-function-declaration]
   19 |  printf("Task1 starting\n");
      |  ^~~~~~
../user/user.c:19:2: warning: incompatible implicit declaration of built-in function 'printf'
../user/task.c:11:1: note: include '<stdio.h>' or provide a declaration of 'printf'
   10 | #include "main.h"
  +++ |+#include <stdio.h>
   11 | 
../user/user.c:12:1: note: include '<stdio.h>' or provide a declaration of 'printf'
   11 | #include "task.h"
  +++ |+#include <stdio.h>
   12 | 
../user/user.c: In function 'task2':
../user/user.c:26:2: warning: incompatible implicit declaration of built-in function 'printf'
   26 |  printf("Task2 starting\n");
      |  ^~~~~~
../user/user.c:26:2: note: include '<stdio.h>' or provide a declaration of 'printf'
../user/user.c: In function 'task3':
../user/user.c:35:2: warning: incompatible implicit declaration of built-in function 'printf'
   35 |  printf("Task3 starting\n");
      |  ^~~~~~
../user/user.c:35:2: note: include '<stdio.h>' or provide a declaration of 'printf'
../user/task.c:61:3: warning: incompatible implicit declaration of built-in function 'printf'
   61 |   printf("TASK|%s> INFO : ",func_name);
      |   ^~~~~~
../user/task.c:61:3: note: include '<stdio.h>' or provide a declaration of 'printf'
../user/user.c: In function 'init':
../user/user.c:49:2: warning: incompatible implicit declaration of built-in function 'printf'
   49 |  printf("Initiating....\n");
      |  ^~~~~~
../user/task.c:63:3: warning: incompatible implicit declaration of built-in function 'printf'
   63 |   printf("TASK|%s> WARNING : ",func_name);
      |   ^~~~~~
../user/task.c:63:3: note: include '<stdio.h>' or provide a declaration of 'printf'
../user/task.c:65:3: warning: incompatible implicit declaration of built-in function 'printf'
   65 |   printf("TASK|%s: ",func_name);
      |   ^~~~~~
../user/task.c:65:3: note: include '<stdio.h>' or provide a declaration of 'printf'
../user/user.c:49:2: note: include '<stdio.h>' or provide a declaration of 'printf'
../user/task.c:69:2: warning: implicit declaration of function 'vprintf' [-Wimplicit-function-declaration]
   69 |  vprintf(msg, args);
      |  ^~~~~~~
arm-none-eabi-gcc "../Drivers/STM32F1xx_HAL_Driver/Src/stm32f1xx_hal_dma.c" -mcpu=cortex-m3 -std=gnu11 -g3 -DDEBUG -DUSE_HAL_DRIVER -DSTM32F103xB -c -I../Core/Inc -I"C:/Users/peter/OneDrive/Desktop/Github/stm32_pseudo_parallel/pseudo_parallel_v2/user" -I../Drivers/STM32F1xx_HAL_Driver/Inc/Legacy -I../Drivers/STM32F1xx_HAL_Driver/Inc -I../Drivers/CMSIS/Device/ST/STM32F1xx/Include -I../Drivers/CMSIS/Include -O0 -ffunction-sections -fdata-sections -Wall -fstack-usage -fcyclomatic-complexity -MMD -MP -MF"Drivers/STM32F1xx_HAL_Driver/Src/stm32f1xx_hal_dma.d" -MT"Drivers/STM32F1xx_HAL_Driver/Src/stm32f1xx_hal_dma.o" --specs=nano.specs -mfloat-abi=soft -mthumb -o "Drivers/STM32F1xx_HAL_Driver/Src/stm32f1xx_hal_dma.o"
arm-none-eabi-gcc "../Drivers/STM32F1xx_HAL_Driver/Src/stm32f1xx_hal_exti.c" -mcpu=cortex-m3 -std=gnu11 -g3 -DDEBUG -DUSE_HAL_DRIVER -DSTM32F103xB -c -I../Core/Inc -I"C:/Users/peter/OneDrive/Desktop/Github/stm32_pseudo_parallel/pseudo_parallel_v2/user" -I../Drivers/STM32F1xx_HAL_Driver/Inc/Legacy -I../Drivers/STM32F1xx_HAL_Driver/Inc -I../Drivers/CMSIS/Device/ST/STM32F1xx/Include -I../Drivers/CMSIS/Include -O0 -ffunction-sections -fdata-sections -Wall -fstack-usage -fcyclomatic-complexity -MMD -MP -MF"Drivers/STM32F1xx_HAL_Driver/Src/stm32f1xx_hal_exti.d" -MT"Drivers/STM32F1xx_HAL_Driver/Src/stm32f1xx_hal_exti.o" --specs=nano.specs -mfloat-abi=soft -mthumb -o "Drivers/STM32F1xx_HAL_Driver/Src/stm32f1xx_hal_exti.o"
arm-none-eabi-gcc "../Drivers/STM32F1xx_HAL_Driver/Src/stm32f1xx_hal_flash.c" -mcpu=cortex-m3 -std=gnu11 -g3 -DDEBUG -DUSE_HAL_DRIVER -DSTM32F103xB -c -I../Core/Inc -I"C:/Users/peter/OneDrive/Desktop/Github/stm32_pseudo_parallel/pseudo_parallel_v2/user" -I../Drivers/STM32F1xx_HAL_Driver/Inc/Legacy -I../Drivers/STM32F1xx_HAL_Driver/Inc -I../Drivers/CMSIS/Device/ST/STM32F1xx/Include -I../Drivers/CMSIS/Include -O0 -ffunction-sections -fdata-sections -Wall -fstack-usage -fcyclomatic-complexity -MMD -MP -MF"Drivers/STM32F1xx_HAL_Driver/Src/stm32f1xx_hal_flash.d" -MT"Drivers/STM32F1xx_HAL_Driver/Src/stm32f1xx_hal_flash.o" --specs=nano.specs -mfloat-abi=soft -mthumb -o "Drivers/STM32F1xx_HAL_Driver/Src/stm32f1xx_hal_flash.o"
arm-none-eabi-gcc "../Drivers/STM32F1xx_HAL_Driver/Src/stm32f1xx_hal_flash_ex.c" -mcpu=cortex-m3 -std=gnu11 -g3 -DDEBUG -DUSE_HAL_DRIVER -DSTM32F103xB -c -I../Core/Inc -I"C:/Users/peter/OneDrive/Desktop/Github/stm32_pseudo_parallel/pseudo_parallel_v2/user" -I../Drivers/STM32F1xx_HAL_Driver/Inc/Legacy -I../Drivers/STM32F1xx_HAL_Driver/Inc -I../Drivers/CMSIS/Device/ST/STM32F1xx/Include -I../Drivers/CMSIS/Include -O0 -ffunction-sections -fdata-sections -Wall -fstack-usage -fcyclomatic-complexity -MMD -MP -MF"Drivers/STM32F1xx_HAL_Driver/Src/stm32f1xx_hal_flash_ex.d" -MT"Drivers/STM32F1xx_HAL_Driver/Src/stm32f1xx_hal_flash_ex.o" --specs=nano.specs -mfloat-abi=soft -mthumb -o "Drivers/STM32F1xx_HAL_Driver/Src/stm32f1xx_hal_flash_ex.o"
arm-none-eabi-gcc "../Drivers/STM32F1xx_HAL_Driver/Src/stm32f1xx_hal_gpio.c" -mcpu=cortex-m3 -std=gnu11 -g3 -DDEBUG -DUSE_HAL_DRIVER -DSTM32F103xB -c -I../Core/Inc -I"C:/Users/peter/OneDrive/Desktop/Github/stm32_pseudo_parallel/pseudo_parallel_v2/user" -I../Drivers/STM32F1xx_HAL_Driver/Inc/Legacy -I../Drivers/STM32F1xx_HAL_Driver/Inc -I../Drivers/CMSIS/Device/ST/STM32F1xx/Include -I../Drivers/CMSIS/Include -O0 -ffunction-sections -fdata-sections -Wall -fstack-usage -fcyclomatic-complexity -MMD -MP -MF"Drivers/STM32F1xx_HAL_Driver/Src/stm32f1xx_hal_gpio.d" -MT"Drivers/STM32F1xx_HAL_Driver/Src/stm32f1xx_hal_gpio.o" --specs=nano.specs -mfloat-abi=soft -mthumb -o "Drivers/STM32F1xx_HAL_Driver/Src/stm32f1xx_hal_gpio.o"
arm-none-eabi-gcc "../Drivers/STM32F1xx_HAL_Driver/Src/stm32f1xx_hal_gpio_ex.c" -mcpu=cortex-m3 -std=gnu11 -g3 -DDEBUG -DUSE_HAL_DRIVER -DSTM32F103xB -c -I../Core/Inc -I"C:/Users/peter/OneDrive/Desktop/Github/stm32_pseudo_parallel/pseudo_parallel_v2/user" -I../Drivers/STM32F1xx_HAL_Driver/Inc/Legacy -I../Drivers/STM32F1xx_HAL_Driver/Inc -I../Drivers/CMSIS/Device/ST/STM32F1xx/Include -I../Drivers/CMSIS/Include -O0 -ffunction-sections -fdata-sections -Wall -fstack-usage -fcyclomatic-complexity -MMD -MP -MF"Drivers/STM32F1xx_HAL_Driver/Src/stm32f1xx_hal_gpio_ex.d" -MT"Drivers/STM32F1xx_HAL_Driver/Src/stm32f1xx_hal_gpio_ex.o" --specs=nano.specs -mfloat-abi=soft -mthumb -o "Drivers/STM32F1xx_HAL_Driver/Src/stm32f1xx_hal_gpio_ex.o"
arm-none-eabi-gcc "../Drivers/STM32F1xx_HAL_Driver/Src/stm32f1xx_hal_pwr.c" -mcpu=cortex-m3 -std=gnu11 -g3 -DDEBUG -DUSE_HAL_DRIVER -DSTM32F103xB -c -I../Core/Inc -I"C:/Users/peter/OneDrive/Desktop/Github/stm32_pseudo_parallel/pseudo_parallel_v2/user" -I../Drivers/STM32F1xx_HAL_Driver/Inc/Legacy -I../Drivers/STM32F1xx_HAL_Driver/Inc -I../Drivers/CMSIS/Device/ST/STM32F1xx/Include -I../Drivers/CMSIS/Include -O0 -ffunction-sections -fdata-sections -Wall -fstack-usage -fcyclomatic-complexity -MMD -MP -MF"Drivers/STM32F1xx_HAL_Driver/Src/stm32f1xx_hal_pwr.d" -MT"Drivers/STM32F1xx_HAL_Driver/Src/stm32f1xx_hal_pwr.o" --specs=nano.specs -mfloat-abi=soft -mthumb -o "Drivers/STM32F1xx_HAL_Driver/Src/stm32f1xx_hal_pwr.o"
arm-none-eabi-gcc "../Drivers/STM32F1xx_HAL_Driver/Src/stm32f1xx_hal_rcc.c" -mcpu=cortex-m3 -std=gnu11 -g3 -DDEBUG -DUSE_HAL_DRIVER -DSTM32F103xB -c -I../Core/Inc -I"C:/Users/peter/OneDrive/Desktop/Github/stm32_pseudo_parallel/pseudo_parallel_v2/user" -I../Drivers/STM32F1xx_HAL_Driver/Inc/Legacy -I../Drivers/STM32F1xx_HAL_Driver/Inc -I../Drivers/CMSIS/Device/ST/STM32F1xx/Include -I../Drivers/CMSIS/Include -O0 -ffunction-sections -fdata-sections -Wall -fstack-usage -fcyclomatic-complexity -MMD -MP -MF"Drivers/STM32F1xx_HAL_Driver/Src/stm32f1xx_hal_rcc.d" -MT"Drivers/STM32F1xx_HAL_Driver/Src/stm32f1xx_hal_rcc.o" --specs=nano.specs -mfloat-abi=soft -mthumb -o "Drivers/STM32F1xx_HAL_Driver/Src/stm32f1xx_hal_rcc.o"
arm-none-eabi-gcc "../Drivers/STM32F1xx_HAL_Driver/Src/stm32f1xx_hal_rcc_ex.c" -mcpu=cortex-m3 -std=gnu11 -g3 -DDEBUG -DUSE_HAL_DRIVER -DSTM32F103xB -c -I../Core/Inc -I"C:/Users/peter/OneDrive/Desktop/Github/stm32_pseudo_parallel/pseudo_parallel_v2/user" -I../Drivers/STM32F1xx_HAL_Driver/Inc/Legacy -I../Drivers/STM32F1xx_HAL_Driver/Inc -I../Drivers/CMSIS/Device/ST/STM32F1xx/Include -I../Drivers/CMSIS/Include -O0 -ffunction-sections -fdata-sections -Wall -fstack-usage -fcyclomatic-complexity -MMD -MP -MF"Drivers/STM32F1xx_HAL_Driver/Src/stm32f1xx_hal_rcc_ex.d" -MT"Drivers/STM32F1xx_HAL_Driver/Src/stm32f1xx_hal_rcc_ex.o" --specs=nano.specs -mfloat-abi=soft -mthumb -o "Drivers/STM32F1xx_HAL_Driver/Src/stm32f1xx_hal_rcc_ex.o"
arm-none-eabi-gcc "../Drivers/STM32F1xx_HAL_Driver/Src/stm32f1xx_hal_uart.c" -mcpu=cortex-m3 -std=gnu11 -g3 -DDEBUG -DUSE_HAL_DRIVER -DSTM32F103xB -c -I../Core/Inc -I"C:/Users/peter/OneDrive/Desktop/Github/stm32_pseudo_parallel/pseudo_parallel_v2/user" -I../Drivers/STM32F1xx_HAL_Driver/Inc/Legacy -I../Drivers/STM32F1xx_HAL_Driver/Inc -I../Drivers/CMSIS/Device/ST/STM32F1xx/Include -I../Drivers/CMSIS/Include -O0 -ffunction-sections -fdata-sections -Wall -fstack-usage -fcyclomatic-complexity -MMD -MP -MF"Drivers/STM32F1xx_HAL_Driver/Src/stm32f1xx_hal_uart.d" -MT"Drivers/STM32F1xx_HAL_Driver/Src/stm32f1xx_hal_uart.o" --specs=nano.specs -mfloat-abi=soft -mthumb -o "Drivers/STM32F1xx_HAL_Driver/Src/stm32f1xx_hal_uart.o"
arm-none-eabi-gcc -mcpu=cortex-m3 -g3 -DDEBUG -c -x assembler-with-cpp -MMD -MP -MF"Core/Startup/startup_stm32f103c8tx.d" -MT"Core/Startup/startup_stm32f103c8tx.o" --specs=nano.specs -mfloat-abi=soft -mthumb -o "Core/Startup/startup_stm32f103c8tx.o" "../Core/Startup/startup_stm32f103c8tx.s"
arm-none-eabi-gcc "../Core/Src/main.c" -mcpu=cortex-m3 -std=gnu11 -g3 -DDEBUG -DUSE_HAL_DRIVER -DSTM32F103xB -c -I../Core/Inc -I"C:/Users/peter/OneDrive/Desktop/Github/stm32_pseudo_parallel/pseudo_parallel_v2/user" -I../Drivers/STM32F1xx_HAL_Driver/Inc/Legacy -I../Drivers/STM32F1xx_HAL_Driver/Inc -I../Drivers/CMSIS/Device/ST/STM32F1xx/Include -I../Drivers/CMSIS/Include -O0 -ffunction-sections -fdata-sections -Wall -fstack-usage -fcyclomatic-complexity -MMD -MP -MF"Core/Src/main.d" -MT"Core/Src/main.o" --specs=nano.specs -mfloat-abi=soft -mthumb -o "Core/Src/main.o"
arm-none-eabi-gcc "../Core/Src/stm32f1xx_hal_msp.c" -mcpu=cortex-m3 -std=gnu11 -g3 -DDEBUG -DUSE_HAL_DRIVER -DSTM32F103xB -c -I../Core/Inc -I"C:/Users/peter/OneDrive/Desktop/Github/stm32_pseudo_parallel/pseudo_parallel_v2/user" -I../Drivers/STM32F1xx_HAL_Driver/Inc/Legacy -I../Drivers/STM32F1xx_HAL_Driver/Inc -I../Drivers/CMSIS/Device/ST/STM32F1xx/Include -I../Drivers/CMSIS/Include -O0 -ffunction-sections -fdata-sections -Wall -fstack-usage -fcyclomatic-complexity -MMD -MP -MF"Core/Src/stm32f1xx_hal_msp.d" -MT"Core/Src/stm32f1xx_hal_msp.o" --specs=nano.specs -mfloat-abi=soft -mthumb -o "Core/Src/stm32f1xx_hal_msp.o"
arm-none-eabi-gcc "../Core/Src/stm32f1xx_it.c" -mcpu=cortex-m3 -std=gnu11 -g3 -DDEBUG -DUSE_HAL_DRIVER -DSTM32F103xB -c -I../Core/Inc -I"C:/Users/peter/OneDrive/Desktop/Github/stm32_pseudo_parallel/pseudo_parallel_v2/user" -I../Drivers/STM32F1xx_HAL_Driver/Inc/Legacy -I../Drivers/STM32F1xx_HAL_Driver/Inc -I../Drivers/CMSIS/Device/ST/STM32F1xx/Include -I../Drivers/CMSIS/Include -O0 -ffunction-sections -fdata-sections -Wall -fstack-usage -fcyclomatic-complexity -MMD -MP -MF"Core/Src/stm32f1xx_it.d" -MT"Core/Src/stm32f1xx_it.o" --specs=nano.specs -mfloat-abi=soft -mthumb -o "Core/Src/stm32f1xx_it.o"
arm-none-eabi-gcc "../Core/Src/syscalls.c" -mcpu=cortex-m3 -std=gnu11 -g3 -DDEBUG -DUSE_HAL_DRIVER -DSTM32F103xB -c -I../Core/Inc -I"C:/Users/peter/OneDrive/Desktop/Github/stm32_pseudo_parallel/pseudo_parallel_v2/user" -I../Drivers/STM32F1xx_HAL_Driver/Inc/Legacy -I../Drivers/STM32F1xx_HAL_Driver/Inc -I../Drivers/CMSIS/Device/ST/STM32F1xx/Include -I../Drivers/CMSIS/Include -O0 -ffunction-sections -fdata-sections -Wall -fstack-usage -fcyclomatic-complexity -MMD -MP -MF"Core/Src/syscalls.d" -MT"Core/Src/syscalls.o" --specs=nano.specs -mfloat-abi=soft -mthumb -o "Core/Src/syscalls.o"
arm-none-eabi-gcc "../Core/Src/sysmem.c" -mcpu=cortex-m3 -std=gnu11 -g3 -DDEBUG -DUSE_HAL_DRIVER -DSTM32F103xB -c -I../Core/Inc -I"C:/Users/peter/OneDrive/Desktop/Github/stm32_pseudo_parallel/pseudo_parallel_v2/user" -I../Drivers/STM32F1xx_HAL_Driver/Inc/Legacy -I../Drivers/STM32F1xx_HAL_Driver/Inc -I../Drivers/CMSIS/Device/ST/STM32F1xx/Include -I../Drivers/CMSIS/Include -O0 -ffunction-sections -fdata-sections -Wall -fstack-usage -fcyclomatic-complexity -MMD -MP -MF"Core/Src/sysmem.d" -MT"Core/Src/sysmem.o" --specs=nano.specs -mfloat-abi=soft -mthumb -o "Core/Src/sysmem.o"
arm-none-eabi-gcc "../Core/Src/system_stm32f1xx.c" -mcpu=cortex-m3 -std=gnu11 -g3 -DDEBUG -DUSE_HAL_DRIVER -DSTM32F103xB -c -I../Core/Inc -I"C:/Users/peter/OneDrive/Desktop/Github/stm32_pseudo_parallel/pseudo_parallel_v2/user" -I../Drivers/STM32F1xx_HAL_Driver/Inc/Legacy -I../Drivers/STM32F1xx_HAL_Driver/Inc -I../Drivers/CMSIS/Device/ST/STM32F1xx/Include -I../Drivers/CMSIS/Include -O0 -ffunction-sections -fdata-sections -Wall -fstack-usage -fcyclomatic-complexity -MMD -MP -MF"Core/Src/system_stm32f1xx.d" -MT"Core/Src/system_stm32f1xx.o" --specs=nano.specs -mfloat-abi=soft -mthumb -o "Core/Src/system_stm32f1xx.o"
arm-none-eabi-gcc -o "pseudo_parallel_v2.elf" @"objects.list"   -mcpu=cortex-m3 -T"C:\Users\peter\OneDrive\Desktop\Github\stm32_pseudo_parallel\pseudo_parallel_v2\STM32F103C8TX_FLASH.ld" --specs=nosys.specs -Wl,-Map="pseudo_parallel_v2.map" -Wl,--gc-sections -static --specs=nano.specs -mfloat-abi=soft -mthumb -Wl,--start-group -lc -lm -Wl,--end-group
Finished building target: pseudo_parallel_v2.elf
 
arm-none-eabi-size   pseudo_parallel_v2.elf 
Command canceled
11:13:18 **** Build of configuration Debug for project pseudo_parallel_v2 ****
make -j4 all 
arm-none-eabi-gcc "../user/task.c" -mcpu=cortex-m3 -std=gnu11 -g3 -DDEBUG -DUSE_HAL_DRIVER -DSTM32F103xB -c -I../Core/Inc -I"C:/Users/peter/OneDrive/Desktop/Github/stm32_pseudo_parallel/pseudo_parallel_v2/user" -I../Drivers/STM32F1xx_HAL_Driver/Inc/Legacy -I../Drivers/STM32F1xx_HAL_Driver/Inc -I../Drivers/CMSIS/Device/ST/STM32F1xx/Include -I../Drivers/CMSIS/Include -O0 -ffunction-sections -fdata-sections -Wall -fstack-usage -fcyclomatic-complexity -MMD -MP -MF"user/task.d" -MT"user/task.o" --specs=nano.specs -mfloat-abi=soft -mthumb -o "user/task.o"
arm-none-eabi-gcc "../user/user.c" -mcpu=cortex-m3 -std=gnu11 -g3 -DDEBUG -DUSE_HAL_DRIVER -DSTM32F103xB -c -I../Core/Inc -I"C:/Users/peter/OneDrive/Desktop/Github/stm32_pseudo_parallel/pseudo_parallel_v2/user" -I../Drivers/STM32F1xx_HAL_Driver/Inc/Legacy -I../Drivers/STM32F1xx_HAL_Driver/Inc -I../Drivers/CMSIS/Device/ST/STM32F1xx/Include -I../Drivers/CMSIS/Include -O0 -ffunction-sections -fdata-sections -Wall -fstack-usage -fcyclomatic-complexity -MMD -MP -MF"user/user.d" -MT"user/user.o" --specs=nano.specs -mfloat-abi=soft -mthumb -o "user/user.o"
arm-none-eabi-gcc "../Core/Src/main.c" -mcpu=cortex-m3 -std=gnu11 -g3 -DDEBUG -DUSE_HAL_DRIVER -DSTM32F103xB -c -I../Core/Inc -I"C:/Users/peter/OneDrive/Desktop/Github/stm32_pseudo_parallel/pseudo_parallel_v2/user" -I../Drivers/STM32F1xx_HAL_Driver/Inc/Legacy -I../Drivers/STM32F1xx_HAL_Driver/Inc -I../Drivers/CMSIS/Device/ST/STM32F1xx/Include -I../Drivers/CMSIS/Include -O0 -ffunction-sections -fdata-sections -Wall -fstack-usage -fcyclomatic-complexity -MMD -MP -MF"Core/Src/main.d" -MT"Core/Src/main.o" --specs=nano.specs -mfloat-abi=soft -mthumb -o "Core/Src/main.o"
arm-none-eabi-gcc "../Core/Src/stm32f1xx_hal_msp.c" -mcpu=cortex-m3 -std=gnu11 -g3 -DDEBUG -DUSE_HAL_DRIVER -DSTM32F103xB -c -I../Core/Inc -I"C:/Users/peter/OneDrive/Desktop/Github/stm32_pseudo_parallel/pseudo_parallel_v2/user" -I../Drivers/STM32F1xx_HAL_Driver/Inc/Legacy -I../Drivers/STM32F1xx_HAL_Driver/Inc -I../Drivers/CMSIS/Device/ST/STM32F1xx/Include -I../Drivers/CMSIS/Include -O0 -ffunction-sections -fdata-sections -Wall -fstack-usage -fcyclomatic-complexity -MMD -MP -MF"Core/Src/stm32f1xx_hal_msp.d" -MT"Core/Src/stm32f1xx_hal_msp.o" --specs=nano.specs -mfloat-abi=soft -mthumb -o "Core/Src/stm32f1xx_hal_msp.o"
../user/task.c: In function 'console':
../user/task.c:59:3: warning: implicit declaration of function 'printf' [-Wimplicit-function-declaration]
   59 |   printf("TASK|%s> ERROR :",func_name);
      |   ^~~~~~
../user/task.c:59:3: warning: incompatible implicit declaration of built-in function 'printf'
../user/task.c:11:1: note: include '<stdio.h>' or provide a declaration of 'printf'
   10 | #include "main.h"
  +++ |+#include <stdio.h>
   11 | 
../user/task.c:61:3: warning: incompatible implicit declaration of built-in function 'printf'
   61 |   printf("TASK|%s> INFO : ",func_name);
      |   ^~~~~~
../user/task.c:61:3: note: include '<stdio.h>' or provide a declaration of 'printf'
../user/task.c:63:3: warning: incompatible implicit declaration of built-in function 'printf'
   63 |   printf("TASK|%s> WARNING : ",func_name);
      |   ^~~~~~
../user/task.c:63:3: note: include '<stdio.h>' or provide a declaration of 'printf'
../user/task.c:65:3: warning: incompatible implicit declaration of built-in function 'printf'
   65 |   printf("TASK|%s: ",func_name);
      |   ^~~~~~
../user/task.c:65:3: note: include '<stdio.h>' or provide a declaration of 'printf'
../user/task.c:69:2: warning: implicit declaration of function 'vprintf' [-Wimplicit-function-declaration]
   69 |  vprintf(msg, args);
      |  ^~~~~~~
../user/user.c: In function 'task1':
../user/user.c:19:2: warning: implicit declaration of function 'printf' [-Wimplicit-function-declaration]
   19 |  printf("Task1 starting\n");
      |  ^~~~~~
../user/user.c:19:2: warning: incompatible implicit declaration of built-in function 'printf'
../user/user.c:12:1: note: include '<stdio.h>' or provide a declaration of 'printf'
   11 | #include "task.h"
  +++ |+#include <stdio.h>
   12 | 
../user/user.c: In function 'task2':
../user/user.c:26:2: warning: incompatible implicit declaration of built-in function 'printf'
   26 |  printf("Task2 starting\n");
      |  ^~~~~~
../user/user.c:26:2: note: include '<stdio.h>' or provide a declaration of 'printf'
../user/user.c: In function 'task3':
../user/user.c:35:2: warning: incompatible implicit declaration of built-in function 'printf'
   35 |  printf("Task3 starting\n");
      |  ^~~~~~
../user/user.c:35:2: note: include '<stdio.h>' or provide a declaration of 'printf'
../user/user.c: In function 'init':
../user/user.c:49:2: warning: incompatible implicit declaration of built-in function 'printf'
   49 |  printf("Initiating....\n");
      |  ^~~~~~
../user/user.c:49:2: note: include '<stdio.h>' or provide a declaration of 'printf'
arm-none-eabi-gcc "../Core/Src/stm32f1xx_it.c" -mcpu=cortex-m3 -std=gnu11 -g3 -DDEBUG -DUSE_HAL_DRIVER -DSTM32F103xB -c -I../Core/Inc -I"C:/Users/peter/OneDrive/Desktop/Github/stm32_pseudo_parallel/pseudo_parallel_v2/user" -I../Drivers/STM32F1xx_HAL_Driver/Inc/Legacy -I../Drivers/STM32F1xx_HAL_Driver/Inc -I../Drivers/CMSIS/Device/ST/STM32F1xx/Include -I../Drivers/CMSIS/Include -O0 -ffunction-sections -fdata-sections -Wall -fstack-usage -fcyclomatic-complexity -MMD -MP -MF"Core/Src/stm32f1xx_it.d" -MT"Core/Src/stm32f1xx_it.o" --specs=nano.specs -mfloat-abi=soft -mthumb -o "Core/Src/stm32f1xx_it.o"
arm-none-eabi-gcc -o "pseudo_parallel_v2.elf" @"objects.list"   -mcpu=cortex-m3 -T"C:\Users\peter\OneDrive\Desktop\Github\stm32_pseudo_parallel\pseudo_parallel_v2\STM32F103C8TX_FLASH.ld" --specs=nosys.specs -Wl,-Map="pseudo_parallel_v2.map" -Wl,--gc-sections -static --specs=nano.specs -mfloat-abi=soft -mthumb -Wl,--start-group -lc -lm -Wl,--end-group
Finished building target: pseudo_parallel_v2.elf
 
arm-none-eabi-size   pseudo_parallel_v2.elf 
arm-none-eabi-objdump -h -S  pseudo_parallel_v2.elf  > "pseudo_parallel_v2.list"
   text	   data	    bss	    dec	    hex	filename
   5288	     20	   1636	   6944	   1b20	pseudo_parallel_v2.elf
Finished building: default.size.stdout
 
Finished building: pseudo_parallel_v2.list
 
11:14:05 **** Incremental Build of configuration Debug for project pseudo_parallel_v2 ****
make -j4 all 
arm-none-eabi-gcc "../user/task.c" -mcpu=cortex-m3 -std=gnu11 -g3 -DDEBUG -DUSE_HAL_DRIVER -DSTM32F103xB -c -I../Core/Inc -I"C:/Users/peter/OneDrive/Desktop/Github/stm32_pseudo_parallel/pseudo_parallel_v2/user" -I../Drivers/STM32F1xx_HAL_Driver/Inc/Legacy -I../Drivers/STM32F1xx_HAL_Driver/Inc -I../Drivers/CMSIS/Device/ST/STM32F1xx/Include -I../Drivers/CMSIS/Include -O0 -ffunction-sections -fdata-sections -Wall -fstack-usage -fcyclomatic-complexity -MMD -MP -MF"user/task.d" -MT"user/task.o" --specs=nano.specs -mfloat-abi=soft -mthumb -o "user/task.o"
arm-none-eabi-gcc "../user/user.c" -mcpu=cortex-m3 -std=gnu11 -g3 -DDEBUG -DUSE_HAL_DRIVER -DSTM32F103xB -c -I../Core/Inc -I"C:/Users/peter/OneDrive/Desktop/Github/stm32_pseudo_parallel/pseudo_parallel_v2/user" -I../Drivers/STM32F1xx_HAL_Driver/Inc/Legacy -I../Drivers/STM32F1xx_HAL_Driver/Inc -I../Drivers/CMSIS/Device/ST/STM32F1xx/Include -I../Drivers/CMSIS/Include -O0 -ffunction-sections -fdata-sections -Wall -fstack-usage -fcyclomatic-complexity -MMD -MP -MF"user/user.d" -MT"user/user.o" --specs=nano.specs -mfloat-abi=soft -mthumb -o "user/user.o"
arm-none-eabi-gcc "../Core/Src/main.c" -mcpu=cortex-m3 -std=gnu11 -g3 -DDEBUG -DUSE_HAL_DRIVER -DSTM32F103xB -c -I../Core/Inc -I"C:/Users/peter/OneDrive/Desktop/Github/stm32_pseudo_parallel/pseudo_parallel_v2/user" -I../Drivers/STM32F1xx_HAL_Driver/Inc/Legacy -I../Drivers/STM32F1xx_HAL_Driver/Inc -I../Drivers/CMSIS/Device/ST/STM32F1xx/Include -I../Drivers/CMSIS/Include -O0 -ffunction-sections -fdata-sections -Wall -fstack-usage -fcyclomatic-complexity -MMD -MP -MF"Core/Src/main.d" -MT"Core/Src/main.o" --specs=nano.specs -mfloat-abi=soft -mthumb -o "Core/Src/main.o"
arm-none-eabi-gcc "../Core/Src/stm32f1xx_hal_msp.c" -mcpu=cortex-m3 -std=gnu11 -g3 -DDEBUG -DUSE_HAL_DRIVER -DSTM32F103xB -c -I../Core/Inc -I"C:/Users/peter/OneDrive/Desktop/Github/stm32_pseudo_parallel/pseudo_parallel_v2/user" -I../Drivers/STM32F1xx_HAL_Driver/Inc/Legacy -I../Drivers/STM32F1xx_HAL_Driver/Inc -I../Drivers/CMSIS/Device/ST/STM32F1xx/Include -I../Drivers/CMSIS/Include -O0 -ffunction-sections -fdata-sections -Wall -fstack-usage -fcyclomatic-complexity -MMD -MP -MF"Core/Src/stm32f1xx_hal_msp.d" -MT"Core/Src/stm32f1xx_hal_msp.o" --specs=nano.specs -mfloat-abi=soft -mthumb -o "Core/Src/stm32f1xx_hal_msp.o"
arm-none-eabi-gcc "../Core/Src/stm32f1xx_it.c" -mcpu=cortex-m3 -std=gnu11 -g3 -DDEBUG -DUSE_HAL_DRIVER -DSTM32F103xB -c -I../Core/Inc -I"C:/Users/peter/OneDrive/Desktop/Github/stm32_pseudo_parallel/pseudo_parallel_v2/user" -I../Drivers/STM32F1xx_HAL_Driver/Inc/Legacy -I../Drivers/STM32F1xx_HAL_Driver/Inc -I../Drivers/CMSIS/Device/ST/STM32F1xx/Include -I../Drivers/CMSIS/Include -O0 -ffunction-sections -fdata-sections -Wall -fstack-usage -fcyclomatic-complexity -MMD -MP -MF"Core/Src/stm32f1xx_it.d" -MT"Core/Src/stm32f1xx_it.o" --specs=nano.specs -mfloat-abi=soft -mthumb -o "Core/Src/stm32f1xx_it.o"
arm-none-eabi-gcc -o "pseudo_parallel_v2.elf" @"objects.list"   -mcpu=cortex-m3 -T"C:\Users\peter\OneDrive\Desktop\Github\stm32_pseudo_parallel\pseudo_parallel_v2\STM32F103C8TX_FLASH.ld" --specs=nosys.specs -Wl,-Map="pseudo_parallel_v2.map" -Wl,--gc-sections -static --specs=nano.specs -mfloat-abi=soft -mthumb -Wl,--start-group -lc -lm -Wl,--end-group
Finished building target: pseudo_parallel_v2.elf
 
arm-none-eabi-size   pseudo_parallel_v2.elf 
arm-none-eabi-objdump -h -S  pseudo_parallel_v2.elf  > "pseudo_parallel_v2.list"
   text	   data	    bss	    dec	    hex	filename
   8824	    120	   1656	  10600	   2968	pseudo_parallel_v2.elf
Finished building: default.size.stdout
 
Finished building: pseudo_parallel_v2.list
 
11:14:40 **** Incremental Build of configuration Debug for project pseudo_parallel_v2 ****
make -j4 all 
arm-none-eabi-gcc "../user/user.c" -mcpu=cortex-m3 -std=gnu11 -g3 -DDEBUG -DUSE_HAL_DRIVER -DSTM32F103xB -c -I../Core/Inc -I"C:/Users/peter/OneDrive/Desktop/Github/stm32_pseudo_parallel/pseudo_parallel_v2/user" -I../Drivers/STM32F1xx_HAL_Driver/Inc/Legacy -I../Drivers/STM32F1xx_HAL_Driver/Inc -I../Drivers/CMSIS/Device/ST/STM32F1xx/Include -I../Drivers/CMSIS/Include -O0 -ffunction-sections -fdata-sections -Wall -fstack-usage -fcyclomatic-complexity -MMD -MP -MF"user/user.d" -MT"user/user.o" --specs=nano.specs -mfloat-abi=soft -mthumb -o "user/user.o"
arm-none-eabi-gcc -o "pseudo_parallel_v2.elf" @"objects.list"   -mcpu=cortex-m3 -T"C:\Users\peter\OneDrive\Desktop\Github\stm32_pseudo_parallel\pseudo_parallel_v2\STM32F103C8TX_FLASH.ld" --specs=nosys.specs -Wl,-Map="pseudo_parallel_v2.map" -Wl,--gc-sections -static --specs=nano.specs -mfloat-abi=soft -mthumb -Wl,--start-group -lc -lm -Wl,--end-group
Finished building target: pseudo_parallel_v2.elf
 
arm-none-eabi-size   pseudo_parallel_v2.elf 
arm-none-eabi-objdump -h -S  pseudo_parallel_v2.elf  > "pseudo_parallel_v2.list"
   text	   data	    bss	    dec	    hex	filename
   8796	    120	   1656	  10572	   294c	pseudo_parallel_v2.elf
Finished building: default.size.stdout
 
Finished building: pseudo_parallel_v2.list
 
11:14:52 **** Incremental Build of configuration Debug for project pseudo_parallel_v2 ****
make -j4 all 
arm-none-eabi-size   pseudo_parallel_v2.elf 
   text	   data	    bss	    dec	    hex	filename
   8796	    120	   1656	  10572	   294c	pseudo_parallel_v2.elf
Finished building: default.size.stdout
 
11:16:16 **** Incremental Build of configuration Debug for project pseudo_parallel_v2 ****
make -j4 all 
arm-none-eabi-gcc "../user/user.c" -mcpu=cortex-m3 -std=gnu11 -g3 -DDEBUG -DUSE_HAL_DRIVER -DSTM32F103xB -c -I../Core/Inc -I"C:/Users/peter/OneDrive/Desktop/Github/stm32_pseudo_parallel/pseudo_parallel_v2/user" -I../Drivers/STM32F1xx_HAL_Driver/Inc/Legacy -I../Drivers/STM32F1xx_HAL_Driver/Inc -I../Drivers/CMSIS/Device/ST/STM32F1xx/Include -I../Drivers/CMSIS/Include -O0 -ffunction-sections -fdata-sections -Wall -fstack-usage -fcyclomatic-complexity -MMD -MP -MF"user/user.d" -MT"user/user.o" --specs=nano.specs -mfloat-abi=soft -mthumb -o "user/user.o"
arm-none-eabi-gcc -o "pseudo_parallel_v2.elf" @"objects.list"   -mcpu=cortex-m3 -T"C:\Users\peter\OneDrive\Desktop\Github\stm32_pseudo_parallel\pseudo_parallel_v2\STM32F103C8TX_FLASH.ld" --specs=nosys.specs -Wl,-Map="pseudo_parallel_v2.map" -Wl,--gc-sections -static --specs=nano.specs -mfloat-abi=soft -mthumb -Wl,--start-group -lc -lm -Wl,--end-group
Finished building target: pseudo_parallel_v2.elf
 
arm-none-eabi-size   pseudo_parallel_v2.elf 
arm-none-eabi-objdump -h -S  pseudo_parallel_v2.elf  > "pseudo_parallel_v2.list"
   text	   data	    bss	    dec	    hex	filename
   8796	    120	   1656	  10572	   294c	pseudo_parallel_v2.elf
Finished building: default.size.stdout
 
Finished building: pseudo_parallel_v2.list
 
11:18:44 **** Incremental Build of configuration Debug for project pseudo_parallel_v2 ****
make -j4 all 
arm-none-eabi-gcc "../Core/Src/main.c" -mcpu=cortex-m3 -std=gnu11 -g3 -DDEBUG -DUSE_HAL_DRIVER -DSTM32F103xB -c -I../Core/Inc -I"C:/Users/peter/OneDrive/Desktop/Github/stm32_pseudo_parallel/pseudo_parallel_v2/user" -I../Drivers/STM32F1xx_HAL_Driver/Inc/Legacy -I../Drivers/STM32F1xx_HAL_Driver/Inc -I../Drivers/CMSIS/Device/ST/STM32F1xx/Include -I../Drivers/CMSIS/Include -O0 -ffunction-sections -fdata-sections -Wall -fstack-usage -fcyclomatic-complexity -MMD -MP -MF"Core/Src/main.d" -MT"Core/Src/main.o" --specs=nano.specs -mfloat-abi=soft -mthumb -o "Core/Src/main.o"
arm-none-eabi-gcc -o "pseudo_parallel_v2.elf" @"objects.list"   -mcpu=cortex-m3 -T"C:\Users\peter\OneDrive\Desktop\Github\stm32_pseudo_parallel\pseudo_parallel_v2\STM32F103C8TX_FLASH.ld" --specs=nosys.specs -Wl,-Map="pseudo_parallel_v2.map" -Wl,--gc-sections -static --specs=nano.specs -mfloat-abi=soft -mthumb -Wl,--start-group -lc -lm -Wl,--end-group
Finished building target: pseudo_parallel_v2.elf
 
arm-none-eabi-size   pseudo_parallel_v2.elf 
arm-none-eabi-objdump -h -S  pseudo_parallel_v2.elf  > "pseudo_parallel_v2.list"
   text	   data	    bss	    dec	    hex	filename
   8816	    120	   1656	  10592	   2960	pseudo_parallel_v2.elf
Finished building: default.size.stdout
 
Finished building: pseudo_parallel_v2.list
 
11:20:25 **** Incremental Build of configuration Debug for project pseudo_parallel_v2 ****
make -j4 all 
arm-none-eabi-gcc "../Core/Src/main.c" -mcpu=cortex-m3 -std=gnu11 -g3 -DDEBUG -DUSE_HAL_DRIVER -DSTM32F103xB -c -I../Core/Inc -I"C:/Users/peter/OneDrive/Desktop/Github/stm32_pseudo_parallel/pseudo_parallel_v2/user" -I../Drivers/STM32F1xx_HAL_Driver/Inc/Legacy -I../Drivers/STM32F1xx_HAL_Driver/Inc -I../Drivers/CMSIS/Device/ST/STM32F1xx/Include -I../Drivers/CMSIS/Include -O0 -ffunction-sections -fdata-sections -Wall -fstack-usage -fcyclomatic-complexity -MMD -MP -MF"Core/Src/main.d" -MT"Core/Src/main.o" --specs=nano.specs -mfloat-abi=soft -mthumb -o "Core/Src/main.o"
arm-none-eabi-gcc -o "pseudo_parallel_v2.elf" @"objects.list"   -mcpu=cortex-m3 -T"C:\Users\peter\OneDrive\Desktop\Github\stm32_pseudo_parallel\pseudo_parallel_v2\STM32F103C8TX_FLASH.ld" --specs=nosys.specs -Wl,-Map="pseudo_parallel_v2.map" -Wl,--gc-sections -static --specs=nano.specs -mfloat-abi=soft -mthumb -Wl,--start-group -lc -lm -Wl,--end-group
Finished building target: pseudo_parallel_v2.elf
 
arm-none-eabi-size   pseudo_parallel_v2.elf 
arm-none-eabi-objdump -h -S  pseudo_parallel_v2.elf  > "pseudo_parallel_v2.list"
   text	   data	    bss	    dec	    hex	filename
   8796	    120	   1656	  10572	   294c	pseudo_parallel_v2.elf
Finished building: default.size.stdout
 
Finished building: pseudo_parallel_v2.list
 
11:21:38 **** Incremental Build of configuration Debug for project pseudo_parallel_v2 ****
make -j4 all 
arm-none-eabi-gcc "../Core/Src/main.c" -mcpu=cortex-m3 -std=gnu11 -g3 -DDEBUG -DUSE_HAL_DRIVER -DSTM32F103xB -c -I../Core/Inc -I"C:/Users/peter/OneDrive/Desktop/Github/stm32_pseudo_parallel/pseudo_parallel_v2/user" -I../Drivers/STM32F1xx_HAL_Driver/Inc/Legacy -I../Drivers/STM32F1xx_HAL_Driver/Inc -I../Drivers/CMSIS/Device/ST/STM32F1xx/Include -I../Drivers/CMSIS/Include -O0 -ffunction-sections -fdata-sections -Wall -fstack-usage -fcyclomatic-complexity -MMD -MP -MF"Core/Src/main.d" -MT"Core/Src/main.o" --specs=nano.specs -mfloat-abi=soft -mthumb -o "Core/Src/main.o"
arm-none-eabi-gcc -o "pseudo_parallel_v2.elf" @"objects.list"   -mcpu=cortex-m3 -T"C:\Users\peter\OneDrive\Desktop\Github\stm32_pseudo_parallel\pseudo_parallel_v2\STM32F103C8TX_FLASH.ld" --specs=nosys.specs -Wl,-Map="pseudo_parallel_v2.map" -Wl,--gc-sections -static --specs=nano.specs -mfloat-abi=soft -mthumb -Wl,--start-group -lc -lm -Wl,--end-group
Finished building target: pseudo_parallel_v2.elf
 
arm-none-eabi-size   pseudo_parallel_v2.elf 
arm-none-eabi-objdump -h -S  pseudo_parallel_v2.elf  > "pseudo_parallel_v2.list"
   text	   data	    bss	    dec	    hex	filename
   8816	    120	   1656	  10592	   2960	pseudo_parallel_v2.elf
Finished building: default.size.stdout
 
Finished building: pseudo_parallel_v2.list
 
11:22:41 **** Incremental Build of configuration Debug for project pseudo_parallel_v2 ****
make -j4 all 
arm-none-eabi-gcc "../Core/Src/main.c" -mcpu=cortex-m3 -std=gnu11 -g3 -DDEBUG -DUSE_HAL_DRIVER -DSTM32F103xB -c -I../Core/Inc -I"C:/Users/peter/OneDrive/Desktop/Github/stm32_pseudo_parallel/pseudo_parallel_v2/user" -I../Drivers/STM32F1xx_HAL_Driver/Inc/Legacy -I../Drivers/STM32F1xx_HAL_Driver/Inc -I../Drivers/CMSIS/Device/ST/STM32F1xx/Include -I../Drivers/CMSIS/Include -O0 -ffunction-sections -fdata-sections -Wall -fstack-usage -fcyclomatic-complexity -MMD -MP -MF"Core/Src/main.d" -MT"Core/Src/main.o" --specs=nano.specs -mfloat-abi=soft -mthumb -o "Core/Src/main.o"
arm-none-eabi-gcc -o "pseudo_parallel_v2.elf" @"objects.list"   -mcpu=cortex-m3 -T"C:\Users\peter\OneDrive\Desktop\Github\stm32_pseudo_parallel\pseudo_parallel_v2\STM32F103C8TX_FLASH.ld" --specs=nosys.specs -Wl,-Map="pseudo_parallel_v2.map" -Wl,--gc-sections -static --specs=nano.specs -mfloat-abi=soft -mthumb -Wl,--start-group -lc -lm -Wl,--end-group
Finished building target: pseudo_parallel_v2.elf
 
arm-none-eabi-size   pseudo_parallel_v2.elf 
arm-none-eabi-objdump -h -S  pseudo_parallel_v2.elf  > "pseudo_parallel_v2.list"
   text	   data	    bss	    dec	    hex	filename
   8796	    120	   1656	  10572	   294c	pseudo_parallel_v2.elf
Finished building: default.size.stdout
 
Finished building: pseudo_parallel_v2.list
 
11:35:00 **** Incremental Build of configuration Debug for project pseudo_parallel_v2 ****
make -j4 all 
arm-none-eabi-gcc "../user/task.c" -mcpu=cortex-m3 -std=gnu11 -g3 -DDEBUG -DUSE_HAL_DRIVER -DSTM32F103xB -c -I../Core/Inc -I"C:/Users/peter/OneDrive/Desktop/Github/stm32_pseudo_parallel/pseudo_parallel_v2/user" -I../Drivers/STM32F1xx_HAL_Driver/Inc/Legacy -I../Drivers/STM32F1xx_HAL_Driver/Inc -I../Drivers/CMSIS/Device/ST/STM32F1xx/Include -I../Drivers/CMSIS/Include -O0 -ffunction-sections -fdata-sections -Wall -fstack-usage -fcyclomatic-complexity -MMD -MP -MF"user/task.d" -MT"user/task.o" --specs=nano.specs -mfloat-abi=soft -mthumb -o "user/task.o"
arm-none-eabi-gcc "../user/user.c" -mcpu=cortex-m3 -std=gnu11 -g3 -DDEBUG -DUSE_HAL_DRIVER -DSTM32F103xB -c -I../Core/Inc -I"C:/Users/peter/OneDrive/Desktop/Github/stm32_pseudo_parallel/pseudo_parallel_v2/user" -I../Drivers/STM32F1xx_HAL_Driver/Inc/Legacy -I../Drivers/STM32F1xx_HAL_Driver/Inc -I../Drivers/CMSIS/Device/ST/STM32F1xx/Include -I../Drivers/CMSIS/Include -O0 -ffunction-sections -fdata-sections -Wall -fstack-usage -fcyclomatic-complexity -MMD -MP -MF"user/user.d" -MT"user/user.o" --specs=nano.specs -mfloat-abi=soft -mthumb -o "user/user.o"
arm-none-eabi-gcc "../Core/Src/stm32f1xx_it.c" -mcpu=cortex-m3 -std=gnu11 -g3 -DDEBUG -DUSE_HAL_DRIVER -DSTM32F103xB -c -I../Core/Inc -I"C:/Users/peter/OneDrive/Desktop/Github/stm32_pseudo_parallel/pseudo_parallel_v2/user" -I../Drivers/STM32F1xx_HAL_Driver/Inc/Legacy -I../Drivers/STM32F1xx_HAL_Driver/Inc -I../Drivers/CMSIS/Device/ST/STM32F1xx/Include -I../Drivers/CMSIS/Include -O0 -ffunction-sections -fdata-sections -Wall -fstack-usage -fcyclomatic-complexity -MMD -MP -MF"Core/Src/stm32f1xx_it.d" -MT"Core/Src/stm32f1xx_it.o" --specs=nano.specs -mfloat-abi=soft -mthumb -o "Core/Src/stm32f1xx_it.o"
arm-none-eabi-gcc -o "pseudo_parallel_v2.elf" @"objects.list"   -mcpu=cortex-m3 -T"C:\Users\peter\OneDrive\Desktop\Github\stm32_pseudo_parallel\pseudo_parallel_v2\STM32F103C8TX_FLASH.ld" --specs=nosys.specs -Wl,-Map="pseudo_parallel_v2.map" -Wl,--gc-sections -static --specs=nano.specs -mfloat-abi=soft -mthumb -Wl,--start-group -lc -lm -Wl,--end-group
Finished building target: pseudo_parallel_v2.elf
 
arm-none-eabi-size   pseudo_parallel_v2.elf 
arm-none-eabi-objdump -h -S  pseudo_parallel_v2.elf  > "pseudo_parallel_v2.list"
   text	   data	    bss	    dec	    hex	filename
  14248	    124	   1972	  16344	   3fd8	pseudo_parallel_v2.elf
Finished building: default.size.stdout
 
Finished building: pseudo_parallel_v2.list
 
11:38:08 **** Incremental Build of configuration Debug for project pseudo_parallel_v2 ****
make -j4 all 
arm-none-eabi-gcc "../user/task.c" -mcpu=cortex-m3 -std=gnu11 -g3 -DDEBUG -DUSE_HAL_DRIVER -DSTM32F103xB -c -I../Core/Inc -I"C:/Users/peter/OneDrive/Desktop/Github/stm32_pseudo_parallel/pseudo_parallel_v2/user" -I../Drivers/STM32F1xx_HAL_Driver/Inc/Legacy -I../Drivers/STM32F1xx_HAL_Driver/Inc -I../Drivers/CMSIS/Device/ST/STM32F1xx/Include -I../Drivers/CMSIS/Include -O0 -ffunction-sections -fdata-sections -Wall -fstack-usage -fcyclomatic-complexity -MMD -MP -MF"user/task.d" -MT"user/task.o" --specs=nano.specs -mfloat-abi=soft -mthumb -o "user/task.o"
arm-none-eabi-gcc "../user/user.c" -mcpu=cortex-m3 -std=gnu11 -g3 -DDEBUG -DUSE_HAL_DRIVER -DSTM32F103xB -c -I../Core/Inc -I"C:/Users/peter/OneDrive/Desktop/Github/stm32_pseudo_parallel/pseudo_parallel_v2/user" -I../Drivers/STM32F1xx_HAL_Driver/Inc/Legacy -I../Drivers/STM32F1xx_HAL_Driver/Inc -I../Drivers/CMSIS/Device/ST/STM32F1xx/Include -I../Drivers/CMSIS/Include -O0 -ffunction-sections -fdata-sections -Wall -fstack-usage -fcyclomatic-complexity -MMD -MP -MF"user/user.d" -MT"user/user.o" --specs=nano.specs -mfloat-abi=soft -mthumb -o "user/user.o"
../user/task.c:43:17: warning: 'MAIN_STACK_SIZE' defined but not used [-Wunused-variable]
   43 | static uint32_t MAIN_STACK_SIZE;  // Size of main stack
      |                 ^~~~~~~~~~~~~~~
arm-none-eabi-gcc -o "pseudo_parallel_v2.elf" @"objects.list"   -mcpu=cortex-m3 -T"C:\Users\peter\OneDrive\Desktop\Github\stm32_pseudo_parallel\pseudo_parallel_v2\STM32F103C8TX_FLASH.ld" --specs=nosys.specs -Wl,-Map="pseudo_parallel_v2.map" -Wl,--gc-sections -static --specs=nano.specs -mfloat-abi=soft -mthumb -Wl,--start-group -lc -lm -Wl,--end-group
c:\st\stm32cubeide_1.10.1\stm32cubeide\plugins\com.st.stm32cube.ide.mcu.externaltools.gnu-tools-for-stm32.10.3-2021.10.win32_1.0.200.202301161003\tools\arm-none-eabi\bin\ld.exe: pseudo_parallel_v2.elf section `.bss' will not fit in region `RAM'
c:\st\stm32cubeide_1.10.1\stm32cubeide\plugins\com.st.stm32cube.ide.mcu.externaltools.gnu-tools-for-stm32.10.3-2021.10.win32_1.0.200.202301161003\tools\arm-none-eabi\bin\ld.exe: region `RAM' overflowed by 22560 bytes
collect2.exe: error: ld returned 1 exit status
make: *** [makefile:65: pseudo_parallel_v2.elf] Error 1
"make -j4 all" terminated with exit code 2. Build might be incomplete.
11:39:23 **** Incremental Build of configuration Debug for project pseudo_parallel_v2 ****
make -j4 all 
arm-none-eabi-gcc "../user/task.c" -mcpu=cortex-m3 -std=gnu11 -g3 -DDEBUG -DUSE_HAL_DRIVER -DSTM32F103xB -c -I../Core/Inc -I"C:/Users/peter/OneDrive/Desktop/Github/stm32_pseudo_parallel/pseudo_parallel_v2/user" -I../Drivers/STM32F1xx_HAL_Driver/Inc/Legacy -I../Drivers/STM32F1xx_HAL_Driver/Inc -I../Drivers/CMSIS/Device/ST/STM32F1xx/Include -I../Drivers/CMSIS/Include -O0 -ffunction-sections -fdata-sections -Wall -fstack-usage -fcyclomatic-complexity -MMD -MP -MF"user/task.d" -MT"user/task.o" --specs=nano.specs -mfloat-abi=soft -mthumb -o "user/task.o"
arm-none-eabi-gcc -o "pseudo_parallel_v2.elf" @"objects.list"   -mcpu=cortex-m3 -T"C:\Users\peter\OneDrive\Desktop\Github\stm32_pseudo_parallel\pseudo_parallel_v2\STM32F103C8TX_FLASH.ld" --specs=nosys.specs -Wl,-Map="pseudo_parallel_v2.map" -Wl,--gc-sections -static --specs=nano.specs -mfloat-abi=soft -mthumb -Wl,--start-group -lc -lm -Wl,--end-group
c:\st\stm32cubeide_1.10.1\stm32cubeide\plugins\com.st.stm32cube.ide.mcu.externaltools.gnu-tools-for-stm32.10.3-2021.10.win32_1.0.200.202301161003\tools\arm-none-eabi\bin\ld.exe: pseudo_parallel_v2.elf section `.bss' will not fit in region `RAM'
c:\st\stm32cubeide_1.10.1\stm32cubeide\plugins\com.st.stm32cube.ide.mcu.externaltools.gnu-tools-for-stm32.10.3-2021.10.win32_1.0.200.202301161003\tools\arm-none-eabi\bin\ld.exe: region `RAM' overflowed by 22568 bytes
collect2.exe: error: ld returned 1 exit status
make: *** [makefile:65: pseudo_parallel_v2.elf] Error 1
"make -j4 all" terminated with exit code 2. Build might be incomplete.
11:39:45 **** Incremental Build of configuration Debug for project pseudo_parallel_v2 ****
make -j4 all 
arm-none-eabi-gcc "../user/task.c" -mcpu=cortex-m3 -std=gnu11 -g3 -DDEBUG -DUSE_HAL_DRIVER -DSTM32F103xB -c -I../Core/Inc -I"C:/Users/peter/OneDrive/Desktop/Github/stm32_pseudo_parallel/pseudo_parallel_v2/user" -I../Drivers/STM32F1xx_HAL_Driver/Inc/Legacy -I../Drivers/STM32F1xx_HAL_Driver/Inc -I../Drivers/CMSIS/Device/ST/STM32F1xx/Include -I../Drivers/CMSIS/Include -O0 -ffunction-sections -fdata-sections -Wall -fstack-usage -fcyclomatic-complexity -MMD -MP -MF"user/task.d" -MT"user/task.o" --specs=nano.specs -mfloat-abi=soft -mthumb -o "user/task.o"
arm-none-eabi-gcc -o "pseudo_parallel_v2.elf" @"objects.list"   -mcpu=cortex-m3 -T"C:\Users\peter\OneDrive\Desktop\Github\stm32_pseudo_parallel\pseudo_parallel_v2\STM32F103C8TX_FLASH.ld" --specs=nosys.specs -Wl,-Map="pseudo_parallel_v2.map" -Wl,--gc-sections -static --specs=nano.specs -mfloat-abi=soft -mthumb -Wl,--start-group -lc -lm -Wl,--end-group
c:\st\stm32cubeide_1.10.1\stm32cubeide\plugins\com.st.stm32cube.ide.mcu.externaltools.gnu-tools-for-stm32.10.3-2021.10.win32_1.0.200.202301161003\tools\arm-none-eabi\bin\ld.exe: pseudo_parallel_v2.elf section `.bss' will not fit in region `RAM'
c:\st\stm32cubeide_1.10.1\stm32cubeide\plugins\com.st.stm32cube.ide.mcu.externaltools.gnu-tools-for-stm32.10.3-2021.10.win32_1.0.200.202301161003\tools\arm-none-eabi\bin\ld.exe: region `RAM' overflowed by 22568 bytes
collect2.exe: error: ld returned 1 exit status
make: *** [makefile:65: pseudo_parallel_v2.elf] Error 1
"make -j4 all" terminated with exit code 2. Build might be incomplete.
11:39:54 **** Incremental Build of configuration Debug for project pseudo_parallel_v2 ****
make -j4 all 
arm-none-eabi-gcc "../user/task.c" -mcpu=cortex-m3 -std=gnu11 -g3 -DDEBUG -DUSE_HAL_DRIVER -DSTM32F103xB -c -I../Core/Inc -I"C:/Users/peter/OneDrive/Desktop/Github/stm32_pseudo_parallel/pseudo_parallel_v2/user" -I../Drivers/STM32F1xx_HAL_Driver/Inc/Legacy -I../Drivers/STM32F1xx_HAL_Driver/Inc -I../Drivers/CMSIS/Device/ST/STM32F1xx/Include -I../Drivers/CMSIS/Include -O0 -ffunction-sections -fdata-sections -Wall -fstack-usage -fcyclomatic-complexity -MMD -MP -MF"user/task.d" -MT"user/task.o" --specs=nano.specs -mfloat-abi=soft -mthumb -o "user/task.o"
arm-none-eabi-gcc -o "pseudo_parallel_v2.elf" @"objects.list"   -mcpu=cortex-m3 -T"C:\Users\peter\OneDrive\Desktop\Github\stm32_pseudo_parallel\pseudo_parallel_v2\STM32F103C8TX_FLASH.ld" --specs=nosys.specs -Wl,-Map="pseudo_parallel_v2.map" -Wl,--gc-sections -static --specs=nano.specs -mfloat-abi=soft -mthumb -Wl,--start-group -lc -lm -Wl,--end-group
Finished building target: pseudo_parallel_v2.elf
 
arm-none-eabi-size   pseudo_parallel_v2.elf 
arm-none-eabi-objdump -h -S  pseudo_parallel_v2.elf  > "pseudo_parallel_v2.list"
   text	   data	    bss	    dec	    hex	filename
  14248	    124	   1972	  16344	   3fd8	pseudo_parallel_v2.elf
Finished building: default.size.stdout
 
Finished building: pseudo_parallel_v2.list
 
11:40:55 **** Incremental Build of configuration Debug for project pseudo_parallel_v2 ****
make -j4 all 
arm-none-eabi-gcc "../user/task.c" -mcpu=cortex-m3 -std=gnu11 -g3 -DDEBUG -DUSE_HAL_DRIVER -DSTM32F103xB -c -I../Core/Inc -I"C:/Users/peter/OneDrive/Desktop/Github/stm32_pseudo_parallel/pseudo_parallel_v2/user" -I../Drivers/STM32F1xx_HAL_Driver/Inc/Legacy -I../Drivers/STM32F1xx_HAL_Driver/Inc -I../Drivers/CMSIS/Device/ST/STM32F1xx/Include -I../Drivers/CMSIS/Include -O0 -ffunction-sections -fdata-sections -Wall -fstack-usage -fcyclomatic-complexity -MMD -MP -MF"user/task.d" -MT"user/task.o" --specs=nano.specs -mfloat-abi=soft -mthumb -o "user/task.o"
arm-none-eabi-gcc -o "pseudo_parallel_v2.elf" @"objects.list"   -mcpu=cortex-m3 -T"C:\Users\peter\OneDrive\Desktop\Github\stm32_pseudo_parallel\pseudo_parallel_v2\STM32F103C8TX_FLASH.ld" --specs=nosys.specs -Wl,-Map="pseudo_parallel_v2.map" -Wl,--gc-sections -static --specs=nano.specs -mfloat-abi=soft -mthumb -Wl,--start-group -lc -lm -Wl,--end-group
Finished building target: pseudo_parallel_v2.elf
 
arm-none-eabi-size   pseudo_parallel_v2.elf 
arm-none-eabi-objdump -h -S  pseudo_parallel_v2.elf  > "pseudo_parallel_v2.list"
   text	   data	    bss	    dec	    hex	filename
  14248	    124	   5972	  20344	   4f78	pseudo_parallel_v2.elf
Finished building: default.size.stdout
 
Finished building: pseudo_parallel_v2.list
 
11:42:37 **** Incremental Build of configuration Debug for project pseudo_parallel_v2 ****
make -j4 all 
arm-none-eabi-gcc "../user/task.c" -mcpu=cortex-m3 -std=gnu11 -g3 -DDEBUG -DUSE_HAL_DRIVER -DSTM32F103xB -c -I../Core/Inc -I"C:/Users/peter/OneDrive/Desktop/Github/stm32_pseudo_parallel/pseudo_parallel_v2/user" -I../Drivers/STM32F1xx_HAL_Driver/Inc/Legacy -I../Drivers/STM32F1xx_HAL_Driver/Inc -I../Drivers/CMSIS/Device/ST/STM32F1xx/Include -I../Drivers/CMSIS/Include -O0 -ffunction-sections -fdata-sections -Wall -fstack-usage -fcyclomatic-complexity -MMD -MP -MF"user/task.d" -MT"user/task.o" --specs=nano.specs -mfloat-abi=soft -mthumb -o "user/task.o"
arm-none-eabi-gcc -o "pseudo_parallel_v2.elf" @"objects.list"   -mcpu=cortex-m3 -T"C:\Users\peter\OneDrive\Desktop\Github\stm32_pseudo_parallel\pseudo_parallel_v2\STM32F103C8TX_FLASH.ld" --specs=nosys.specs -Wl,-Map="pseudo_parallel_v2.map" -Wl,--gc-sections -static --specs=nano.specs -mfloat-abi=soft -mthumb -Wl,--start-group -lc -lm -Wl,--end-group
Finished building target: pseudo_parallel_v2.elf
 
arm-none-eabi-size   pseudo_parallel_v2.elf 
arm-none-eabi-objdump -h -S  pseudo_parallel_v2.elf  > "pseudo_parallel_v2.list"
   text	   data	    bss	    dec	    hex	filename
  14236	    124	   5972	  20332	   4f6c	pseudo_parallel_v2.elf
Finished building: default.size.stdout
 
Finished building: pseudo_parallel_v2.list
 
11:44:27 **** Incremental Build of configuration Debug for project pseudo_parallel_v2 ****
make -j4 all 
arm-none-eabi-gcc "../user/task.c" -mcpu=cortex-m3 -std=gnu11 -g3 -DDEBUG -DUSE_HAL_DRIVER -DSTM32F103xB -c -I../Core/Inc -I"C:/Users/peter/OneDrive/Desktop/Github/stm32_pseudo_parallel/pseudo_parallel_v2/user" -I../Drivers/STM32F1xx_HAL_Driver/Inc/Legacy -I../Drivers/STM32F1xx_HAL_Driver/Inc -I../Drivers/CMSIS/Device/ST/STM32F1xx/Include -I../Drivers/CMSIS/Include -O0 -ffunction-sections -fdata-sections -Wall -fstack-usage -fcyclomatic-complexity -MMD -MP -MF"user/task.d" -MT"user/task.o" --specs=nano.specs -mfloat-abi=soft -mthumb -o "user/task.o"
../user/task.c: In function 'task_add':
../user/task.c:300:18: warning: initialization of 'uint32_t *' {aka 'long unsigned int *'} from 'uint32_t' {aka 'long unsigned int'} makes pointer from integer without a cast [-Wint-conversion]
  300 |  uint32_t *psp = task[idx].stack_start;
      |                  ^~~~
arm-none-eabi-gcc -o "pseudo_parallel_v2.elf" @"objects.list"   -mcpu=cortex-m3 -T"C:\Users\peter\OneDrive\Desktop\Github\stm32_pseudo_parallel\pseudo_parallel_v2\STM32F103C8TX_FLASH.ld" --specs=nosys.specs -Wl,-Map="pseudo_parallel_v2.map" -Wl,--gc-sections -static --specs=nano.specs -mfloat-abi=soft -mthumb -Wl,--start-group -lc -lm -Wl,--end-group
Finished building target: pseudo_parallel_v2.elf
 
arm-none-eabi-size   pseudo_parallel_v2.elf 
arm-none-eabi-objdump -h -S  pseudo_parallel_v2.elf  > "pseudo_parallel_v2.list"
   text	   data	    bss	    dec	    hex	filename
  14252	    124	   5972	  20348	   4f7c	pseudo_parallel_v2.elf
Finished building: default.size.stdout
 
Finished building: pseudo_parallel_v2.list
 
11:45:07 **** Incremental Build of configuration Debug for project pseudo_parallel_v2 ****
make -j4 all 
arm-none-eabi-gcc "../user/task.c" -mcpu=cortex-m3 -std=gnu11 -g3 -DDEBUG -DUSE_HAL_DRIVER -DSTM32F103xB -c -I../Core/Inc -I"C:/Users/peter/OneDrive/Desktop/Github/stm32_pseudo_parallel/pseudo_parallel_v2/user" -I../Drivers/STM32F1xx_HAL_Driver/Inc/Legacy -I../Drivers/STM32F1xx_HAL_Driver/Inc -I../Drivers/CMSIS/Device/ST/STM32F1xx/Include -I../Drivers/CMSIS/Include -O0 -ffunction-sections -fdata-sections -Wall -fstack-usage -fcyclomatic-complexity -MMD -MP -MF"user/task.d" -MT"user/task.o" --specs=nano.specs -mfloat-abi=soft -mthumb -o "user/task.o"
../user/task.c:36:21: error: expected ':', ',', ';', '}' or '__attribute__' before '=' token
   36 |  uint32_t stack[100]={0};
      |                     ^
../user/task.c: In function 'task_add':
../user/task.c:300:18: warning: initialization of 'uint32_t *' {aka 'long unsigned int *'} from 'uint32_t' {aka 'long unsigned int'} makes pointer from integer without a cast [-Wint-conversion]
  300 |  uint32_t *psp = task[idx].stack_start;
      |                  ^~~~
make: *** [user/subdir.mk:22: user/task.o] Error 1
"make -j4 all" terminated with exit code 2. Build might be incomplete.
11:45:12 **** Incremental Build of configuration Debug for project pseudo_parallel_v2 ****
make -j4 all 
arm-none-eabi-gcc "../user/task.c" -mcpu=cortex-m3 -std=gnu11 -g3 -DDEBUG -DUSE_HAL_DRIVER -DSTM32F103xB -c -I../Core/Inc -I"C:/Users/peter/OneDrive/Desktop/Github/stm32_pseudo_parallel/pseudo_parallel_v2/user" -I../Drivers/STM32F1xx_HAL_Driver/Inc/Legacy -I../Drivers/STM32F1xx_HAL_Driver/Inc -I../Drivers/CMSIS/Device/ST/STM32F1xx/Include -I../Drivers/CMSIS/Include -O0 -ffunction-sections -fdata-sections -Wall -fstack-usage -fcyclomatic-complexity -MMD -MP -MF"user/task.d" -MT"user/task.o" --specs=nano.specs -mfloat-abi=soft -mthumb -o "user/task.o"
../user/task.c: In function 'task_add':
../user/task.c:300:18: warning: initialization of 'uint32_t *' {aka 'long unsigned int *'} from 'uint32_t' {aka 'long unsigned int'} makes pointer from integer without a cast [-Wint-conversion]
  300 |  uint32_t *psp = task[idx].stack_start;
      |                  ^~~~
arm-none-eabi-gcc -o "pseudo_parallel_v2.elf" @"objects.list"   -mcpu=cortex-m3 -T"C:\Users\peter\OneDrive\Desktop\Github\stm32_pseudo_parallel\pseudo_parallel_v2\STM32F103C8TX_FLASH.ld" --specs=nosys.specs -Wl,-Map="pseudo_parallel_v2.map" -Wl,--gc-sections -static --specs=nano.specs -mfloat-abi=soft -mthumb -Wl,--start-group -lc -lm -Wl,--end-group
Finished building target: pseudo_parallel_v2.elf
 
arm-none-eabi-size   pseudo_parallel_v2.elf 
arm-none-eabi-objdump -h -S  pseudo_parallel_v2.elf  > "pseudo_parallel_v2.list"
   text	   data	    bss	    dec	    hex	filename
  14252	    124	   5972	  20348	   4f7c	pseudo_parallel_v2.elf
Finished building: default.size.stdout
 
Finished building: pseudo_parallel_v2.list
 
11:45:37 **** Incremental Build of configuration Debug for project pseudo_parallel_v2 ****
make -j4 all 
arm-none-eabi-gcc "../user/task.c" -mcpu=cortex-m3 -std=gnu11 -g3 -DDEBUG -DUSE_HAL_DRIVER -DSTM32F103xB -c -I../Core/Inc -I"C:/Users/peter/OneDrive/Desktop/Github/stm32_pseudo_parallel/pseudo_parallel_v2/user" -I../Drivers/STM32F1xx_HAL_Driver/Inc/Legacy -I../Drivers/STM32F1xx_HAL_Driver/Inc -I../Drivers/CMSIS/Device/ST/STM32F1xx/Include -I../Drivers/CMSIS/Include -O0 -ffunction-sections -fdata-sections -Wall -fstack-usage -fcyclomatic-complexity -MMD -MP -MF"user/task.d" -MT"user/task.o" --specs=nano.specs -mfloat-abi=soft -mthumb -o "user/task.o"
arm-none-eabi-gcc -o "pseudo_parallel_v2.elf" @"objects.list"   -mcpu=cortex-m3 -T"C:\Users\peter\OneDrive\Desktop\Github\stm32_pseudo_parallel\pseudo_parallel_v2\STM32F103C8TX_FLASH.ld" --specs=nosys.specs -Wl,-Map="pseudo_parallel_v2.map" -Wl,--gc-sections -static --specs=nano.specs -mfloat-abi=soft -mthumb -Wl,--start-group -lc -lm -Wl,--end-group
Finished building target: pseudo_parallel_v2.elf
 
arm-none-eabi-size   pseudo_parallel_v2.elf 
arm-none-eabi-objdump -h -S  pseudo_parallel_v2.elf  > "pseudo_parallel_v2.list"
   text	   data	    bss	    dec	    hex	filename
  14252	    124	   5972	  20348	   4f7c	pseudo_parallel_v2.elf
Finished building: default.size.stdout
 
Finished building: pseudo_parallel_v2.list
 
11:45:42 **** Incremental Build of configuration Debug for project pseudo_parallel_v2 ****
make -j4 all 
arm-none-eabi-size   pseudo_parallel_v2.elf 
   text	   data	    bss	    dec	    hex	filename
  14252	    124	   5972	  20348	   4f7c	pseudo_parallel_v2.elf
Finished building: default.size.stdout
 
11:46:38 **** Incremental Build of configuration Debug for project pseudo_parallel_v2 ****
make -j4 all 
arm-none-eabi-gcc "../user/task.c" -mcpu=cortex-m3 -std=gnu11 -g3 -DDEBUG -DUSE_HAL_DRIVER -DSTM32F103xB -c -I../Core/Inc -I"C:/Users/peter/OneDrive/Desktop/Github/stm32_pseudo_parallel/pseudo_parallel_v2/user" -I../Drivers/STM32F1xx_HAL_Driver/Inc/Legacy -I../Drivers/STM32F1xx_HAL_Driver/Inc -I../Drivers/CMSIS/Device/ST/STM32F1xx/Include -I../Drivers/CMSIS/Include -O0 -ffunction-sections -fdata-sections -Wall -fstack-usage -fcyclomatic-complexity -MMD -MP -MF"user/task.d" -MT"user/task.o" --specs=nano.specs -mfloat-abi=soft -mthumb -o "user/task.o"
arm-none-eabi-gcc -o "pseudo_parallel_v2.elf" @"objects.list"   -mcpu=cortex-m3 -T"C:\Users\peter\OneDrive\Desktop\Github\stm32_pseudo_parallel\pseudo_parallel_v2\STM32F103C8TX_FLASH.ld" --specs=nosys.specs -Wl,-Map="pseudo_parallel_v2.map" -Wl,--gc-sections -static --specs=nano.specs -mfloat-abi=soft -mthumb -Wl,--start-group -lc -lm -Wl,--end-group
Finished building target: pseudo_parallel_v2.elf
 
arm-none-eabi-size   pseudo_parallel_v2.elf 
arm-none-eabi-objdump -h -S  pseudo_parallel_v2.elf  > "pseudo_parallel_v2.list"
   text	   data	    bss	    dec	    hex	filename
  14252	    124	   5972	  20348	   4f7c	pseudo_parallel_v2.elf
Finished building: default.size.stdout
 
Finished building: pseudo_parallel_v2.list
 
11:48:02 **** Incremental Build of configuration Debug for project pseudo_parallel_v2 ****
make -j4 all 
arm-none-eabi-gcc "../user/task.c" -mcpu=cortex-m3 -std=gnu11 -g3 -DDEBUG -DUSE_HAL_DRIVER -DSTM32F103xB -c -I../Core/Inc -I"C:/Users/peter/OneDrive/Desktop/Github/stm32_pseudo_parallel/pseudo_parallel_v2/user" -I../Drivers/STM32F1xx_HAL_Driver/Inc/Legacy -I../Drivers/STM32F1xx_HAL_Driver/Inc -I../Drivers/CMSIS/Device/ST/STM32F1xx/Include -I../Drivers/CMSIS/Include -O0 -ffunction-sections -fdata-sections -Wall -fstack-usage -fcyclomatic-complexity -MMD -MP -MF"user/task.d" -MT"user/task.o" --specs=nano.specs -mfloat-abi=soft -mthumb -o "user/task.o"
arm-none-eabi-gcc -o "pseudo_parallel_v2.elf" @"objects.list"   -mcpu=cortex-m3 -T"C:\Users\peter\OneDrive\Desktop\Github\stm32_pseudo_parallel\pseudo_parallel_v2\STM32F103C8TX_FLASH.ld" --specs=nosys.specs -Wl,-Map="pseudo_parallel_v2.map" -Wl,--gc-sections -static --specs=nano.specs -mfloat-abi=soft -mthumb -Wl,--start-group -lc -lm -Wl,--end-group
Finished building target: pseudo_parallel_v2.elf
 
arm-none-eabi-size   pseudo_parallel_v2.elf 
arm-none-eabi-objdump -h -S  pseudo_parallel_v2.elf  > "pseudo_parallel_v2.list"
   text	   data	    bss	    dec	    hex	filename
  14252	    124	   5972	  20348	   4f7c	pseudo_parallel_v2.elf
Finished building: default.size.stdout
 
Finished building: pseudo_parallel_v2.list
 
11:50:46 **** Incremental Build of configuration Debug for project pseudo_parallel_v2 ****
make -j4 all 
arm-none-eabi-size   pseudo_parallel_v2.elf 
   text	   data	    bss	    dec	    hex	filename
  14252	    124	   5972	  20348	   4f7c	pseudo_parallel_v2.elf
Finished building: default.size.stdout
 
11:52:57 **** Incremental Build of configuration Debug for project pseudo_parallel_v2 ****
make -j4 all 
arm-none-eabi-size   pseudo_parallel_v2.elf 
   text	   data	    bss	    dec	    hex	filename
  14252	    124	   5972	  20348	   4f7c	pseudo_parallel_v2.elf
Finished building: default.size.stdout
 
11:53:29 **** Incremental Build of configuration Debug for project pseudo_parallel_v2 ****
make -j4 all 
arm-none-eabi-size   pseudo_parallel_v2.elf 
   text	   data	    bss	    dec	    hex	filename
  14252	    124	   5972	  20348	   4f7c	pseudo_parallel_v2.elf
Finished building: default.size.stdout
 
11:54:48 **** Incremental Build of configuration Debug for project pseudo_parallel_v2 ****
make -j4 all 
arm-none-eabi-gcc "../user/task.c" -mcpu=cortex-m3 -std=gnu11 -g3 -DDEBUG -DUSE_HAL_DRIVER -DSTM32F103xB -c -I../Core/Inc -I"C:/Users/peter/OneDrive/Desktop/Github/stm32_pseudo_parallel/pseudo_parallel_v2/user" -I../Drivers/STM32F1xx_HAL_Driver/Inc/Legacy -I../Drivers/STM32F1xx_HAL_Driver/Inc -I../Drivers/CMSIS/Device/ST/STM32F1xx/Include -I../Drivers/CMSIS/Include -O0 -ffunction-sections -fdata-sections -Wall -fstack-usage -fcyclomatic-complexity -MMD -MP -MF"user/task.d" -MT"user/task.o" --specs=nano.specs -mfloat-abi=soft -mthumb -o "user/task.o"
arm-none-eabi-gcc "../user/user.c" -mcpu=cortex-m3 -std=gnu11 -g3 -DDEBUG -DUSE_HAL_DRIVER -DSTM32F103xB -c -I../Core/Inc -I"C:/Users/peter/OneDrive/Desktop/Github/stm32_pseudo_parallel/pseudo_parallel_v2/user" -I../Drivers/STM32F1xx_HAL_Driver/Inc/Legacy -I../Drivers/STM32F1xx_HAL_Driver/Inc -I../Drivers/CMSIS/Device/ST/STM32F1xx/Include -I../Drivers/CMSIS/Include -O0 -ffunction-sections -fdata-sections -Wall -fstack-usage -fcyclomatic-complexity -MMD -MP -MF"user/user.d" -MT"user/user.o" --specs=nano.specs -mfloat-abi=soft -mthumb -o "user/user.o"
arm-none-eabi-gcc -o "pseudo_parallel_v2.elf" @"objects.list"   -mcpu=cortex-m3 -T"C:\Users\peter\OneDrive\Desktop\Github\stm32_pseudo_parallel\pseudo_parallel_v2\STM32F103C8TX_FLASH.ld" --specs=nosys.specs -Wl,-Map="pseudo_parallel_v2.map" -Wl,--gc-sections -static --specs=nano.specs -mfloat-abi=soft -mthumb -Wl,--start-group -lc -lm -Wl,--end-group
Finished building target: pseudo_parallel_v2.elf
 
arm-none-eabi-size   pseudo_parallel_v2.elf 
arm-none-eabi-objdump -h -S  pseudo_parallel_v2.elf  > "pseudo_parallel_v2.list"
   text	   data	    bss	    dec	    hex	filename
  13700	    124	   2964	  16788	   4194	pseudo_parallel_v2.elf
Finished building: default.size.stdout
 
Finished building: pseudo_parallel_v2.list
 
11:55:19 **** Incremental Build of configuration Debug for project pseudo_parallel_v2 ****
make -j4 all 
arm-none-eabi-size   pseudo_parallel_v2.elf 
   text	   data	    bss	    dec	    hex	filename
  13700	    124	   2964	  16788	   4194	pseudo_parallel_v2.elf
Finished building: default.size.stdout
 
11:55:37 **** Incremental Build of configuration Debug for project pseudo_parallel_v2 ****
make -j4 all 
arm-none-eabi-size   pseudo_parallel_v2.elf 
   text	   data	    bss	    dec	    hex	filename
  13700	    124	   2964	  16788	   4194	pseudo_parallel_v2.elf
Finished building: default.size.stdout
 
12:01:48 **** Incremental Build of configuration Debug for project pseudo_parallel_v2 ****
make -j4 all 
arm-none-eabi-gcc "../user/task.c" -mcpu=cortex-m3 -std=gnu11 -g3 -DDEBUG -DUSE_HAL_DRIVER -DSTM32F103xB -c -I../Core/Inc -I"C:/Users/peter/OneDrive/Desktop/Github/stm32_pseudo_parallel/pseudo_parallel_v2/user" -I../Drivers/STM32F1xx_HAL_Driver/Inc/Legacy -I../Drivers/STM32F1xx_HAL_Driver/Inc -I../Drivers/CMSIS/Device/ST/STM32F1xx/Include -I../Drivers/CMSIS/Include -O0 -ffunction-sections -fdata-sections -Wall -fstack-usage -fcyclomatic-complexity -MMD -MP -MF"user/task.d" -MT"user/task.o" --specs=nano.specs -mfloat-abi=soft -mthumb -o "user/task.o"
arm-none-eabi-gcc -o "pseudo_parallel_v2.elf" @"objects.list"   -mcpu=cortex-m3 -T"C:\Users\peter\OneDrive\Desktop\Github\stm32_pseudo_parallel\pseudo_parallel_v2\STM32F103C8TX_FLASH.ld" --specs=nosys.specs -Wl,-Map="pseudo_parallel_v2.map" -Wl,--gc-sections -static --specs=nano.specs -mfloat-abi=soft -mthumb -Wl,--start-group -lc -lm -Wl,--end-group
Finished building target: pseudo_parallel_v2.elf
 
arm-none-eabi-size   pseudo_parallel_v2.elf 
arm-none-eabi-objdump -h -S  pseudo_parallel_v2.elf  > "pseudo_parallel_v2.list"
[...]
arm-none-eabi-gcc -o "pseudo_parallel_v2.elf" @"objects.list"   -mcpu=cortex-m3 -T"C:\Users\peter\OneDrive\Desktop\Github\stm32_pseudo_parallel\pseudo_parallel_v2\STM32F103C8TX_FLASH.ld" --specs=nosys.specs -Wl,-Map="pseudo_parallel_v2.map" -Wl,--gc-sections -static --specs=nano.specs -mfloat-abi=soft -mthumb -u _printf_float -Wl,--start-group -lc -lm -Wl,--end-group
Finished building target: pseudo_parallel_v2.elf
 
arm-none-eabi-size   pseudo_parallel_v2.elf 
arm-none-eabi-objdump -h -S  pseudo_parallel_v2.elf  > "pseudo_parallel_v2.list"
   text	   data	    bss	    dec	    hex	filename
  26236	    484	   1804	  28524	   6f6c	pseudo_parallel_v2.elf
Finished building: default.size.stdout
 
Finished building: pseudo_parallel_v2.list
 
00:15:55 **** Incremental Build of configuration Debug for project pseudo_parallel_v2 ****
make -j4 all 
arm-none-eabi-gcc "../user/user.c" -mcpu=cortex-m3 -std=gnu11 -g3 -DDEBUG -DUSE_HAL_DRIVER -DSTM32F103xB -c -I../Core/Inc -I"C:/Users/peter/OneDrive/Desktop/Github/stm32_pseudo_parallel/pseudo_parallel_v2/user" -I../Drivers/STM32F1xx_HAL_Driver/Inc/Legacy -I../Drivers/STM32F1xx_HAL_Driver/Inc -I../Drivers/CMSIS/Device/ST/STM32F1xx/Include -I../Drivers/CMSIS/Include -O0 -ffunction-sections -fdata-sections -Wall -fstack-usage -fcyclomatic-complexity -MMD -MP -MF"user/user.d" -MT"user/user.o" --specs=nano.specs -mfloat-abi=soft -mthumb -o "user/user.o"
arm-none-eabi-gcc -o "pseudo_parallel_v2.elf" @"objects.list"   -mcpu=cortex-m3 -T"C:\Users\peter\OneDrive\Desktop\Github\stm32_pseudo_parallel\pseudo_parallel_v2\STM32F103C8TX_FLASH.ld" --specs=nosys.specs -Wl,-Map="pseudo_parallel_v2.map" -Wl,--gc-sections -static --specs=nano.specs -mfloat-abi=soft -mthumb -u _printf_float -Wl,--start-group -lc -lm -Wl,--end-group
Finished building target: pseudo_parallel_v2.elf
 
arm-none-eabi-size   pseudo_parallel_v2.elf 
arm-none-eabi-objdump -h -S  pseudo_parallel_v2.elf  > "pseudo_parallel_v2.list"
   text	   data	    bss	    dec	    hex	filename
  26164	    484	   1796	  28444	   6f1c	pseudo_parallel_v2.elf
Finished building: default.size.stdout
 
Finished building: pseudo_parallel_v2.list
 
00:16:36 **** Incremental Build of configuration Debug for project pseudo_parallel_v2 ****
make -j4 all 
arm-none-eabi-gcc "../user/user.c" -mcpu=cortex-m3 -std=gnu11 -g3 -DDEBUG -DUSE_HAL_DRIVER -DSTM32F103xB -c -I../Core/Inc -I"C:/Users/peter/OneDrive/Desktop/Github/stm32_pseudo_parallel/pseudo_parallel_v2/user" -I../Drivers/STM32F1xx_HAL_Driver/Inc/Legacy -I../Drivers/STM32F1xx_HAL_Driver/Inc -I../Drivers/CMSIS/Device/ST/STM32F1xx/Include -I../Drivers/CMSIS/Include -O0 -ffunction-sections -fdata-sections -Wall -fstack-usage -fcyclomatic-complexity -MMD -MP -MF"user/user.d" -MT"user/user.o" --specs=nano.specs -mfloat-abi=soft -mthumb -o "user/user.o"
arm-none-eabi-gcc -o "pseudo_parallel_v2.elf" @"objects.list"   -mcpu=cortex-m3 -T"C:\Users\peter\OneDrive\Desktop\Github\stm32_pseudo_parallel\pseudo_parallel_v2\STM32F103C8TX_FLASH.ld" --specs=nosys.specs -Wl,-Map="pseudo_parallel_v2.map" -Wl,--gc-sections -static --specs=nano.specs -mfloat-abi=soft -mthumb -u _printf_float -Wl,--start-group -lc -lm -Wl,--end-group
Finished building target: pseudo_parallel_v2.elf
 
arm-none-eabi-size   pseudo_parallel_v2.elf 
arm-none-eabi-objdump -h -S  pseudo_parallel_v2.elf  > "pseudo_parallel_v2.list"
   text	   data	    bss	    dec	    hex	filename
  26164	    484	   1796	  28444	   6f1c	pseudo_parallel_v2.elf
Finished building: default.size.stdout
 
Finished building: pseudo_parallel_v2.list
 
00:40:11 **** Incremental Build of configuration Debug for project pseudo_parallel_v2 ****
make -j4 all 
arm-none-eabi-gcc "../user/task.c" -mcpu=cortex-m3 -std=gnu11 -g3 -DDEBUG -DUSE_HAL_DRIVER -DSTM32F103xB -c -I../Core/Inc -I"C:/Users/peter/OneDrive/Desktop/Github/stm32_pseudo_parallel/pseudo_parallel_v2/user" -I../Drivers/STM32F1xx_HAL_Driver/Inc/Legacy -I../Drivers/STM32F1xx_HAL_Driver/Inc -I../Drivers/CMSIS/Device/ST/STM32F1xx/Include -I../Drivers/CMSIS/Include -O0 -ffunction-sections -fdata-sections -Wall -fstack-usage -fcyclomatic-complexity -MMD -MP -MF"user/task.d" -MT"user/task.o" --specs=nano.specs -mfloat-abi=soft -mthumb -o "user/task.o"
arm-none-eabi-gcc "../user/user.c" -mcpu=cortex-m3 -std=gnu11 -g3 -DDEBUG -DUSE_HAL_DRIVER -DSTM32F103xB -c -I../Core/Inc -I"C:/Users/peter/OneDrive/Desktop/Github/stm32_pseudo_parallel/pseudo_parallel_v2/user" -I../Drivers/STM32F1xx_HAL_Driver/Inc/Legacy -I../Drivers/STM32F1xx_HAL_Driver/Inc -I../Drivers/CMSIS/Device/ST/STM32F1xx/Include -I../Drivers/CMSIS/Include -O0 -ffunction-sections -fdata-sections -Wall -fstack-usage -fcyclomatic-complexity -MMD -MP -MF"user/user.d" -MT"user/user.o" --specs=nano.specs -mfloat-abi=soft -mthumb -o "user/user.o"
../user/task.c: In function '_print':
../user/task.c:91:21: warning: implicit declaration of function 'gcvt' [-Wimplicit-function-declaration]
   91 |                     gcvt(x,10,ch);
      |                     ^~~~
At top level:
../user/task.c:69:12: warning: '_print' defined but not used [-Wunused-function]
   69 | static int _print(const char *format, ...){
      |            ^~~~~~
arm-none-eabi-gcc -o "pseudo_parallel_v2.elf" @"objects.list"   -mcpu=cortex-m3 -T"C:\Users\peter\OneDrive\Desktop\Github\stm32_pseudo_parallel\pseudo_parallel_v2\STM32F103C8TX_FLASH.ld" --specs=nosys.specs -Wl,-Map="pseudo_parallel_v2.map" -Wl,--gc-sections -static --specs=nano.specs -mfloat-abi=soft -mthumb -u _printf_float -Wl,--start-group -lc -lm -Wl,--end-group
Finished building target: pseudo_parallel_v2.elf
 
arm-none-eabi-size   pseudo_parallel_v2.elf 
arm-none-eabi-objdump -h -S  pseudo_parallel_v2.elf  > "pseudo_parallel_v2.list"
   text	   data	    bss	    dec	    hex	filename
  26180	    484	   1796	  28460	   6f2c	pseudo_parallel_v2.elf
Finished building: default.size.stdout
 
Finished building: pseudo_parallel_v2.list
 
00:41:43 **** Incremental Build of configuration Debug for project pseudo_parallel_v2 ****
make -j4 all 
arm-none-eabi-gcc "../user/task.c" -mcpu=cortex-m3 -std=gnu11 -g3 -DDEBUG -DUSE_HAL_DRIVER -DSTM32F103xB -c -I../Core/Inc -I"C:/Users/peter/OneDrive/Desktop/Github/stm32_pseudo_parallel/pseudo_parallel_v2/user" -I../Drivers/STM32F1xx_HAL_Driver/Inc/Legacy -I../Drivers/STM32F1xx_HAL_Driver/Inc -I../Drivers/CMSIS/Device/ST/STM32F1xx/Include -I../Drivers/CMSIS/Include -O0 -ffunction-sections -fdata-sections -Wall -fstack-usage -fcyclomatic-complexity -MMD -MP -MF"user/task.d" -MT"user/task.o" --specs=nano.specs -mfloat-abi=soft -mthumb -o "user/task.o"
../user/task.c: In function '_print':
../user/task.c:91:21: warning: implicit declaration of function 'fcvt' [-Wimplicit-function-declaration]
   91 |                     fcvt(x,10,2,ch);
      |                     ^~~~
At top level:
../user/task.c:69:12: warning: '_print' defined but not used [-Wunused-function]
   69 | static int _print(const char *format, ...){
      |            ^~~~~~
arm-none-eabi-gcc -o "pseudo_parallel_v2.elf" @"objects.list"   -mcpu=cortex-m3 -T"C:\Users\peter\OneDrive\Desktop\Github\stm32_pseudo_parallel\pseudo_parallel_v2\STM32F103C8TX_FLASH.ld" --specs=nosys.specs -Wl,-Map="pseudo_parallel_v2.map" -Wl,--gc-sections -static --specs=nano.specs -mfloat-abi=soft -mthumb -u _printf_float -Wl,--start-group -lc -lm -Wl,--end-group
Finished building target: pseudo_parallel_v2.elf
 
arm-none-eabi-size   pseudo_parallel_v2.elf 
arm-none-eabi-objdump -h -S  pseudo_parallel_v2.elf  > "pseudo_parallel_v2.list"
   text	   data	    bss	    dec	    hex	filename
  26180	    484	   1796	  28460	   6f2c	pseudo_parallel_v2.elf
Finished building: default.size.stdout
 
Finished building: pseudo_parallel_v2.list
 
00:44:22 **** Incremental Build of configuration Debug for project pseudo_parallel_v2 ****
make -j4 all 
arm-none-eabi-gcc "../user/task.c" -mcpu=cortex-m3 -std=gnu11 -g3 -DDEBUG -DUSE_HAL_DRIVER -DSTM32F103xB -c -I../Core/Inc -I"C:/Users/peter/OneDrive/Desktop/Github/stm32_pseudo_parallel/pseudo_parallel_v2/user" -I../Drivers/STM32F1xx_HAL_Driver/Inc/Legacy -I../Drivers/STM32F1xx_HAL_Driver/Inc -I../Drivers/CMSIS/Device/ST/STM32F1xx/Include -I../Drivers/CMSIS/Include -O0 -ffunction-sections -fdata-sections -Wall -fstack-usage -fcyclomatic-complexity -MMD -MP -MF"user/task.d" -MT"user/task.o" --specs=nano.specs -mfloat-abi=soft -mthumb -o "user/task.o"
../user/task.c: In function '_print':
../user/task.c:91:21: warning: implicit declaration of function 'dtoa'; did you mean 'utoa'? [-Wimplicit-function-declaration]
   91 |                     dtoa(x,10,2,ch);
      |                     ^~~~
      |                     utoa
At top level:
../user/task.c:69:12: warning: '_print' defined but not used [-Wunused-function]
   69 | static int _print(const char *format, ...){
      |            ^~~~~~
arm-none-eabi-gcc -o "pseudo_parallel_v2.elf" @"objects.list"   -mcpu=cortex-m3 -T"C:\Users\peter\OneDrive\Desktop\Github\stm32_pseudo_parallel\pseudo_parallel_v2\STM32F103C8TX_FLASH.ld" --specs=nosys.specs -Wl,-Map="pseudo_parallel_v2.map" -Wl,--gc-sections -static --specs=nano.specs -mfloat-abi=soft -mthumb -u _printf_float -Wl,--start-group -lc -lm -Wl,--end-group
Finished building target: pseudo_parallel_v2.elf
 
arm-none-eabi-size   pseudo_parallel_v2.elf 
arm-none-eabi-objdump -h -S  pseudo_parallel_v2.elf  > "pseudo_parallel_v2.list"
   text	   data	    bss	    dec	    hex	filename
  26180	    484	   1796	  28460	   6f2c	pseudo_parallel_v2.elf
Finished building: default.size.stdout
 
Finished building: pseudo_parallel_v2.list
 
00:45:32 **** Incremental Build of configuration Debug for project pseudo_parallel_v2 ****
make -j4 all 
arm-none-eabi-gcc "../user/task.c" -mcpu=cortex-m3 -std=gnu11 -g3 -DDEBUG -DUSE_HAL_DRIVER -DSTM32F103xB -c -I../Core/Inc -I"C:/Users/peter/OneDrive/Desktop/Github/stm32_pseudo_parallel/pseudo_parallel_v2/user" -I../Drivers/STM32F1xx_HAL_Driver/Inc/Legacy -I../Drivers/STM32F1xx_HAL_Driver/Inc -I../Drivers/CMSIS/Device/ST/STM32F1xx/Include -I../Drivers/CMSIS/Include -O0 -ffunction-sections -fdata-sections -Wall -fstack-usage -fcyclomatic-complexity -MMD -MP -MF"user/task.d" -MT"user/task.o" --specs=nano.specs -mfloat-abi=soft -mthumb -o "user/task.o"
../user/task.c: In function '_print':
../user/task.c:91:21: warning: implicit declaration of function '_dtoa'; did you mean '_dtoa_r'? [-Wimplicit-function-declaration]
   91 |                     _dtoa(x,10,2,ch);
      |                     ^~~~~
      |                     _dtoa_r
At top level:
../user/task.c:69:12: warning: '_print' defined but not used [-Wunused-function]
   69 | static int _print(const char *format, ...){
      |            ^~~~~~
arm-none-eabi-gcc -o "pseudo_parallel_v2.elf" @"objects.list"   -mcpu=cortex-m3 -T"C:\Users\peter\OneDrive\Desktop\Github\stm32_pseudo_parallel\pseudo_parallel_v2\STM32F103C8TX_FLASH.ld" --specs=nosys.specs -Wl,-Map="pseudo_parallel_v2.map" -Wl,--gc-sections -static --specs=nano.specs -mfloat-abi=soft -mthumb -u _printf_float -Wl,--start-group -lc -lm -Wl,--end-group
Finished building target: pseudo_parallel_v2.elf
 
arm-none-eabi-size   pseudo_parallel_v2.elf 
arm-none-eabi-objdump -h -S  pseudo_parallel_v2.elf  > "pseudo_parallel_v2.list"
   text	   data	    bss	    dec	    hex	filename
  26180	    484	   1796	  28460	   6f2c	pseudo_parallel_v2.elf
Finished building: default.size.stdout
 
Finished building: pseudo_parallel_v2.list
 
00:45:56 **** Incremental Build of configuration Debug for project pseudo_parallel_v2 ****
make -j4 all 
arm-none-eabi-gcc "../user/task.c" -mcpu=cortex-m3 -std=gnu11 -g3 -DDEBUG -DUSE_HAL_DRIVER -DSTM32F103xB -c -I../Core/Inc -I"C:/Users/peter/OneDrive/Desktop/Github/stm32_pseudo_parallel/pseudo_parallel_v2/user" -I../Drivers/STM32F1xx_HAL_Driver/Inc/Legacy -I../Drivers/STM32F1xx_HAL_Driver/Inc -I../Drivers/CMSIS/Device/ST/STM32F1xx/Include -I../Drivers/CMSIS/Include -O0 -ffunction-sections -fdata-sections -Wall -fstack-usage -fcyclomatic-complexity -MMD -MP -MF"user/task.d" -MT"user/task.o" --specs=nano.specs -mfloat-abi=soft -mthumb -o "user/task.o"
../user/task.c: In function '_print':
../user/task.c:91:29: error: incompatible type for argument 1 of '_dtoa_r'
   91 |                     _dtoa_r(x,10,2,ch);
      |                             ^
      |                             |
      |                             double
In file included from ../user/task.c:11:
c:\st\stm32cubeide_1.10.1\stm32cubeide\plugins\com.st.stm32cube.ide.mcu.externaltools.gnu-tools-for-stm32.10.3-2021.10.win32_1.0.200.202301161003\tools\arm-none-eabi\include\stdlib.h:292:17: note: expected 'struct _reent *' but argument is of type 'double'
  292 | char * _dtoa_r (struct _reent *, double, int, int, int *, int*, char**);
      |                 ^~~~~~~~~~~~~~~
../user/task.c:91:36: warning: passing argument 4 of '_dtoa_r' makes integer from pointer without a cast [-Wint-conversion]
   91 |                     _dtoa_r(x,10,2,ch);
      |                                    ^~
      |                                    |
      |                                    char *
In file included from ../user/task.c:11:
c:\st\stm32cubeide_1.10.1\stm32cubeide\plugins\com.st.stm32cube.ide.mcu.externaltools.gnu-tools-for-stm32.10.3-2021.10.win32_1.0.200.202301161003\tools\arm-none-eabi\include\stdlib.h:292:47: note: expected 'int' but argument is of type 'char *'
  292 | char * _dtoa_r (struct _reent *, double, int, int, int *, int*, char**);
      |                                               ^~~
../user/task.c:91:21: error: too few arguments to function '_dtoa_r'
   91 |                     _dtoa_r(x,10,2,ch);
      |                     ^~~~~~~
In file included from ../user/task.c:11:
c:\st\stm32cubeide_1.10.1\stm32cubeide\plugins\com.st.stm32cube.ide.mcu.externaltools.gnu-tools-for-stm32.10.3-2021.10.win32_1.0.200.202301161003\tools\arm-none-eabi\include\stdlib.h:292:8: note: declared here
  292 | char * _dtoa_r (struct _reent *, double, int, int, int *, int*, char**);
      |        ^~~~~~~
At top level:
../user/task.c:69:12: warning: '_print' defined but not used [-Wunused-function]
   69 | static int _print(const char *format, ...){
      |            ^~~~~~
make: *** [user/subdir.mk:22: user/task.o] Error 1
"make -j4 all" terminated with exit code 2. Build might be incomplete.
00:46:33 **** Incremental Build of configuration Debug for project pseudo_parallel_v2 ****
make -j4 all 
arm-none-eabi-gcc "../user/task.c" -mcpu=cortex-m3 -std=gnu11 -g3 -DDEBUG -DUSE_HAL_DRIVER -DSTM32F103xB -c -I../Core/Inc -I"C:/Users/peter/OneDrive/Desktop/Github/stm32_pseudo_parallel/pseudo_parallel_v2/user" -I../Drivers/STM32F1xx_HAL_Driver/Inc/Legacy -I../Drivers/STM32F1xx_HAL_Driver/Inc -I../Drivers/CMSIS/Device/ST/STM32F1xx/Include -I../Drivers/CMSIS/Include -O0 -ffunction-sections -fdata-sections -Wall -fstack-usage -fcyclomatic-complexity -MMD -MP -MF"user/task.d" -MT"user/task.o" --specs=nano.specs -mfloat-abi=soft -mthumb -o "user/task.o"
arm-none-eabi-gcc -o "pseudo_parallel_v2.elf" @"objects.list"   -mcpu=cortex-m3 -T"C:\Users\peter\OneDrive\Desktop\Github\stm32_pseudo_parallel\pseudo_parallel_v2\STM32F103C8TX_FLASH.ld" --specs=nosys.specs -Wl,-Map="pseudo_parallel_v2.map" -Wl,--gc-sections -static --specs=nano.specs -mfloat-abi=soft -mthumb -u _printf_float -Wl,--start-group -lc -lm -Wl,--end-group
Finished building target: pseudo_parallel_v2.elf
 
arm-none-eabi-size   pseudo_parallel_v2.elf 
arm-none-eabi-objdump -h -S  pseudo_parallel_v2.elf  > "pseudo_parallel_v2.list"
   text	   data	    bss	    dec	    hex	filename
  26164	    484	   1796	  28444	   6f1c	pseudo_parallel_v2.elf
Finished building: default.size.stdout
 
Finished building: pseudo_parallel_v2.list
 
00:46:55 **** Incremental Build of configuration Debug for project pseudo_parallel_v2 ****
make -j4 all 
arm-none-eabi-gcc -o "pseudo_parallel_v2.elf" @"objects.list"   -mcpu=cortex-m3 -T"C:\Users\peter\OneDrive\Desktop\Github\stm32_pseudo_parallel\pseudo_parallel_v2\STM32F103C8TX_FLASH.ld" --specs=nosys.specs -Wl,-Map="pseudo_parallel_v2.map" -Wl,--gc-sections -static --specs=nano.specs -mfloat-abi=soft -mthumb -Wl,--start-group -lc -lm -Wl,--end-group
Finished building target: pseudo_parallel_v2.elf
 
arm-none-eabi-size   pseudo_parallel_v2.elf 
arm-none-eabi-objdump -h -S  pseudo_parallel_v2.elf  > "pseudo_parallel_v2.list"
   text	   data	    bss	    dec	    hex	filename
  16868	    120	   1800	  18788	   4964	pseudo_parallel_v2.elf
Finished building: default.size.stdout
 
Finished building: pseudo_parallel_v2.list
 
00:47:00 **** Incremental Build of configuration Debug for project pseudo_parallel_v2 ****
make -j4 all 
arm-none-eabi-size   pseudo_parallel_v2.elf 
   text	   data	    bss	    dec	    hex	filename
  16868	    120	   1800	  18788	   4964	pseudo_parallel_v2.elf
Finished building: default.size.stdout
 
00:47:54 **** Incremental Build of configuration Debug for project pseudo_parallel_v2 ****
make -j4 all 
arm-none-eabi-gcc "../user/user.c" -mcpu=cortex-m3 -std=gnu11 -g3 -DDEBUG -DUSE_HAL_DRIVER -DSTM32F103xB -c -I../Core/Inc -I"C:/Users/peter/OneDrive/Desktop/Github/stm32_pseudo_parallel/pseudo_parallel_v2/user" -I../Drivers/STM32F1xx_HAL_Driver/Inc/Legacy -I../Drivers/STM32F1xx_HAL_Driver/Inc -I../Drivers/CMSIS/Device/ST/STM32F1xx/Include -I../Drivers/CMSIS/Include -O0 -ffunction-sections -fdata-sections -Wall -fstack-usage -fcyclomatic-complexity -MMD -MP -MF"user/user.d" -MT"user/user.o" --specs=nano.specs -mfloat-abi=soft -mthumb -o "user/user.o"
arm-none-eabi-gcc -o "pseudo_parallel_v2.elf" @"objects.list"   -mcpu=cortex-m3 -T"C:\Users\peter\OneDrive\Desktop\Github\stm32_pseudo_parallel\pseudo_parallel_v2\STM32F103C8TX_FLASH.ld" --specs=nosys.specs -Wl,-Map="pseudo_parallel_v2.map" -Wl,--gc-sections -static --specs=nano.specs -mfloat-abi=soft -mthumb -Wl,--start-group -lc -lm -Wl,--end-group
Finished building target: pseudo_parallel_v2.elf
 
arm-none-eabi-size   pseudo_parallel_v2.elf 
arm-none-eabi-objdump -h -S  pseudo_parallel_v2.elf  > "pseudo_parallel_v2.list"
   text	   data	    bss	    dec	    hex	filename
  15972	    120	   1800	  17892	   45e4	pseudo_parallel_v2.elf
Finished building: default.size.stdout
 
Finished building: pseudo_parallel_v2.list
 
00:48:29 **** Incremental Build of configuration Debug for project pseudo_parallel_v2 ****
make -j4 all 
arm-none-eabi-gcc "../user/user.c" -mcpu=cortex-m3 -std=gnu11 -g3 -DDEBUG -DUSE_HAL_DRIVER -DSTM32F103xB -c -I../Core/Inc -I"C:/Users/peter/OneDrive/Desktop/Github/stm32_pseudo_parallel/pseudo_parallel_v2/user" -I../Drivers/STM32F1xx_HAL_Driver/Inc/Legacy -I../Drivers/STM32F1xx_HAL_Driver/Inc -I../Drivers/CMSIS/Device/ST/STM32F1xx/Include -I../Drivers/CMSIS/Include -O0 -ffunction-sections -fdata-sections -Wall -fstack-usage -fcyclomatic-complexity -MMD -MP -MF"user/user.d" -MT"user/user.o" --specs=nano.specs -mfloat-abi=soft -mthumb -o "user/user.o"
arm-none-eabi-gcc -o "pseudo_parallel_v2.elf" @"objects.list"   -mcpu=cortex-m3 -T"C:\Users\peter\OneDrive\Desktop\Github\stm32_pseudo_parallel\pseudo_parallel_v2\STM32F103C8TX_FLASH.ld" --specs=nosys.specs -Wl,-Map="pseudo_parallel_v2.map" -Wl,--gc-sections -static --specs=nano.specs -mfloat-abi=soft -mthumb -Wl,--start-group -lc -lm -Wl,--end-group
Finished building target: pseudo_parallel_v2.elf
 
arm-none-eabi-size   pseudo_parallel_v2.elf 
arm-none-eabi-objdump -h -S  pseudo_parallel_v2.elf  > "pseudo_parallel_v2.list"
   text	   data	    bss	    dec	    hex	filename
  16044	    120	   1800	  17964	   462c	pseudo_parallel_v2.elf
Finished building: default.size.stdout
 
Finished building: pseudo_parallel_v2.list
 
